Timestamp           | Level    | Location                             | Message
--------------------+----------+--------------------------------------+---------------------------------------------------
2026-06-11 19:17:36 | INFO     | [logger_...:setup_logger      : 130] | ℹ️ Logger 'ImgClassPipe' initialized. Log file: C:\Users\Stefan Alexandrescu\Documents\GitHub\UBB-Y3-AI-Research\model_src\experiments\CCSN\pvit\20260611_191736_seed42\executor_run_20260611_191736_seed42.log
2026-06-11 19:17:36 | INFO     | [executor  :__init__          : 121] | ℹ️ Local main executor log file for this run (may be temporary): C:\Users\Stefan Alexandrescu\Documents\GitHub\UBB-Y3-AI-Research\model_src\experiments\CCSN\pvit\20260611_191736_seed42\executor_run_20260611_191736_seed42.log
2026-06-11 19:17:36 | INFO     | [executor  :__init__          : 126] | ℹ️ --- Starting Executor Run (ID: 20260611_191736_seed42) ---
2026-06-11 19:17:36 | INFO     | [executor  :__init__          : 127] | ℹ️ Executor initialized for model 'pvit' on dataset 'CCSN'
2026-06-11 19:17:36 | INFO     | [executor  :__init__          : 130] | ℹ️ Local artifact storage base: C:\Users\Stefan Alexandrescu\Documents\GitHub\UBB-Y3-AI-Research\model_src
2026-06-11 19:17:36 | INFO     | [executor  :__init__          : 134] | ℹ️ Base key/prefix for this executor run's artifacts: experiments/CCSN/pvit/20260611_191736_seed42
2026-06-11 19:17:36 | INFO     | [pipeline  :__init__          : 165] | ℹ️ Initializing Classification Pipeline:
2026-06-11 19:17:36 | INFO     | [pipeline  :__init__          : 166] | ℹ️   Dataset Path: C:\Users\Stefan Alexandrescu\Documents\GitHub\UBB-Y3-AI-Research\model_src\data\CCSN
2026-06-11 19:17:36 | INFO     | [pipeline  :__init__          : 167] | ℹ️   Model Type: pvit
2026-06-11 19:17:36 | INFO     | [pipeline  :__init__          : 170] | ℹ️   Artifact base key prefix for this run: experiments/CCSN/pvit/20260611_191736_seed42 (using LocalFileSystemRepository)
2026-06-11 19:17:36 | INFO     | [pipeline  :__init__          : 174] | ℹ️   Default Augmentation Strategy: AugmentationStrategy.CCSN_MODERATE
2026-06-11 19:17:36 | INFO     | [pipeline  :__init__          : 175] | ℹ️   Default Show First Batch Aug: True
2026-06-11 19:17:36 | INFO     | [dataset...:__init__          : 529] | ℹ️ Using augmentation strategy: AugmentationStrategy.CCSN_MODERATE
2026-06-11 19:17:36 | INFO     | [dataset...:__init__          : 560] | ℹ️ Detected dataset structure: flat
2026-06-11 19:17:36 | INFO     | [dataset...:_load_paths_and...: 787] | ℹ️ Scanning FLAT dataset from C:\Users\Stefan Alexandrescu\Documents\GitHub\UBB-Y3-AI-Research\model_src\data\CCSN...
2026-06-11 19:17:36 | INFO     | [dataset...:_load_paths_and...: 874] | ℹ️ Final Original Dataset sizes: 2288 original train+val, 255 original test. Offline augmented samples loaded: 0.
2026-06-11 19:17:36 | INFO     | [dataset...:__init__          : 586] | ℹ️ Found 11 classes: Ac, As, Cb, Cc, Ci, Cs, Ct, Cu, Ns, Sc, St
2026-06-11 19:17:36 | INFO     | [dataset...:_calculate_clas...: 676] | ℹ️ Calculating class weights for the training set...
2026-06-11 19:17:36 | INFO     | [dataset...:_calculate_clas...: 690] | ℹ️ Calculated class weights (for classes 0 to 10):
2026-06-11 19:17:36 | INFO     | [dataset...:_calculate_clas...: 692] | ℹ️   - Ac (Class 0): 1.0452
2026-06-11 19:17:36 | INFO     | [dataset...:_calculate_clas...: 692] | ℹ️   - As (Class 1): 1.2308
2026-06-11 19:17:36 | INFO     | [dataset...:_calculate_clas...: 692] | ℹ️   - Cb (Class 2): 0.9541
2026-06-11 19:17:36 | INFO     | [dataset...:_calculate_clas...: 692] | ℹ️   - Cc (Class 3): 0.8631
2026-06-11 19:17:36 | INFO     | [dataset...:_calculate_clas...: 692] | ℹ️   - Ci (Class 4): 1.6640
2026-06-11 19:17:36 | INFO     | [dataset...:_calculate_clas...: 692] | ℹ️   - Cs (Class 5): 0.8062
2026-06-11 19:17:36 | INFO     | [dataset...:_calculate_clas...: 692] | ℹ️   - Ct (Class 6): 1.1556
2026-06-11 19:17:36 | INFO     | [dataset...:_calculate_clas...: 692] | ℹ️   - Cu (Class 7): 1.2683
2026-06-11 19:17:36 | INFO     | [dataset...:_calculate_clas...: 692] | ℹ️   - Ns (Class 8): 0.8455
2026-06-11 19:17:36 | INFO     | [dataset...:_calculate_clas...: 692] | ℹ️   - Sc (Class 9): 0.6797
2026-06-11 19:17:36 | INFO     | [dataset...:_calculate_clas...: 692] | ℹ️   - St (Class 10): 1.1429
2026-06-11 19:17:36 | INFO     | [dataset...:__init__          : 592] | ℹ️ Dataset sizes: 2288 train+val, 255 test. Total: 2543
2026-06-11 19:17:36 | INFO     | [pipeline  :__init__          : 185] | ℹ️   Artifact base key prefix for this run: experiments/CCSN/pvit/20260611_191736_seed42 (using LocalFileSystemRepository)
2026-06-11 19:17:36 | INFO     | [pipeline  :__init__          : 212] | ℹ️   Using Optimizer: AdamW
2026-06-11 19:17:36 | DEBUG    | [callbacks :get_default_cal...: 172] | 🐞 Default LRScheduler callback instance created with policy: ReduceLROnPlateau, kwargs: {'patience': 2, 'mode': 'min', 'factor': 0.1, 'min_lr': 1e-06, 'verbose': False}, monitor: valid_loss
2026-06-11 19:17:36 | INFO     | [pipeline  :__init__          : 230] | ℹ️ Weighted loss is enabled. Passing class weights to criterion.
2026-06-11 19:17:36 | INFO     | [pipeline  :__init__          : 269] | ℹ️   Model Adapter: Initialized with PretrainedViT
2026-06-11 19:17:36 | DEBUG    | [executor  :_validate_methods : 189] | 🐞 Basic method validation successful.
2026-06-11 19:17:36 | INFO     | [executor  :__init__          : 168] | ℹ️ Executor configured to run methods: cv_model_evaluation
2026-06-11 19:17:36 | INFO     | [executor  :run               : 237] | ℹ️ Starting execution of methods for Executor Run ID: 20260611_191736_seed42
2026-06-11 19:17:36 | INFO     | [executor  :run               : 246] | ℹ️ --- Running Method 1/1: cv_model_evaluation (Op ID: cv_model_evaluation_0) ---
2026-06-11 19:17:36 | DEBUG    | [executor  :run               : 291] | 🐞 Running method 'cv_model_evaluation' with effective parameters: {'params': {'max_epochs': 70, 'lr': 5e-05, 'batch_size': 16, 'optimizer': 'AdamW', 'optimizer__weight_decay': 0.2, 'callbacks__default_lr_scheduler__policy': 'CosineAnnealingLR', 'callbacks__default_lr_scheduler__T_max': 70, 'callbacks__default_lr_scheduler__eta_min': 1e-06, 'callbacks__default_early_stopping__patience': 15, 'cutmix_alpha': 1.0, 'cutmix_probability': 0.9, 'module__vit_model_variant': 'vit_b_16', 'module__pretrained': True, 'module__unfreeze_strategy': 'encoder_tail', 'module__num_transformer_blocks_to_unfreeze': 6, 'module__unfreeze_cls_token': True, 'module__unfreeze_pos_embedding': True, 'module__unfreeze_patch_embedding': False, 'module__unfreeze_encoder_layernorm': True, 'module__custom_head_hidden_dims': None, 'module__head_dropout_rate': 0.5, 'iterator_train__shuffle': True}, 'val_split_ratio': 0.11111111111111112, 'cv': 10, 'evaluate_on': 'full', 'results_detail_level': 2}
2026-06-11 19:17:36 | INFO     | [pipeline  :cv_model_evalua...:1354] | ℹ️ Performing 10-fold CV for evaluation with fixed parameters.
2026-06-11 19:17:36 | INFO     | [pipeline  :cv_model_evalua...:1373] | ℹ️ Using full dataset (2543 samples) for CV evaluation.
2026-06-11 19:17:36 | INFO     | [pipeline  :cv_model_evalua...:1397] | ℹ️ Using provided parameters for CV evaluation: {'max_epochs': 70, 'lr': 5e-05, 'batch_size': 16, 'optimizer': 'AdamW', 'optimizer__weight_decay': 0.2, 'callbacks__default_lr_scheduler__policy': 'CosineAnnealingLR', 'callbacks__default_lr_scheduler__T_max': 70, 'callbacks__default_lr_scheduler__eta_min': 1e-06, 'callbacks__default_early_stopping__patience': 15, 'cutmix_alpha': 1.0, 'cutmix_probability': 0.9, 'module__vit_model_variant': 'vit_b_16', 'module__pretrained': True, 'module__unfreeze_strategy': 'encoder_tail', 'module__num_transformer_blocks_to_unfreeze': 6, 'module__unfreeze_cls_token': True, 'module__unfreeze_pos_embedding': True, 'module__unfreeze_patch_embedding': False, 'module__unfreeze_encoder_layernorm': True, 'module__custom_head_hidden_dims': None, 'module__head_dropout_rate': 0.5, 'iterator_train__shuffle': True}
2026-06-11 19:17:36 | DEBUG    | [param_g...:parse_fixed_hyp...: 163] | 🐞 Created LRScheduler instance: policy=CosineAnnealingLR, direct_args={}, constructor_kwargs={'T_max': 70, 'eta_min': 1e-06}
2026-06-11 19:17:36 | INFO     | [pipeline  :cv_model_evalua...:1418] | ℹ️ Skorch internal validation split configured: 11.1% of each CV fold's training data.
2026-06-11 19:17:36 | DEBUG    | [pipeline  :cv_model_evalua...:1445] | 🐞 Will compute detailed metrics (detail_level=2, plot_level=2)
2026-06-11 19:17:36 | INFO     | [pipeline  :cv_model_evalua...:1451] | ℹ️ --- Starting CV Evaluation Fold 1/10 ---
2026-06-11 19:17:36 | DEBUG    | [pipeline  :cv_model_evalua...:1457] | 🐞 Outer split (full set): 2288 train / 255 test samples.
2026-06-11 19:17:36 | DEBUG    | [pipeline  :cv_model_evalua...:1476] | 🐞 Fold 1: Internal split: ~2034 train / ~254 valid.
2026-06-11 19:17:36 | INFO     | [pipeline  :cv_model_evalua...:1486] | ℹ️ Fitting model for fold 1...
2026-06-11 19:17:36 | DEBUG    | [pretrai...:__init__          :  75] | 🐞 Initializing PretrainedViT:
2026-06-11 19:17:36 | DEBUG    | [pretrai...:__init__          :  76] | 🐞   Model Variant: vit_b_16, Pretrained: True
2026-06-11 19:17:36 | DEBUG    | [pretrai...:__init__          :  77] | 🐞   Is Hybrid Input: False
2026-06-11 19:17:36 | DEBUG    | [pretrai...:__init__          :  80] | 🐞   Unfreeze Strategy (Encoder Blocks): encoder_tail
2026-06-11 19:17:36 | DEBUG    | [pretrai...:__init__          :  82] | 🐞   Num Transformer Blocks to Unfreeze: 6
2026-06-11 19:17:36 | DEBUG    | [pretrai...:__init__          :  83] | 🐞   Unfreeze CLS: True, PosEmb: True, PatchEmb: False, EncoderLN: True
2026-06-11 19:17:36 | DEBUG    | [pretrai...:__init__          :  85] | 🐞   Custom Head Hidden Dims: None, Head Dropout: 0.5
2026-06-11 19:17:36 | DEBUG    | [pretrai...:__init__          : 106] | 🐞 Loaded vit_b_16 from torchvision.
2026-06-11 19:17:36 | DEBUG    | [pretrai...:__init__          : 283] | 🐞 Created simple linear head (dropout: 0.5), in_feat=768.
2026-06-11 19:17:36 | INFO     | [pretrai...:__init__          : 293] | ℹ️ PretrainedViT (standard) - Trainable: CLS Token, Positional Embeddings, 6 Encoder Blocks, Encoder LayerNorm, Classification Head.
2026-06-11 19:17:36 | INFO     | [pretrai...:__init__          : 313] | ℹ️ PretrainedViT (standard): Trainable params: 42.69M / Total params: 85.81M (49.75%)
2026-06-11 19:17:36 | DEBUG    | [adapter   :get_split_datasets: 205] | 🐞 Validation split for fold created with 255 original samples.
2026-06-11 19:17:36 | DEBUG    | [adapter   :get_split_datasets: 245] | 🐞 No offline augmentations will be applied.
2026-06-11 19:17:36 | DEBUG    | [adapter   :get_split_datasets: 252] | 🐞 Total training split for fold created with 2033 samples.
2026-06-11 19:17:36 | DEBUG    | [adapter   :get_iterator      : 373] | 🐞 Creating DataLoader for training: dataset_len=2033, batch_size=16, shuffle=True, drop_last=False, collate_fn_type='function', loader_kwargs={'num_workers': 0, 'pin_memory': False}
2026-06-11 19:17:36 | DEBUG    | [adapter   :get_iterator      : 373] | 🐞 Creating DataLoader for validation/evaluation: dataset_len=255, batch_size=16, shuffle=False, drop_last=False, collate_fn_type='function', loader_kwargs={'num_workers': 0, 'pin_memory': False}
2026-06-11 19:17:57 | INFO     | [callbacks :on_epoch_end      : 131] | ℹ️   epoch    train_acc    train_loss    valid_acc    valid_loss   cp           lr      dur
2026-06-11 19:17:57 | INFO     | [callbacks :on_epoch_end      : 131] | ℹ️ -------  -----------  ------------  -----------  ------------  ----  ----------  -------
2026-06-11 19:17:57 | INFO     | [callbacks :on_epoch_end      : 131] | ℹ️       1     ▲ 0.2504      ▼ 2.1458     ▲ 0.4706      ▼ 1.5511        4.9975e-05  20.8872
2026-06-11 19:18:16 | INFO     | [callbacks :on_epoch_end      : 131] | ℹ️       2     ▲ 0.3856      ▼ 1.8424       0.4627      ▼ 1.4006        4.9901e-05  18.6576
2026-06-11 19:18:34 | INFO     | [callbacks :on_epoch_end      : 131] | ℹ️       3     ▲ 0.4442      ▼ 1.7198     ▲ 0.5059      ▼ 1.3447        4.9778e-05  18.5754
2026-06-11 19:18:53 | INFO     | [callbacks :on_epoch_end      : 131] | ℹ️       4     ▲ 0.4801      ▼ 1.6143     ▲ 0.5569      ▼ 1.1910        4.9606e-05  18.4496
2026-06-11 19:19:11 | INFO     | [callbacks :on_epoch_end      : 131] | ℹ️       5     ▲ 0.4958      ▼ 1.5503     ▲ 0.5765        1.2275        4.9386e-05  18.5944
2026-06-11 19:19:30 | INFO     | [callbacks :on_epoch_end      : 131] | ℹ️       6     ▲ 0.5347      ▼ 1.4454       0.5647         1.226        4.9117e-05  18.53
2026-06-11 19:19:49 | INFO     | [callbacks :on_epoch_end      : 131] | ℹ️       7     ▲ 0.5676      ▼ 1.3846       0.5294        1.2441        4.8801e-05  18.5661
2026-06-11 19:20:07 | INFO     | [callbacks :on_epoch_end      : 131] | ℹ️       8     ▲ 0.5991      ▼ 1.2948     ▲ 0.5843        1.2028        4.8438e-05  18.7468
2026-06-11 19:20:26 | INFO     | [callbacks :on_epoch_end      : 131] | ℹ️       9     ▲ 0.6424      ▼ 1.2705        0.549        1.2788        4.8028e-05  18.4199
2026-06-11 19:20:44 | INFO     | [callbacks :on_epoch_end      : 131] | ℹ️      10     ▲ 0.6695      ▼ 1.1957       0.5686        1.3338        4.7574e-05  18.5356
2026-06-11 19:21:03 | INFO     | [callbacks :on_epoch_end      : 131] | ℹ️      11       0.6321      ▼ 1.1169       0.5529        1.2722        4.7075e-05  18.523
2026-06-11 19:21:21 | INFO     | [callbacks :on_epoch_end      : 131] | ℹ️      12     ▲ 0.6719      ▼ 1.1158       0.5098        1.4131        4.6532e-05  18.3647
2026-06-11 19:21:40 | INFO     | [callbacks :on_epoch_end      : 131] | ℹ️      13     ▲ 0.7039      ▼ 1.0887       0.5451        1.5338        4.5947e-05  18.4901
2026-06-11 19:21:58 | INFO     | [callbacks :on_epoch_end      : 131] | ℹ️      14     ▲ 0.7368      ▼ 1.0397     ▲ 0.6000        1.4018        4.5321e-05  18.4092
2026-06-11 19:22:16 | INFO     | [callbacks :on_epoch_end      : 131] | ℹ️      15       0.7255      ▼ 0.9838       0.5843        1.4758        4.4655e-05  18.3092
2026-06-11 19:22:35 | INFO     | [callbacks :on_epoch_end      : 131] | ℹ️      16       0.7073        1.0165       0.5608        1.3899        4.395e-05  18.3825
2026-06-11 19:22:54 | INFO     | [callbacks :on_epoch_end      : 131] | ℹ️      17     ▲ 0.7486      ▼ 0.9783       0.5686        1.5142        4.3208e-05  18.6977
2026-06-11 19:23:12 | INFO     | [callbacks :on_epoch_end      : 131] | ℹ️      18       0.7226      ▼ 0.9255       0.5961        1.5463        4.2431e-05  18.5081
2026-06-11 19:23:31 | INFO     | [pipeline  :cv_model_evalua...:1500] | ℹ️ Using best model from epoch 19
2026-06-11 19:23:31 | INFO     | [pipeline  :cv_model_evalua...:1503] | ℹ️ Evaluating model on outer test set for fold 1...
2026-06-11 19:23:31 | DEBUG    | [adapter   :get_iterator      : 373] | 🐞 Creating DataLoader for validation/evaluation: dataset_len=255, batch_size=16, shuffle=False, drop_last=False, collate_fn_type='function', loader_kwargs={'num_workers': 0, 'pin_memory': False}
2026-06-11 19:23:31 | DEBUG    | [adapter   :get_iterator      : 373] | 🐞 Creating DataLoader for validation/evaluation: dataset_len=255, batch_size=16, shuffle=False, drop_last=False, collate_fn_type='function', loader_kwargs={'num_workers': 0, 'pin_memory': False}
2026-06-11 19:23:32 | DEBUG    | [pipeline  :_compute_metrics  : 479] | 🐞 Computed Metrics: Acc=0.5490, Macro F1=0.5434
2026-06-11 19:23:32 | INFO     | [pipeline  :cv_model_evalua...:1522] | ℹ️ Fold 1 Test Scores: Acc=0.5490, F1=0.5434
2026-06-11 19:23:32 | INFO     | [pipeline  :cv_model_evalua...:1451] | ℹ️ --- Starting CV Evaluation Fold 2/10 ---
2026-06-11 19:23:32 | DEBUG    | [pipeline  :cv_model_evalua...:1457] | 🐞 Outer split (full set): 2288 train / 255 test samples.
2026-06-11 19:23:32 | DEBUG    | [pipeline  :cv_model_evalua...:1476] | 🐞 Fold 2: Internal split: ~2034 train / ~254 valid.
2026-06-11 19:23:32 | INFO     | [pipeline  :cv_model_evalua...:1486] | ℹ️ Fitting model for fold 2...
2026-06-11 19:23:32 | DEBUG    | [pretrai...:__init__          :  75] | 🐞 Initializing PretrainedViT:
2026-06-11 19:23:32 | DEBUG    | [pretrai...:__init__          :  76] | 🐞   Model Variant: vit_b_16, Pretrained: True
2026-06-11 19:23:32 | DEBUG    | [pretrai...:__init__          :  77] | 🐞   Is Hybrid Input: False
2026-06-11 19:23:32 | DEBUG    | [pretrai...:__init__          :  80] | 🐞   Unfreeze Strategy (Encoder Blocks): encoder_tail
2026-06-11 19:23:32 | DEBUG    | [pretrai...:__init__          :  82] | 🐞   Num Transformer Blocks to Unfreeze: 6
2026-06-11 19:23:32 | DEBUG    | [pretrai...:__init__          :  83] | 🐞   Unfreeze CLS: True, PosEmb: True, PatchEmb: False, EncoderLN: True
2026-06-11 19:23:32 | DEBUG    | [pretrai...:__init__          :  85] | 🐞   Custom Head Hidden Dims: None, Head Dropout: 0.5
2026-06-11 19:23:33 | DEBUG    | [pretrai...:__init__          : 106] | 🐞 Loaded vit_b_16 from torchvision.
2026-06-11 19:23:33 | DEBUG    | [pretrai...:__init__          : 283] | 🐞 Created simple linear head (dropout: 0.5), in_feat=768.
2026-06-11 19:23:33 | INFO     | [pretrai...:__init__          : 293] | ℹ️ PretrainedViT (standard) - Trainable: CLS Token, Positional Embeddings, 6 Encoder Blocks, Encoder LayerNorm, Classification Head.
2026-06-11 19:23:33 | INFO     | [pretrai...:__init__          : 313] | ℹ️ PretrainedViT (standard): Trainable params: 42.69M / Total params: 85.81M (49.75%)
2026-06-11 19:23:33 | DEBUG    | [adapter   :get_split_datasets: 205] | 🐞 Validation split for fold created with 255 original samples.
2026-06-11 19:23:33 | DEBUG    | [adapter   :get_split_datasets: 245] | 🐞 No offline augmentations will be applied.
2026-06-11 19:23:33 | DEBUG    | [adapter   :get_split_datasets: 252] | 🐞 Total training split for fold created with 2033 samples.
2026-06-11 19:23:33 | DEBUG    | [adapter   :get_iterator      : 373] | 🐞 Creating DataLoader for training: dataset_len=2033, batch_size=16, shuffle=True, drop_last=False, collate_fn_type='function', loader_kwargs={'num_workers': 0, 'pin_memory': False}
2026-06-11 19:23:33 | DEBUG    | [adapter   :get_iterator      : 373] | 🐞 Creating DataLoader for validation/evaluation: dataset_len=255, batch_size=16, shuffle=False, drop_last=False, collate_fn_type='function', loader_kwargs={'num_workers': 0, 'pin_memory': False}
2026-06-11 19:23:53 | INFO     | [callbacks :on_epoch_end      : 131] | ℹ️   epoch    train_acc    train_loss    valid_acc    valid_loss   cp           lr      dur
2026-06-11 19:23:53 | INFO     | [callbacks :on_epoch_end      : 131] | ℹ️ -------  -----------  ------------  -----------  ------------  ----  ----------  -------
2026-06-11 19:23:53 | INFO     | [callbacks :on_epoch_end      : 131] | ℹ️       1     ▲ 0.2641      ▼ 2.1657     ▲ 0.4000      ▼ 1.6703        4.9975e-05  20.0956
2026-06-11 19:24:11 | INFO     | [callbacks :on_epoch_end      : 131] | ℹ️       2     ▲ 0.3758      ▼ 1.8430     ▲ 0.4824      ▼ 1.5223        4.9901e-05  18.5415
2026-06-11 19:24:30 | INFO     | [callbacks :on_epoch_end      : 131] | ℹ️       3     ▲ 0.4402      ▼ 1.7449       0.4549      ▼ 1.4468        4.9778e-05  18.466
2026-06-11 19:24:48 | INFO     | [callbacks :on_epoch_end      : 131] | ℹ️       4     ▲ 0.4624      ▼ 1.6361     ▲ 0.5412      ▼ 1.3257        4.9606e-05  18.4986
2026-06-11 19:25:07 | INFO     | [callbacks :on_epoch_end      : 131] | ℹ️       5     ▲ 0.5239      ▼ 1.5015     ▲ 0.5608        1.3417        4.9386e-05  18.5303
2026-06-11 19:25:26 | INFO     | [callbacks :on_epoch_end      : 131] | ℹ️       6     ▲ 0.5509      ▼ 1.4110     ▲ 0.5647        1.4504        4.9117e-05  18.5511
2026-06-11 19:25:44 | INFO     | [callbacks :on_epoch_end      : 131] | ℹ️       7     ▲ 0.5814      ▼ 1.3730     ▲ 0.5686        1.3314        4.8801e-05  18.5226
2026-06-11 19:26:03 | INFO     | [callbacks :on_epoch_end      : 131] | ℹ️       8     ▲ 0.5967      ▼ 1.3196       0.5569      ▼ 1.2992        4.8438e-05  18.5006
2026-06-11 19:26:21 | INFO     | [callbacks :on_epoch_end      : 131] | ℹ️       9     ▲ 0.6463      ▼ 1.2208     ▲ 0.5686        1.3215        4.8028e-05  18.5091
2026-06-11 19:26:40 | INFO     | [callbacks :on_epoch_end      : 131] | ℹ️      10       0.6444        1.2241       0.5647         1.355        4.7574e-05  18.4705
2026-06-11 19:26:58 | INFO     | [callbacks :on_epoch_end      : 131] | ℹ️      11     ▲ 0.6478      ▼ 1.1740       0.5608        1.3656        4.7075e-05  18.4527
2026-06-11 19:27:16 | INFO     | [callbacks :on_epoch_end      : 131] | ℹ️      12     ▲ 0.6586      ▼ 1.1673     ▲ 0.5725        1.3383        4.6532e-05  18.4322
2026-06-11 19:27:35 | INFO     | [callbacks :on_epoch_end      : 131] | ℹ️      13     ▲ 0.6886      ▼ 1.0649       0.5451         1.357        4.5947e-05  18.4708
2026-06-11 19:27:53 | INFO     | [callbacks :on_epoch_end      : 131] | ℹ️      14       0.6734        1.0653     ▲ 0.5765        1.3017        4.5321e-05  18.4119
2026-06-11 19:28:12 | INFO     | [callbacks :on_epoch_end      : 131] | ℹ️      15     ▲ 0.7147      ▼ 1.0307       0.5686        1.4275        4.4655e-05  18.3651
2026-06-11 19:28:32 | INFO     | [callbacks :on_epoch_end      : 131] | ℹ️      16       0.7083         1.071     ▲ 0.6000        1.4138        4.395e-05  20.4662
2026-06-11 19:28:51 | INFO     | [callbacks :on_epoch_end      : 131] | ℹ️      17          0.7      ▼ 0.9852       0.5608        1.4017        4.3208e-05  18.6395
2026-06-11 19:29:09 | INFO     | [callbacks :on_epoch_end      : 131] | ℹ️      18        0.694        1.0279     ▲ 0.6196        1.3567        4.2431e-05  18.3326
2026-06-11 19:29:28 | INFO     | [callbacks :on_epoch_end      : 131] | ℹ️      19     ▲ 0.7162        0.9927       0.5882        1.3978        4.1619e-05  18.4623
2026-06-11 19:29:46 | INFO     | [callbacks :on_epoch_end      : 131] | ℹ️      20     ▲ 0.7349      ▼ 0.9712       0.6118        1.4589        4.0776e-05  18.476
2026-06-11 19:30:05 | INFO     | [callbacks :on_epoch_end      : 131] | ℹ️      21        0.726      ▼ 0.8944       0.5686        1.3909        3.9901e-05  18.4353
2026-06-11 19:30:23 | INFO     | [callbacks :on_epoch_end      : 131] | ℹ️      22     ▲ 0.7501        0.9217     ▲ 0.6235        1.3977        3.8997e-05  18.4139
2026-06-11 19:30:41 | INFO     | [pipeline  :cv_model_evalua...:1500] | ℹ️ Using best model from epoch 23
2026-06-11 19:30:41 | INFO     | [pipeline  :cv_model_evalua...:1503] | ℹ️ Evaluating model on outer test set for fold 2...
2026-06-11 19:30:41 | DEBUG    | [adapter   :get_iterator      : 373] | 🐞 Creating DataLoader for validation/evaluation: dataset_len=255, batch_size=16, shuffle=False, drop_last=False, collate_fn_type='function', loader_kwargs={'num_workers': 0, 'pin_memory': False}
2026-06-11 19:30:42 | DEBUG    | [adapter   :get_iterator      : 373] | 🐞 Creating DataLoader for validation/evaluation: dataset_len=255, batch_size=16, shuffle=False, drop_last=False, collate_fn_type='function', loader_kwargs={'num_workers': 0, 'pin_memory': False}
2026-06-11 19:30:43 | DEBUG    | [pipeline  :_compute_metrics  : 479] | 🐞 Computed Metrics: Acc=0.5098, Macro F1=0.5090
2026-06-11 19:30:43 | INFO     | [pipeline  :cv_model_evalua...:1522] | ℹ️ Fold 2 Test Scores: Acc=0.5098, F1=0.5090
2026-06-11 19:30:43 | INFO     | [pipeline  :cv_model_evalua...:1451] | ℹ️ --- Starting CV Evaluation Fold 3/10 ---
2026-06-11 19:30:43 | DEBUG    | [pipeline  :cv_model_evalua...:1457] | 🐞 Outer split (full set): 2288 train / 255 test samples.
2026-06-11 19:30:43 | DEBUG    | [pipeline  :cv_model_evalua...:1476] | 🐞 Fold 3: Internal split: ~2034 train / ~254 valid.
2026-06-11 19:30:43 | INFO     | [pipeline  :cv_model_evalua...:1486] | ℹ️ Fitting model for fold 3...
2026-06-11 19:30:43 | DEBUG    | [pretrai...:__init__          :  75] | 🐞 Initializing PretrainedViT:
2026-06-11 19:30:43 | DEBUG    | [pretrai...:__init__          :  76] | 🐞   Model Variant: vit_b_16, Pretrained: True
2026-06-11 19:30:43 | DEBUG    | [pretrai...:__init__          :  77] | 🐞   Is Hybrid Input: False
2026-06-11 19:30:43 | DEBUG    | [pretrai...:__init__          :  80] | 🐞   Unfreeze Strategy (Encoder Blocks): encoder_tail
2026-06-11 19:30:43 | DEBUG    | [pretrai...:__init__          :  82] | 🐞   Num Transformer Blocks to Unfreeze: 6
2026-06-11 19:30:43 | DEBUG    | [pretrai...:__init__          :  83] | 🐞   Unfreeze CLS: True, PosEmb: True, PatchEmb: False, EncoderLN: True
2026-06-11 19:30:43 | DEBUG    | [pretrai...:__init__          :  85] | 🐞   Custom Head Hidden Dims: None, Head Dropout: 0.5
2026-06-11 19:30:44 | DEBUG    | [pretrai...:__init__          : 106] | 🐞 Loaded vit_b_16 from torchvision.
2026-06-11 19:30:44 | DEBUG    | [pretrai...:__init__          : 283] | 🐞 Created simple linear head (dropout: 0.5), in_feat=768.
2026-06-11 19:30:44 | INFO     | [pretrai...:__init__          : 293] | ℹ️ PretrainedViT (standard) - Trainable: CLS Token, Positional Embeddings, 6 Encoder Blocks, Encoder LayerNorm, Classification Head.
2026-06-11 19:30:44 | INFO     | [pretrai...:__init__          : 313] | ℹ️ PretrainedViT (standard): Trainable params: 42.69M / Total params: 85.81M (49.75%)
2026-06-11 19:30:44 | DEBUG    | [adapter   :get_split_datasets: 205] | 🐞 Validation split for fold created with 255 original samples.
2026-06-11 19:30:44 | DEBUG    | [adapter   :get_split_datasets: 245] | 🐞 No offline augmentations will be applied.
2026-06-11 19:30:44 | DEBUG    | [adapter   :get_split_datasets: 252] | 🐞 Total training split for fold created with 2033 samples.
2026-06-11 19:30:44 | DEBUG    | [adapter   :get_iterator      : 373] | 🐞 Creating DataLoader for training: dataset_len=2033, batch_size=16, shuffle=True, drop_last=False, collate_fn_type='function', loader_kwargs={'num_workers': 0, 'pin_memory': False}
2026-06-11 19:30:44 | DEBUG    | [adapter   :get_iterator      : 373] | 🐞 Creating DataLoader for validation/evaluation: dataset_len=255, batch_size=16, shuffle=False, drop_last=False, collate_fn_type='function', loader_kwargs={'num_workers': 0, 'pin_memory': False}
2026-06-11 19:31:04 | INFO     | [callbacks :on_epoch_end      : 131] | ℹ️   epoch    train_acc    train_loss    valid_acc    valid_loss   cp           lr      dur
2026-06-11 19:31:04 | INFO     | [callbacks :on_epoch_end      : 131] | ℹ️ -------  -----------  ------------  -----------  ------------  ----  ----------  -------
2026-06-11 19:31:04 | INFO     | [callbacks :on_epoch_end      : 131] | ℹ️       1     ▲ 0.2833      ▼ 2.1082     ▲ 0.4118      ▼ 1.5903        4.9975e-05  20.3122
2026-06-11 19:31:22 | INFO     | [callbacks :on_epoch_end      : 131] | ℹ️       2     ▲ 0.4132      ▼ 1.7866     ▲ 0.5020      ▼ 1.4045        4.9901e-05  18.387
2026-06-11 19:31:41 | INFO     | [callbacks :on_epoch_end      : 131] | ℹ️       3     ▲ 0.4535      ▼ 1.6489     ▲ 0.5255      ▼ 1.3402        4.9778e-05  18.3799
2026-06-11 19:31:59 | INFO     | [callbacks :on_epoch_end      : 131] | ℹ️       4     ▲ 0.4786      ▼ 1.5664       0.5176      ▼ 1.2913        4.9606e-05  18.3428
2026-06-11 19:32:17 | INFO     | [callbacks :on_epoch_end      : 131] | ℹ️       5     ▲ 0.5219      ▼ 1.5104     ▲ 0.5569        1.3042        4.9386e-05  18.4147
2026-06-11 19:32:36 | INFO     | [callbacks :on_epoch_end      : 131] | ℹ️       6     ▲ 0.5499      ▼ 1.4163       0.5412        1.2988        4.9117e-05  18.3971
2026-06-11 19:32:54 | INFO     | [callbacks :on_epoch_end      : 131] | ℹ️       7     ▲ 0.5765      ▼ 1.3677       0.5412      ▼ 1.2414        4.8801e-05  18.4009
2026-06-11 19:33:13 | INFO     | [callbacks :on_epoch_end      : 131] | ℹ️       8     ▲ 0.6104      ▼ 1.3071       0.5333        1.2879        4.8438e-05  18.4869
2026-06-11 19:33:31 | INFO     | [callbacks :on_epoch_end      : 131] | ℹ️       9     ▲ 0.6114      ▼ 1.2628       0.5216        1.3049        4.8028e-05  18.3697
2026-06-11 19:33:50 | INFO     | [callbacks :on_epoch_end      : 131] | ℹ️      10     ▲ 0.6508      ▼ 1.1715       0.5451        1.3009        4.7574e-05  18.3989
2026-06-11 19:34:08 | INFO     | [callbacks :on_epoch_end      : 131] | ℹ️      11     ▲ 0.6508      ▼ 1.1426       0.5451        1.3807        4.7075e-05  18.4364
2026-06-11 19:34:26 | INFO     | [callbacks :on_epoch_end      : 131] | ℹ️      12     ▲ 0.6675      ▼ 1.1358       0.5294        1.5065        4.6532e-05  18.3023
2026-06-11 19:34:45 | INFO     | [callbacks :on_epoch_end      : 131] | ℹ️      13     ▲ 0.7054      ▼ 1.0598     ▲ 0.5804        1.3905        4.5947e-05  18.4609
2026-06-11 19:35:03 | INFO     | [callbacks :on_epoch_end      : 131] | ℹ️      14       0.6867      ▼ 1.0528       0.5725        1.4616        4.5321e-05  18.3804
2026-06-11 19:35:22 | INFO     | [callbacks :on_epoch_end      : 131] | ℹ️      15        0.664        1.1173        0.549        1.4283        4.4655e-05  18.549
2026-06-11 19:35:40 | INFO     | [callbacks :on_epoch_end      : 131] | ℹ️      16     ▲ 0.7418      ▼ 0.9399       0.5412        1.4754        4.395e-05  18.3731
2026-06-11 19:35:59 | INFO     | [callbacks :on_epoch_end      : 131] | ℹ️      17       0.7368      ▼ 0.8832       0.5333        1.5634        4.3208e-05  18.4244
2026-06-11 19:36:17 | INFO     | [callbacks :on_epoch_end      : 131] | ℹ️      18       0.7221        0.9801       0.5255         1.553        4.2431e-05  18.4289
2026-06-11 19:36:35 | INFO     | [callbacks :on_epoch_end      : 131] | ℹ️      19       0.7113        0.9633       0.5412        1.5389        4.1619e-05  18.3779
2026-06-11 19:36:54 | INFO     | [callbacks :on_epoch_end      : 131] | ℹ️      20       0.7221        0.9583        0.549        1.6534        4.0776e-05  18.501
2026-06-11 19:37:12 | INFO     | [callbacks :on_epoch_end      : 131] | ℹ️      21     ▲ 0.7516        0.9083       0.5647        1.5318        3.9901e-05  18.5355
2026-06-11 19:37:31 | INFO     | [pipeline  :cv_model_evalua...:1500] | ℹ️ Using best model from epoch 22
2026-06-11 19:37:31 | INFO     | [pipeline  :cv_model_evalua...:1503] | ℹ️ Evaluating model on outer test set for fold 3...
2026-06-11 19:37:31 | DEBUG    | [adapter   :get_iterator      : 373] | 🐞 Creating DataLoader for validation/evaluation: dataset_len=255, batch_size=16, shuffle=False, drop_last=False, collate_fn_type='function', loader_kwargs={'num_workers': 0, 'pin_memory': False}
2026-06-11 19:37:32 | DEBUG    | [adapter   :get_iterator      : 373] | 🐞 Creating DataLoader for validation/evaluation: dataset_len=255, batch_size=16, shuffle=False, drop_last=False, collate_fn_type='function', loader_kwargs={'num_workers': 0, 'pin_memory': False}
2026-06-11 19:37:32 | DEBUG    | [pipeline  :_compute_metrics  : 479] | 🐞 Computed Metrics: Acc=0.5686, Macro F1=0.5622
2026-06-11 19:37:32 | INFO     | [pipeline  :cv_model_evalua...:1522] | ℹ️ Fold 3 Test Scores: Acc=0.5686, F1=0.5622
2026-06-11 19:37:32 | INFO     | [pipeline  :cv_model_evalua...:1451] | ℹ️ --- Starting CV Evaluation Fold 4/10 ---
2026-06-11 19:37:32 | DEBUG    | [pipeline  :cv_model_evalua...:1457] | 🐞 Outer split (full set): 2289 train / 254 test samples.
2026-06-11 19:37:32 | DEBUG    | [pipeline  :cv_model_evalua...:1476] | 🐞 Fold 4: Internal split: ~2035 train / ~254 valid.
2026-06-11 19:37:32 | INFO     | [pipeline  :cv_model_evalua...:1486] | ℹ️ Fitting model for fold 4...
2026-06-11 19:37:32 | DEBUG    | [pretrai...:__init__          :  75] | 🐞 Initializing PretrainedViT:
2026-06-11 19:37:32 | DEBUG    | [pretrai...:__init__          :  76] | 🐞   Model Variant: vit_b_16, Pretrained: True
2026-06-11 19:37:32 | DEBUG    | [pretrai...:__init__          :  77] | 🐞   Is Hybrid Input: False
2026-06-11 19:37:32 | DEBUG    | [pretrai...:__init__          :  80] | 🐞   Unfreeze Strategy (Encoder Blocks): encoder_tail
2026-06-11 19:37:32 | DEBUG    | [pretrai...:__init__          :  82] | 🐞   Num Transformer Blocks to Unfreeze: 6
2026-06-11 19:37:32 | DEBUG    | [pretrai...:__init__          :  83] | 🐞   Unfreeze CLS: True, PosEmb: True, PatchEmb: False, EncoderLN: True
2026-06-11 19:37:32 | DEBUG    | [pretrai...:__init__          :  85] | 🐞   Custom Head Hidden Dims: None, Head Dropout: 0.5
2026-06-11 19:37:33 | DEBUG    | [pretrai...:__init__          : 106] | 🐞 Loaded vit_b_16 from torchvision.
2026-06-11 19:37:33 | DEBUG    | [pretrai...:__init__          : 283] | 🐞 Created simple linear head (dropout: 0.5), in_feat=768.
2026-06-11 19:37:33 | INFO     | [pretrai...:__init__          : 293] | ℹ️ PretrainedViT (standard) - Trainable: CLS Token, Positional Embeddings, 6 Encoder Blocks, Encoder LayerNorm, Classification Head.
2026-06-11 19:37:33 | INFO     | [pretrai...:__init__          : 313] | ℹ️ PretrainedViT (standard): Trainable params: 42.69M / Total params: 85.81M (49.75%)
2026-06-11 19:37:33 | DEBUG    | [adapter   :get_split_datasets: 205] | 🐞 Validation split for fold created with 255 original samples.
2026-06-11 19:37:33 | DEBUG    | [adapter   :get_split_datasets: 245] | 🐞 No offline augmentations will be applied.
2026-06-11 19:37:33 | DEBUG    | [adapter   :get_split_datasets: 252] | 🐞 Total training split for fold created with 2034 samples.
2026-06-11 19:37:33 | DEBUG    | [adapter   :get_iterator      : 373] | 🐞 Creating DataLoader for training: dataset_len=2034, batch_size=16, shuffle=True, drop_last=False, collate_fn_type='function', loader_kwargs={'num_workers': 0, 'pin_memory': False}
2026-06-11 19:37:33 | DEBUG    | [adapter   :get_iterator      : 373] | 🐞 Creating DataLoader for validation/evaluation: dataset_len=255, batch_size=16, shuffle=False, drop_last=False, collate_fn_type='function', loader_kwargs={'num_workers': 0, 'pin_memory': False}
2026-06-11 19:37:53 | INFO     | [callbacks :on_epoch_end      : 131] | ℹ️   epoch    train_acc    train_loss    valid_acc    valid_loss   cp           lr      dur
2026-06-11 19:37:53 | INFO     | [callbacks :on_epoch_end      : 131] | ℹ️ -------  -----------  ------------  -----------  ------------  ----  ----------  -------
2026-06-11 19:37:53 | INFO     | [callbacks :on_epoch_end      : 131] | ℹ️       1     ▲ 0.2611      ▼ 2.1405     ▲ 0.4157      ▼ 1.6771        4.9975e-05  20.1504
2026-06-11 19:38:12 | INFO     | [callbacks :on_epoch_end      : 131] | ℹ️       2     ▲ 0.3953      ▼ 1.8539     ▲ 0.5373      ▼ 1.4510        4.9901e-05  18.3973
2026-06-11 19:38:30 | INFO     | [callbacks :on_epoch_end      : 131] | ℹ️       3     ▲ 0.4661      ▼ 1.7011       0.5098      ▼ 1.3902        4.9778e-05  18.3153
2026-06-11 19:38:48 | INFO     | [callbacks :on_epoch_end      : 131] | ℹ️       4     ▲ 0.4941      ▼ 1.6041        0.502      ▼ 1.3875        4.9606e-05  18.381
2026-06-11 19:39:07 | INFO     | [callbacks :on_epoch_end      : 131] | ℹ️       5     ▲ 0.5025      ▼ 1.5587     ▲ 0.5373      ▼ 1.3687        4.9386e-05  18.3817
2026-06-11 19:39:25 | INFO     | [callbacks :on_epoch_end      : 131] | ℹ️       6     ▲ 0.5811      ▼ 1.4186     ▲ 0.5490      ▼ 1.3107        4.9117e-05  18.4083
2026-06-11 19:39:43 | INFO     | [callbacks :on_epoch_end      : 131] | ℹ️       7       0.5678      ▼ 1.3797     ▲ 0.5686      ▼ 1.3054        4.8801e-05  18.3182
2026-06-11 19:40:02 | INFO     | [callbacks :on_epoch_end      : 131] | ℹ️       8     ▲ 0.5954      ▼ 1.3047        0.549        1.3414        4.8438e-05  18.3052
2026-06-11 19:40:20 | INFO     | [callbacks :on_epoch_end      : 131] | ℹ️       9     ▲ 0.6308      ▼ 1.2617       0.5412        1.3777        4.8028e-05  18.2759
2026-06-11 19:40:38 | INFO     | [callbacks :on_epoch_end      : 131] | ℹ️      10     ▲ 0.6372      ▼ 1.2018       0.5255         1.531        4.7574e-05  18.3935
2026-06-11 19:40:57 | INFO     | [callbacks :on_epoch_end      : 131] | ℹ️      11       0.6327        1.2147       0.5451        1.4935        4.7075e-05  18.3077
2026-06-11 19:41:15 | INFO     | [callbacks :on_epoch_end      : 131] | ℹ️      12     ▲ 0.6819      ▼ 1.1616       0.5373        1.5477        4.6532e-05  18.3942
2026-06-11 19:41:34 | INFO     | [callbacks :on_epoch_end      : 131] | ℹ️      13     ▲ 0.7148      ▼ 1.0256       0.5647        1.5321        4.5947e-05  18.3182
2026-06-11 19:41:52 | INFO     | [callbacks :on_epoch_end      : 131] | ℹ️      14     ▲ 0.7257      ▼ 0.9749        0.549        1.5246        4.5321e-05  18.4932
2026-06-11 19:42:10 | INFO     | [callbacks :on_epoch_end      : 131] | ℹ️      15       0.7217         1.034       0.5608        1.5796        4.4655e-05  18.3147
2026-06-11 19:42:29 | INFO     | [callbacks :on_epoch_end      : 131] | ℹ️      16     ▲ 0.7370        0.9775     ▲ 0.5686        1.6228        4.395e-05  18.3296
2026-06-11 19:42:47 | INFO     | [callbacks :on_epoch_end      : 131] | ℹ️      17     ▲ 0.7483      ▼ 0.9567       0.5569        1.6417        4.3208e-05  18.3897
2026-06-11 19:43:06 | INFO     | [callbacks :on_epoch_end      : 131] | ℹ️      18       0.7463          0.98       0.5373         1.706        4.2431e-05  18.4553
2026-06-11 19:43:24 | INFO     | [callbacks :on_epoch_end      : 131] | ℹ️      19     ▲ 0.7778      ▼ 0.9269     ▲ 0.5804        1.7239        4.1619e-05  18.4036
2026-06-11 19:43:42 | INFO     | [callbacks :on_epoch_end      : 131] | ℹ️      20       0.7262      ▼ 0.9235       0.5529        1.7393        4.0776e-05  18.4337
2026-06-11 19:44:01 | INFO     | [callbacks :on_epoch_end      : 131] | ℹ️      21       0.7434      ▼ 0.9177       0.5686        1.7163        3.9901e-05  18.2634
2026-06-11 19:44:19 | INFO     | [pipeline  :cv_model_evalua...:1500] | ℹ️ Using best model from epoch 22
2026-06-11 19:44:19 | INFO     | [pipeline  :cv_model_evalua...:1503] | ℹ️ Evaluating model on outer test set for fold 4...
2026-06-11 19:44:19 | DEBUG    | [adapter   :get_iterator      : 373] | 🐞 Creating DataLoader for validation/evaluation: dataset_len=254, batch_size=16, shuffle=False, drop_last=False, collate_fn_type='function', loader_kwargs={'num_workers': 0, 'pin_memory': False}
2026-06-11 19:44:20 | DEBUG    | [adapter   :get_iterator      : 373] | 🐞 Creating DataLoader for validation/evaluation: dataset_len=254, batch_size=16, shuffle=False, drop_last=False, collate_fn_type='function', loader_kwargs={'num_workers': 0, 'pin_memory': False}
2026-06-11 19:44:21 | DEBUG    | [pipeline  :_compute_metrics  : 479] | 🐞 Computed Metrics: Acc=0.5512, Macro F1=0.5469
2026-06-11 19:44:21 | INFO     | [pipeline  :cv_model_evalua...:1522] | ℹ️ Fold 4 Test Scores: Acc=0.5512, F1=0.5469
2026-06-11 19:44:21 | INFO     | [pipeline  :cv_model_evalua...:1451] | ℹ️ --- Starting CV Evaluation Fold 5/10 ---
2026-06-11 19:44:21 | DEBUG    | [pipeline  :cv_model_evalua...:1457] | 🐞 Outer split (full set): 2289 train / 254 test samples.
2026-06-11 19:44:21 | DEBUG    | [pipeline  :cv_model_evalua...:1476] | 🐞 Fold 5: Internal split: ~2035 train / ~254 valid.
2026-06-11 19:44:21 | INFO     | [pipeline  :cv_model_evalua...:1486] | ℹ️ Fitting model for fold 5...
2026-06-11 19:44:21 | DEBUG    | [pretrai...:__init__          :  75] | 🐞 Initializing PretrainedViT:
2026-06-11 19:44:21 | DEBUG    | [pretrai...:__init__          :  76] | 🐞   Model Variant: vit_b_16, Pretrained: True
2026-06-11 19:44:21 | DEBUG    | [pretrai...:__init__          :  77] | 🐞   Is Hybrid Input: False
2026-06-11 19:44:21 | DEBUG    | [pretrai...:__init__          :  80] | 🐞   Unfreeze Strategy (Encoder Blocks): encoder_tail
2026-06-11 19:44:21 | DEBUG    | [pretrai...:__init__          :  82] | 🐞   Num Transformer Blocks to Unfreeze: 6
2026-06-11 19:44:21 | DEBUG    | [pretrai...:__init__          :  83] | 🐞   Unfreeze CLS: True, PosEmb: True, PatchEmb: False, EncoderLN: True
2026-06-11 19:44:21 | DEBUG    | [pretrai...:__init__          :  85] | 🐞   Custom Head Hidden Dims: None, Head Dropout: 0.5
2026-06-11 19:44:21 | DEBUG    | [pretrai...:__init__          : 106] | 🐞 Loaded vit_b_16 from torchvision.
2026-06-11 19:44:21 | DEBUG    | [pretrai...:__init__          : 283] | 🐞 Created simple linear head (dropout: 0.5), in_feat=768.
2026-06-11 19:44:21 | INFO     | [pretrai...:__init__          : 293] | ℹ️ PretrainedViT (standard) - Trainable: CLS Token, Positional Embeddings, 6 Encoder Blocks, Encoder LayerNorm, Classification Head.
2026-06-11 19:44:21 | INFO     | [pretrai...:__init__          : 313] | ℹ️ PretrainedViT (standard): Trainable params: 42.69M / Total params: 85.81M (49.75%)
2026-06-11 19:44:21 | DEBUG    | [adapter   :get_split_datasets: 205] | 🐞 Validation split for fold created with 255 original samples.
2026-06-11 19:44:21 | DEBUG    | [adapter   :get_split_datasets: 245] | 🐞 No offline augmentations will be applied.
2026-06-11 19:44:21 | DEBUG    | [adapter   :get_split_datasets: 252] | 🐞 Total training split for fold created with 2034 samples.
2026-06-11 19:44:21 | DEBUG    | [adapter   :get_iterator      : 373] | 🐞 Creating DataLoader for training: dataset_len=2034, batch_size=16, shuffle=True, drop_last=False, collate_fn_type='function', loader_kwargs={'num_workers': 0, 'pin_memory': False}
2026-06-11 19:44:21 | DEBUG    | [adapter   :get_iterator      : 373] | 🐞 Creating DataLoader for validation/evaluation: dataset_len=255, batch_size=16, shuffle=False, drop_last=False, collate_fn_type='function', loader_kwargs={'num_workers': 0, 'pin_memory': False}
2026-06-11 19:44:41 | INFO     | [callbacks :on_epoch_end      : 131] | ℹ️   epoch    train_acc    train_loss    valid_acc    valid_loss   cp           lr      dur
2026-06-11 19:44:41 | INFO     | [callbacks :on_epoch_end      : 131] | ℹ️ -------  -----------  ------------  -----------  ------------  ----  ----------  -------
2026-06-11 19:44:41 | INFO     | [callbacks :on_epoch_end      : 131] | ℹ️       1     ▲ 0.2866      ▼ 2.1035     ▲ 0.4510      ▼ 1.5316        4.9975e-05  20.2303
2026-06-11 19:45:00 | INFO     | [callbacks :on_epoch_end      : 131] | ℹ️       2     ▲ 0.4223      ▼ 1.8000     ▲ 0.4980      ▼ 1.3856        4.9901e-05  18.3053
2026-06-11 19:45:18 | INFO     | [callbacks :on_epoch_end      : 131] | ℹ️       3     ▲ 0.4435      ▼ 1.6796     ▲ 0.5686      ▼ 1.3142        4.9778e-05  18.57
2026-06-11 19:45:37 | INFO     | [callbacks :on_epoch_end      : 131] | ℹ️       4     ▲ 0.4754      ▼ 1.5893       0.5529      ▼ 1.2676        4.9606e-05  18.3452
2026-06-11 19:45:55 | INFO     | [callbacks :on_epoch_end      : 131] | ℹ️       5     ▲ 0.5098      ▼ 1.5217     ▲ 0.5686      ▼ 1.2525        4.9386e-05  18.3018
2026-06-11 19:46:13 | INFO     | [callbacks :on_epoch_end      : 131] | ℹ️       6     ▲ 0.5703      ▼ 1.4275     ▲ 0.5804         1.269        4.9117e-05  18.3705
2026-06-11 19:46:32 | INFO     | [callbacks :on_epoch_end      : 131] | ℹ️       7        0.559      ▼ 1.4095       0.5608        1.2655        4.8801e-05  18.4073
2026-06-11 19:46:50 | INFO     | [callbacks :on_epoch_end      : 131] | ℹ️       8     ▲ 0.5806      ▼ 1.3267       0.5765        1.2814        4.8438e-05  18.4354
2026-06-11 19:47:09 | INFO     | [callbacks :on_epoch_end      : 131] | ℹ️       9     ▲ 0.6057      ▼ 1.2688     ▲ 0.5843      ▼ 1.2476        4.8028e-05  18.34
2026-06-11 19:47:27 | INFO     | [callbacks :on_epoch_end      : 131] | ℹ️      10     ▲ 0.6549      ▼ 1.1998       0.5647         1.327        4.7574e-05  18.3689
2026-06-11 19:47:45 | INFO     | [callbacks :on_epoch_end      : 131] | ℹ️      11     ▲ 0.6642      ▼ 1.1621       0.5765        1.3327        4.7075e-05  18.3532
2026-06-11 19:48:04 | INFO     | [callbacks :on_epoch_end      : 131] | ℹ️      12     ▲ 0.6932      ▼ 1.1003     ▲ 0.5922        1.3234        4.6532e-05  18.385
2026-06-11 19:48:22 | INFO     | [callbacks :on_epoch_end      : 131] | ℹ️      13       0.6794      ▼ 1.0814       0.5843        1.3341        4.5947e-05  18.5231
2026-06-11 19:48:41 | INFO     | [callbacks :on_epoch_end      : 131] | ℹ️      14     ▲ 0.7016      ▼ 1.0611     ▲ 0.6039        1.3781        4.5321e-05  18.3983
2026-06-11 19:48:59 | INFO     | [callbacks :on_epoch_end      : 131] | ℹ️      15     ▲ 0.7158      ▼ 1.0450       0.5647        1.4012        4.4655e-05  18.387
2026-06-11 19:49:17 | INFO     | [callbacks :on_epoch_end      : 131] | ℹ️      16       0.6912      ▼ 0.9956     ▲ 0.6078        1.4173        4.395e-05  18.4824
2026-06-11 19:49:36 | INFO     | [callbacks :on_epoch_end      : 131] | ℹ️      17     ▲ 0.7350      ▼ 0.8905     ▲ 0.6157        1.4725        4.3208e-05  18.5206
2026-06-11 19:49:54 | INFO     | [callbacks :on_epoch_end      : 131] | ℹ️      18     ▲ 0.7370        0.9554          0.6        1.4168        4.2431e-05  18.441
2026-06-11 19:50:13 | INFO     | [callbacks :on_epoch_end      : 131] | ℹ️      19     ▲ 0.7463        0.9103       0.5961        1.4848        4.1619e-05  18.3645
2026-06-11 19:50:31 | INFO     | [callbacks :on_epoch_end      : 131] | ℹ️      20       0.7306        0.9103       0.5647        1.4049        4.0776e-05  18.4153
2026-06-11 19:50:50 | INFO     | [callbacks :on_epoch_end      : 131] | ℹ️      21     ▲ 0.7625      ▼ 0.8680       0.6039        1.4827        3.9901e-05  18.4672
2026-06-11 19:51:08 | INFO     | [callbacks :on_epoch_end      : 131] | ℹ️      22       0.7119        0.9231       0.5843        1.4271        3.8997e-05  18.3285
2026-06-11 19:51:26 | INFO     | [callbacks :on_epoch_end      : 131] | ℹ️      23       0.7586      ▼ 0.8342       0.6118        1.5052        3.8066e-05  18.3776
2026-06-11 19:51:45 | INFO     | [pipeline  :cv_model_evalua...:1500] | ℹ️ Using best model from epoch 24
2026-06-11 19:51:45 | INFO     | [pipeline  :cv_model_evalua...:1503] | ℹ️ Evaluating model on outer test set for fold 5...
2026-06-11 19:51:45 | DEBUG    | [adapter   :get_iterator      : 373] | 🐞 Creating DataLoader for validation/evaluation: dataset_len=254, batch_size=16, shuffle=False, drop_last=False, collate_fn_type='function', loader_kwargs={'num_workers': 0, 'pin_memory': False}
2026-06-11 19:51:46 | DEBUG    | [adapter   :get_iterator      : 373] | 🐞 Creating DataLoader for validation/evaluation: dataset_len=254, batch_size=16, shuffle=False, drop_last=False, collate_fn_type='function', loader_kwargs={'num_workers': 0, 'pin_memory': False}
2026-06-11 19:51:46 | DEBUG    | [pipeline  :_compute_metrics  : 479] | 🐞 Computed Metrics: Acc=0.5906, Macro F1=0.5947
2026-06-11 19:51:46 | INFO     | [pipeline  :cv_model_evalua...:1522] | ℹ️ Fold 5 Test Scores: Acc=0.5906, F1=0.5947
2026-06-11 19:51:46 | INFO     | [pipeline  :cv_model_evalua...:1451] | ℹ️ --- Starting CV Evaluation Fold 6/10 ---
2026-06-11 19:51:46 | DEBUG    | [pipeline  :cv_model_evalua...:1457] | 🐞 Outer split (full set): 2289 train / 254 test samples.
2026-06-11 19:51:46 | DEBUG    | [pipeline  :cv_model_evalua...:1476] | 🐞 Fold 6: Internal split: ~2035 train / ~254 valid.
2026-06-11 19:51:46 | INFO     | [pipeline  :cv_model_evalua...:1486] | ℹ️ Fitting model for fold 6...
2026-06-11 19:51:46 | DEBUG    | [pretrai...:__init__          :  75] | 🐞 Initializing PretrainedViT:
2026-06-11 19:51:46 | DEBUG    | [pretrai...:__init__          :  76] | 🐞   Model Variant: vit_b_16, Pretrained: True
2026-06-11 19:51:46 | DEBUG    | [pretrai...:__init__          :  77] | 🐞   Is Hybrid Input: False
2026-06-11 19:51:46 | DEBUG    | [pretrai...:__init__          :  80] | 🐞   Unfreeze Strategy (Encoder Blocks): encoder_tail
2026-06-11 19:51:46 | DEBUG    | [pretrai...:__init__          :  82] | 🐞   Num Transformer Blocks to Unfreeze: 6
2026-06-11 19:51:46 | DEBUG    | [pretrai...:__init__          :  83] | 🐞   Unfreeze CLS: True, PosEmb: True, PatchEmb: False, EncoderLN: True
2026-06-11 19:51:46 | DEBUG    | [pretrai...:__init__          :  85] | 🐞   Custom Head Hidden Dims: None, Head Dropout: 0.5
2026-06-11 19:51:47 | DEBUG    | [pretrai...:__init__          : 106] | 🐞 Loaded vit_b_16 from torchvision.
2026-06-11 19:51:47 | DEBUG    | [pretrai...:__init__          : 283] | 🐞 Created simple linear head (dropout: 0.5), in_feat=768.
2026-06-11 19:51:47 | INFO     | [pretrai...:__init__          : 293] | ℹ️ PretrainedViT (standard) - Trainable: CLS Token, Positional Embeddings, 6 Encoder Blocks, Encoder LayerNorm, Classification Head.
2026-06-11 19:51:47 | INFO     | [pretrai...:__init__          : 313] | ℹ️ PretrainedViT (standard): Trainable params: 42.69M / Total params: 85.81M (49.75%)
2026-06-11 19:51:47 | DEBUG    | [adapter   :get_split_datasets: 205] | 🐞 Validation split for fold created with 255 original samples.
2026-06-11 19:51:47 | DEBUG    | [adapter   :get_split_datasets: 245] | 🐞 No offline augmentations will be applied.
2026-06-11 19:51:47 | DEBUG    | [adapter   :get_split_datasets: 252] | 🐞 Total training split for fold created with 2034 samples.
2026-06-11 19:51:47 | DEBUG    | [adapter   :get_iterator      : 373] | 🐞 Creating DataLoader for training: dataset_len=2034, batch_size=16, shuffle=True, drop_last=False, collate_fn_type='function', loader_kwargs={'num_workers': 0, 'pin_memory': False}
2026-06-11 19:51:47 | DEBUG    | [adapter   :get_iterator      : 373] | 🐞 Creating DataLoader for validation/evaluation: dataset_len=255, batch_size=16, shuffle=False, drop_last=False, collate_fn_type='function', loader_kwargs={'num_workers': 0, 'pin_memory': False}
2026-06-11 19:52:07 | INFO     | [callbacks :on_epoch_end      : 131] | ℹ️   epoch    train_acc    train_loss    valid_acc    valid_loss   cp           lr      dur
2026-06-11 19:52:07 | INFO     | [callbacks :on_epoch_end      : 131] | ℹ️ -------  -----------  ------------  -----------  ------------  ----  ----------  -------
2026-06-11 19:52:07 | INFO     | [callbacks :on_epoch_end      : 131] | ℹ️       1     ▲ 0.2675      ▼ 2.1432     ▲ 0.3961      ▼ 1.7268        4.9975e-05  19.9941
2026-06-11 19:52:25 | INFO     | [callbacks :on_epoch_end      : 131] | ℹ️       2     ▲ 0.3997      ▼ 1.8304     ▲ 0.4784      ▼ 1.5442        4.9901e-05  18.2469
2026-06-11 19:52:44 | INFO     | [callbacks :on_epoch_end      : 131] | ℹ️       3     ▲ 0.4444      ▼ 1.6975     ▲ 0.4863      ▼ 1.4989        4.9778e-05  18.389
2026-06-11 19:53:02 | INFO     | [callbacks :on_epoch_end      : 131] | ℹ️       4     ▲ 0.4789      ▼ 1.5799     ▲ 0.5098        1.5065        4.9606e-05  18.3524
2026-06-11 19:53:20 | INFO     | [callbacks :on_epoch_end      : 131] | ℹ️       5     ▲ 0.5275      ▼ 1.4890     ▲ 0.5137      ▼ 1.3656        4.9386e-05  18.3338
2026-06-11 19:53:39 | INFO     | [callbacks :on_epoch_end      : 131] | ℹ️       6     ▲ 0.5462      ▼ 1.4488       0.4863        1.4572        4.9117e-05  18.3361
2026-06-11 19:53:57 | INFO     | [callbacks :on_epoch_end      : 131] | ℹ️       7     ▲ 0.5698      ▼ 1.4019     ▲ 0.5176        1.4001        4.8801e-05  18.4395
2026-06-11 19:54:15 | INFO     | [callbacks :on_epoch_end      : 131] | ℹ️       8     ▲ 0.6018      ▼ 1.3251     ▲ 0.5412        1.3708        4.8438e-05  18.2705
2026-06-11 19:54:34 | INFO     | [callbacks :on_epoch_end      : 131] | ℹ️       9     ▲ 0.6386      ▼ 1.1660       0.4863        1.4702        4.8028e-05  18.2782
2026-06-11 19:54:52 | INFO     | [callbacks :on_epoch_end      : 131] | ℹ️      10     ▲ 0.6554        1.2124     ▲ 0.5569        1.4011        4.7574e-05  18.3467
2026-06-11 19:55:10 | INFO     | [callbacks :on_epoch_end      : 131] | ℹ️      11     ▲ 0.6790      ▼ 1.1210       0.5255        1.4698        4.7075e-05  18.3472
2026-06-11 19:55:29 | INFO     | [callbacks :on_epoch_end      : 131] | ℹ️      12     ▲ 0.6888      ▼ 1.0978       0.5333         1.533        4.6532e-05  18.4963
2026-06-11 19:55:47 | INFO     | [callbacks :on_epoch_end      : 131] | ℹ️      13     ▲ 0.6903      ▼ 1.0693       0.5412        1.4906        4.5947e-05  18.299
2026-06-11 19:56:05 | INFO     | [callbacks :on_epoch_end      : 131] | ℹ️      14       0.6775        1.1071       0.5176        1.5094        4.5321e-05  18.2515
2026-06-11 19:56:24 | INFO     | [callbacks :on_epoch_end      : 131] | ℹ️      15     ▲ 0.7089      ▼ 1.0105       0.5451        1.5966        4.4655e-05  18.2668
2026-06-11 19:56:42 | INFO     | [callbacks :on_epoch_end      : 131] | ℹ️      16     ▲ 0.7473      ▼ 0.9227       0.5255        1.7432        4.395e-05  18.3176
2026-06-11 19:57:00 | INFO     | [callbacks :on_epoch_end      : 131] | ℹ️      17     ▲ 0.7532        0.9365     ▲ 0.5569        1.6545        4.3208e-05  18.292
2026-06-11 19:57:19 | INFO     | [callbacks :on_epoch_end      : 131] | ℹ️      18       0.7158        0.9577       0.5412        1.7513        4.2431e-05  18.2868
2026-06-11 19:57:37 | INFO     | [callbacks :on_epoch_end      : 131] | ℹ️      19       0.7498      ▼ 0.9074       0.5255        1.8191        4.1619e-05  18.1883
2026-06-11 19:57:55 | INFO     | [pipeline  :cv_model_evalua...:1500] | ℹ️ Using best model from epoch 20
2026-06-11 19:57:55 | INFO     | [pipeline  :cv_model_evalua...:1503] | ℹ️ Evaluating model on outer test set for fold 6...
2026-06-11 19:57:55 | DEBUG    | [adapter   :get_iterator      : 373] | 🐞 Creating DataLoader for validation/evaluation: dataset_len=254, batch_size=16, shuffle=False, drop_last=False, collate_fn_type='function', loader_kwargs={'num_workers': 0, 'pin_memory': False}
2026-06-11 19:57:56 | DEBUG    | [adapter   :get_iterator      : 373] | 🐞 Creating DataLoader for validation/evaluation: dataset_len=254, batch_size=16, shuffle=False, drop_last=False, collate_fn_type='function', loader_kwargs={'num_workers': 0, 'pin_memory': False}
2026-06-11 19:57:57 | DEBUG    | [pipeline  :_compute_metrics  : 479] | 🐞 Computed Metrics: Acc=0.5984, Macro F1=0.5883
2026-06-11 19:57:57 | INFO     | [pipeline  :cv_model_evalua...:1522] | ℹ️ Fold 6 Test Scores: Acc=0.5984, F1=0.5883
2026-06-11 19:57:57 | INFO     | [pipeline  :cv_model_evalua...:1451] | ℹ️ --- Starting CV Evaluation Fold 7/10 ---
2026-06-11 19:57:57 | DEBUG    | [pipeline  :cv_model_evalua...:1457] | 🐞 Outer split (full set): 2289 train / 254 test samples.
2026-06-11 19:57:57 | DEBUG    | [pipeline  :cv_model_evalua...:1476] | 🐞 Fold 7: Internal split: ~2035 train / ~254 valid.
2026-06-11 19:57:57 | INFO     | [pipeline  :cv_model_evalua...:1486] | ℹ️ Fitting model for fold 7...
2026-06-11 19:57:57 | DEBUG    | [pretrai...:__init__          :  75] | 🐞 Initializing PretrainedViT:
2026-06-11 19:57:57 | DEBUG    | [pretrai...:__init__          :  76] | 🐞   Model Variant: vit_b_16, Pretrained: True
2026-06-11 19:57:57 | DEBUG    | [pretrai...:__init__          :  77] | 🐞   Is Hybrid Input: False
2026-06-11 19:57:57 | DEBUG    | [pretrai...:__init__          :  80] | 🐞   Unfreeze Strategy (Encoder Blocks): encoder_tail
2026-06-11 19:57:57 | DEBUG    | [pretrai...:__init__          :  82] | 🐞   Num Transformer Blocks to Unfreeze: 6
2026-06-11 19:57:57 | DEBUG    | [pretrai...:__init__          :  83] | 🐞   Unfreeze CLS: True, PosEmb: True, PatchEmb: False, EncoderLN: True
2026-06-11 19:57:57 | DEBUG    | [pretrai...:__init__          :  85] | 🐞   Custom Head Hidden Dims: None, Head Dropout: 0.5
2026-06-11 19:57:57 | DEBUG    | [pretrai...:__init__          : 106] | 🐞 Loaded vit_b_16 from torchvision.
2026-06-11 19:57:57 | DEBUG    | [pretrai...:__init__          : 283] | 🐞 Created simple linear head (dropout: 0.5), in_feat=768.
2026-06-11 19:57:57 | INFO     | [pretrai...:__init__          : 293] | ℹ️ PretrainedViT (standard) - Trainable: CLS Token, Positional Embeddings, 6 Encoder Blocks, Encoder LayerNorm, Classification Head.
2026-06-11 19:57:57 | INFO     | [pretrai...:__init__          : 313] | ℹ️ PretrainedViT (standard): Trainable params: 42.69M / Total params: 85.81M (49.75%)
2026-06-11 19:57:57 | DEBUG    | [adapter   :get_split_datasets: 205] | 🐞 Validation split for fold created with 255 original samples.
2026-06-11 19:57:57 | DEBUG    | [adapter   :get_split_datasets: 245] | 🐞 No offline augmentations will be applied.
2026-06-11 19:57:57 | DEBUG    | [adapter   :get_split_datasets: 252] | 🐞 Total training split for fold created with 2034 samples.
2026-06-11 19:57:57 | DEBUG    | [adapter   :get_iterator      : 373] | 🐞 Creating DataLoader for training: dataset_len=2034, batch_size=16, shuffle=True, drop_last=False, collate_fn_type='function', loader_kwargs={'num_workers': 0, 'pin_memory': False}
2026-06-11 19:57:57 | DEBUG    | [adapter   :get_iterator      : 373] | 🐞 Creating DataLoader for validation/evaluation: dataset_len=255, batch_size=16, shuffle=False, drop_last=False, collate_fn_type='function', loader_kwargs={'num_workers': 0, 'pin_memory': False}
2026-06-11 19:58:18 | INFO     | [callbacks :on_epoch_end      : 131] | ℹ️   epoch    train_acc    train_loss    valid_acc    valid_loss   cp           lr      dur
2026-06-11 19:58:18 | INFO     | [callbacks :on_epoch_end      : 131] | ℹ️ -------  -----------  ------------  -----------  ------------  ----  ----------  -------
2026-06-11 19:58:18 | INFO     | [callbacks :on_epoch_end      : 131] | ℹ️       1     ▲ 0.2542      ▼ 2.1616     ▲ 0.4078      ▼ 1.6131        4.9975e-05  20.1916
2026-06-11 19:58:36 | INFO     | [callbacks :on_epoch_end      : 131] | ℹ️       2     ▲ 0.3854      ▼ 1.8483     ▲ 0.5098      ▼ 1.4126        4.9901e-05  18.2447
2026-06-11 19:58:54 | INFO     | [callbacks :on_epoch_end      : 131] | ℹ️       3     ▲ 0.4090      ▼ 1.7215       0.5059        1.4244        4.9778e-05  18.3653
2026-06-11 19:59:13 | INFO     | [callbacks :on_epoch_end      : 131] | ℹ️       4     ▲ 0.4843      ▼ 1.6099     ▲ 0.5294      ▼ 1.3758        4.9606e-05  18.3311
2026-06-11 19:59:31 | INFO     | [callbacks :on_epoch_end      : 131] | ℹ️       5     ▲ 0.5103      ▼ 1.5409     ▲ 0.5490      ▼ 1.3334        4.9386e-05  18.4302
2026-06-11 19:59:50 | INFO     | [callbacks :on_epoch_end      : 131] | ℹ️       6     ▲ 0.5629      ▼ 1.4551       0.5059        1.3849        4.9117e-05  18.5349
2026-06-11 20:00:08 | INFO     | [callbacks :on_epoch_end      : 131] | ℹ️       7     ▲ 0.5855      ▼ 1.3666       0.5412         1.405        4.8801e-05  18.4285
2026-06-11 20:00:27 | INFO     | [callbacks :on_epoch_end      : 131] | ℹ️       8     ▲ 0.6042      ▼ 1.3025       0.5333        1.4002        4.8438e-05  18.5435
2026-06-11 20:00:45 | INFO     | [callbacks :on_epoch_end      : 131] | ℹ️       9     ▲ 0.6160      ▼ 1.2336     ▲ 0.5608        1.5036        4.8028e-05  18.4877
2026-06-11 20:01:03 | INFO     | [callbacks :on_epoch_end      : 131] | ℹ️      10       0.6047        1.2888       0.5451        1.4845        4.7574e-05  18.4118
2026-06-11 20:01:22 | INFO     | [callbacks :on_epoch_end      : 131] | ℹ️      11     ▲ 0.6401      ▼ 1.1133     ▲ 0.5608         1.515        4.7075e-05  18.5563
2026-06-11 20:01:40 | INFO     | [callbacks :on_epoch_end      : 131] | ℹ️      12     ▲ 0.6519      ▼ 1.0601     ▲ 0.5882        1.6321        4.6532e-05  18.4041
2026-06-11 20:01:59 | INFO     | [callbacks :on_epoch_end      : 131] | ℹ️      13     ▲ 0.7271      ▼ 1.0204       0.5451        1.6914        4.5947e-05  18.3112
2026-06-11 20:02:17 | INFO     | [callbacks :on_epoch_end      : 131] | ℹ️      14       0.7109        1.0411       0.5608        1.7443        4.5321e-05  18.3275
2026-06-11 20:02:35 | INFO     | [callbacks :on_epoch_end      : 131] | ℹ️      15       0.6996      ▼ 0.9785       0.5725        1.7179        4.4655e-05  18.3116
2026-06-11 20:02:54 | INFO     | [callbacks :on_epoch_end      : 131] | ℹ️      16     ▲ 0.7709      ▼ 0.9303       0.5059        1.6598        4.395e-05  18.4312
2026-06-11 20:03:12 | INFO     | [callbacks :on_epoch_end      : 131] | ℹ️      17       0.7291        0.9733       0.5255        1.6259        4.3208e-05  18.4736
2026-06-11 20:03:31 | INFO     | [callbacks :on_epoch_end      : 131] | ℹ️      18       0.7566      ▼ 0.9245       0.5451        1.7394        4.2431e-05  18.3848
2026-06-11 20:03:49 | INFO     | [callbacks :on_epoch_end      : 131] | ℹ️      19       0.7463      ▼ 0.8539       0.5686        1.7926        4.1619e-05  18.3929
2026-06-11 20:04:08 | INFO     | [pipeline  :cv_model_evalua...:1500] | ℹ️ Using best model from epoch 20
2026-06-11 20:04:08 | INFO     | [pipeline  :cv_model_evalua...:1503] | ℹ️ Evaluating model on outer test set for fold 7...
2026-06-11 20:04:08 | DEBUG    | [adapter   :get_iterator      : 373] | 🐞 Creating DataLoader for validation/evaluation: dataset_len=254, batch_size=16, shuffle=False, drop_last=False, collate_fn_type='function', loader_kwargs={'num_workers': 0, 'pin_memory': False}
2026-06-11 20:04:08 | DEBUG    | [adapter   :get_iterator      : 373] | 🐞 Creating DataLoader for validation/evaluation: dataset_len=254, batch_size=16, shuffle=False, drop_last=False, collate_fn_type='function', loader_kwargs={'num_workers': 0, 'pin_memory': False}
2026-06-11 20:04:09 | DEBUG    | [pipeline  :_compute_metrics  : 479] | 🐞 Computed Metrics: Acc=0.4803, Macro F1=0.4841
2026-06-11 20:04:09 | INFO     | [pipeline  :cv_model_evalua...:1522] | ℹ️ Fold 7 Test Scores: Acc=0.4803, F1=0.4841
2026-06-11 20:04:09 | INFO     | [pipeline  :cv_model_evalua...:1451] | ℹ️ --- Starting CV Evaluation Fold 8/10 ---
2026-06-11 20:04:09 | DEBUG    | [pipeline  :cv_model_evalua...:1457] | 🐞 Outer split (full set): 2289 train / 254 test samples.
2026-06-11 20:04:09 | DEBUG    | [pipeline  :cv_model_evalua...:1476] | 🐞 Fold 8: Internal split: ~2035 train / ~254 valid.
2026-06-11 20:04:09 | INFO     | [pipeline  :cv_model_evalua...:1486] | ℹ️ Fitting model for fold 8...
2026-06-11 20:04:09 | DEBUG    | [pretrai...:__init__          :  75] | 🐞 Initializing PretrainedViT:
2026-06-11 20:04:09 | DEBUG    | [pretrai...:__init__          :  76] | 🐞   Model Variant: vit_b_16, Pretrained: True
2026-06-11 20:04:09 | DEBUG    | [pretrai...:__init__          :  77] | 🐞   Is Hybrid Input: False
2026-06-11 20:04:09 | DEBUG    | [pretrai...:__init__          :  80] | 🐞   Unfreeze Strategy (Encoder Blocks): encoder_tail
2026-06-11 20:04:09 | DEBUG    | [pretrai...:__init__          :  82] | 🐞   Num Transformer Blocks to Unfreeze: 6
2026-06-11 20:04:09 | DEBUG    | [pretrai...:__init__          :  83] | 🐞   Unfreeze CLS: True, PosEmb: True, PatchEmb: False, EncoderLN: True
2026-06-11 20:04:09 | DEBUG    | [pretrai...:__init__          :  85] | 🐞   Custom Head Hidden Dims: None, Head Dropout: 0.5
2026-06-11 20:04:10 | DEBUG    | [pretrai...:__init__          : 106] | 🐞 Loaded vit_b_16 from torchvision.
2026-06-11 20:04:10 | DEBUG    | [pretrai...:__init__          : 283] | 🐞 Created simple linear head (dropout: 0.5), in_feat=768.
2026-06-11 20:04:10 | INFO     | [pretrai...:__init__          : 293] | ℹ️ PretrainedViT (standard) - Trainable: CLS Token, Positional Embeddings, 6 Encoder Blocks, Encoder LayerNorm, Classification Head.
2026-06-11 20:04:10 | INFO     | [pretrai...:__init__          : 313] | ℹ️ PretrainedViT (standard): Trainable params: 42.69M / Total params: 85.81M (49.75%)
2026-06-11 20:04:10 | DEBUG    | [adapter   :get_split_datasets: 205] | 🐞 Validation split for fold created with 255 original samples.
2026-06-11 20:04:10 | DEBUG    | [adapter   :get_split_datasets: 245] | 🐞 No offline augmentations will be applied.
2026-06-11 20:04:10 | DEBUG    | [adapter   :get_split_datasets: 252] | 🐞 Total training split for fold created with 2034 samples.
2026-06-11 20:04:10 | DEBUG    | [adapter   :get_iterator      : 373] | 🐞 Creating DataLoader for training: dataset_len=2034, batch_size=16, shuffle=True, drop_last=False, collate_fn_type='function', loader_kwargs={'num_workers': 0, 'pin_memory': False}
2026-06-11 20:04:10 | DEBUG    | [adapter   :get_iterator      : 373] | 🐞 Creating DataLoader for validation/evaluation: dataset_len=255, batch_size=16, shuffle=False, drop_last=False, collate_fn_type='function', loader_kwargs={'num_workers': 0, 'pin_memory': False}
2026-06-11 20:04:30 | INFO     | [callbacks :on_epoch_end      : 131] | ℹ️   epoch    train_acc    train_loss    valid_acc    valid_loss   cp           lr      dur
2026-06-11 20:04:30 | INFO     | [callbacks :on_epoch_end      : 131] | ℹ️ -------  -----------  ------------  -----------  ------------  ----  ----------  -------
2026-06-11 20:04:30 | INFO     | [callbacks :on_epoch_end      : 131] | ℹ️       1     ▲ 0.2911      ▼ 2.0702     ▲ 0.4510      ▼ 1.5448        4.9975e-05  20.0823
2026-06-11 20:04:48 | INFO     | [callbacks :on_epoch_end      : 131] | ℹ️       2     ▲ 0.3992      ▼ 1.7842     ▲ 0.4627      ▼ 1.4775        4.9901e-05  18.4153
2026-06-11 20:05:07 | INFO     | [callbacks :on_epoch_end      : 131] | ℹ️       3     ▲ 0.4597      ▼ 1.6662     ▲ 0.5059      ▼ 1.4408        4.9778e-05  18.3712
2026-06-11 20:05:25 | INFO     | [callbacks :on_epoch_end      : 131] | ℹ️       4     ▲ 0.5256      ▼ 1.5229     ▲ 0.5255      ▼ 1.3848        4.9606e-05  18.5581
2026-06-11 20:05:44 | INFO     | [callbacks :on_epoch_end      : 131] | ℹ️       5     ▲ 0.5315      ▼ 1.4999     ▲ 0.5333      ▼ 1.3739        4.9386e-05  18.4978
2026-06-11 20:06:02 | INFO     | [callbacks :on_epoch_end      : 131] | ℹ️       6     ▲ 0.5379      ▼ 1.4285     ▲ 0.5373        1.4329        4.9117e-05  18.401
2026-06-11 20:06:21 | INFO     | [callbacks :on_epoch_end      : 131] | ℹ️       7     ▲ 0.5639      ▼ 1.3477       0.5176        1.4407        4.8801e-05  18.4674
2026-06-11 20:06:39 | INFO     | [callbacks :on_epoch_end      : 131] | ℹ️       8     ▲ 0.6091      ▼ 1.2826     ▲ 0.5608        1.4157        4.8438e-05  18.4274
2026-06-11 20:06:57 | INFO     | [callbacks :on_epoch_end      : 131] | ℹ️       9     ▲ 0.6500      ▼ 1.2310       0.5137        1.4847        4.8028e-05  18.4507
2026-06-11 20:07:16 | INFO     | [callbacks :on_epoch_end      : 131] | ℹ️      10     ▲ 0.6711      ▼ 1.1556     ▲ 0.5608        1.4818        4.7574e-05  18.3888
2026-06-11 20:07:34 | INFO     | [callbacks :on_epoch_end      : 131] | ℹ️      11     ▲ 0.6888      ▼ 1.0898       0.5412        1.4806        4.7075e-05  18.4159
2026-06-11 20:07:53 | INFO     | [callbacks :on_epoch_end      : 131] | ℹ️      12     ▲ 0.7035        1.1206       0.5255        1.4636        4.6532e-05  18.3644
2026-06-11 20:08:11 | INFO     | [callbacks :on_epoch_end      : 131] | ℹ️      13     ▲ 0.7247      ▼ 1.0322       0.5373        1.6322        4.5947e-05  18.4652
2026-06-11 20:08:30 | INFO     | [callbacks :on_epoch_end      : 131] | ℹ️      14       0.6986      ▼ 0.9959     ▲ 0.5686        1.4792        4.5321e-05  18.4675
2026-06-11 20:08:48 | INFO     | [callbacks :on_epoch_end      : 131] | ℹ️      15       0.7104        1.0012       0.5608        1.5637        4.4655e-05  18.4653
2026-06-11 20:09:07 | INFO     | [callbacks :on_epoch_end      : 131] | ℹ️      16       0.7163        1.0253       0.5529        1.5323        4.395e-05  18.4941
2026-06-11 20:09:25 | INFO     | [callbacks :on_epoch_end      : 131] | ℹ️      17        0.703      ▼ 0.9574       0.5451        1.5037        4.3208e-05  18.414
2026-06-11 20:09:43 | INFO     | [callbacks :on_epoch_end      : 131] | ℹ️      18     ▲ 0.7321      ▼ 0.8859       0.5608        1.5962        4.2431e-05  18.3588
2026-06-11 20:10:02 | INFO     | [callbacks :on_epoch_end      : 131] | ℹ️      19       0.7207        0.9246       0.5608        1.5405        4.1619e-05  18.4084
2026-06-11 20:10:20 | INFO     | [pipeline  :cv_model_evalua...:1500] | ℹ️ Using best model from epoch 20
2026-06-11 20:10:20 | INFO     | [pipeline  :cv_model_evalua...:1503] | ℹ️ Evaluating model on outer test set for fold 8...
2026-06-11 20:10:20 | DEBUG    | [adapter   :get_iterator      : 373] | 🐞 Creating DataLoader for validation/evaluation: dataset_len=254, batch_size=16, shuffle=False, drop_last=False, collate_fn_type='function', loader_kwargs={'num_workers': 0, 'pin_memory': False}
2026-06-11 20:10:21 | DEBUG    | [adapter   :get_iterator      : 373] | 🐞 Creating DataLoader for validation/evaluation: dataset_len=254, batch_size=16, shuffle=False, drop_last=False, collate_fn_type='function', loader_kwargs={'num_workers': 0, 'pin_memory': False}
2026-06-11 20:10:22 | DEBUG    | [pipeline  :_compute_metrics  : 479] | 🐞 Computed Metrics: Acc=0.5630, Macro F1=0.5391
2026-06-11 20:10:22 | INFO     | [pipeline  :cv_model_evalua...:1522] | ℹ️ Fold 8 Test Scores: Acc=0.5630, F1=0.5391
2026-06-11 20:10:22 | INFO     | [pipeline  :cv_model_evalua...:1451] | ℹ️ --- Starting CV Evaluation Fold 9/10 ---
2026-06-11 20:10:22 | DEBUG    | [pipeline  :cv_model_evalua...:1457] | 🐞 Outer split (full set): 2289 train / 254 test samples.
2026-06-11 20:10:22 | DEBUG    | [pipeline  :cv_model_evalua...:1476] | 🐞 Fold 9: Internal split: ~2035 train / ~254 valid.
2026-06-11 20:10:22 | INFO     | [pipeline  :cv_model_evalua...:1486] | ℹ️ Fitting model for fold 9...
2026-06-11 20:10:22 | DEBUG    | [pretrai...:__init__          :  75] | 🐞 Initializing PretrainedViT:
2026-06-11 20:10:22 | DEBUG    | [pretrai...:__init__          :  76] | 🐞   Model Variant: vit_b_16, Pretrained: True
2026-06-11 20:10:22 | DEBUG    | [pretrai...:__init__          :  77] | 🐞   Is Hybrid Input: False
2026-06-11 20:10:22 | DEBUG    | [pretrai...:__init__          :  80] | 🐞   Unfreeze Strategy (Encoder Blocks): encoder_tail
2026-06-11 20:10:22 | DEBUG    | [pretrai...:__init__          :  82] | 🐞   Num Transformer Blocks to Unfreeze: 6
2026-06-11 20:10:22 | DEBUG    | [pretrai...:__init__          :  83] | 🐞   Unfreeze CLS: True, PosEmb: True, PatchEmb: False, EncoderLN: True
2026-06-11 20:10:22 | DEBUG    | [pretrai...:__init__          :  85] | 🐞   Custom Head Hidden Dims: None, Head Dropout: 0.5
2026-06-11 20:10:22 | DEBUG    | [pretrai...:__init__          : 106] | 🐞 Loaded vit_b_16 from torchvision.
2026-06-11 20:10:22 | DEBUG    | [pretrai...:__init__          : 283] | 🐞 Created simple linear head (dropout: 0.5), in_feat=768.
2026-06-11 20:10:22 | INFO     | [pretrai...:__init__          : 293] | ℹ️ PretrainedViT (standard) - Trainable: CLS Token, Positional Embeddings, 6 Encoder Blocks, Encoder LayerNorm, Classification Head.
2026-06-11 20:10:22 | INFO     | [pretrai...:__init__          : 313] | ℹ️ PretrainedViT (standard): Trainable params: 42.69M / Total params: 85.81M (49.75%)
2026-06-11 20:10:22 | DEBUG    | [adapter   :get_split_datasets: 205] | 🐞 Validation split for fold created with 255 original samples.
2026-06-11 20:10:22 | DEBUG    | [adapter   :get_split_datasets: 245] | 🐞 No offline augmentations will be applied.
2026-06-11 20:10:22 | DEBUG    | [adapter   :get_split_datasets: 252] | 🐞 Total training split for fold created with 2034 samples.
2026-06-11 20:10:22 | DEBUG    | [adapter   :get_iterator      : 373] | 🐞 Creating DataLoader for training: dataset_len=2034, batch_size=16, shuffle=True, drop_last=False, collate_fn_type='function', loader_kwargs={'num_workers': 0, 'pin_memory': False}
2026-06-11 20:10:22 | DEBUG    | [adapter   :get_iterator      : 373] | 🐞 Creating DataLoader for validation/evaluation: dataset_len=255, batch_size=16, shuffle=False, drop_last=False, collate_fn_type='function', loader_kwargs={'num_workers': 0, 'pin_memory': False}
2026-06-11 20:10:42 | INFO     | [callbacks :on_epoch_end      : 131] | ℹ️   epoch    train_acc    train_loss    valid_acc    valid_loss   cp           lr      dur
2026-06-11 20:10:42 | INFO     | [callbacks :on_epoch_end      : 131] | ℹ️ -------  -----------  ------------  -----------  ------------  ----  ----------  -------
2026-06-11 20:10:42 | INFO     | [callbacks :on_epoch_end      : 131] | ℹ️       1     ▲ 0.2601      ▼ 2.1415     ▲ 0.4275      ▼ 1.6852        4.9975e-05  20.2103
2026-06-11 20:11:01 | INFO     | [callbacks :on_epoch_end      : 131] | ℹ️       2     ▲ 0.4066      ▼ 1.7968     ▲ 0.4863      ▼ 1.5113        4.9901e-05  18.3748
2026-06-11 20:11:19 | INFO     | [callbacks :on_epoch_end      : 131] | ℹ️       3     ▲ 0.4685      ▼ 1.6988     ▲ 0.5255      ▼ 1.4102        4.9778e-05  18.4134
2026-06-11 20:11:38 | INFO     | [callbacks :on_epoch_end      : 131] | ℹ️       4     ▲ 0.5054      ▼ 1.5452       0.4941      ▼ 1.4088        4.9606e-05  18.3904
2026-06-11 20:11:56 | INFO     | [callbacks :on_epoch_end      : 131] | ℹ️       5     ▲ 0.5270      ▼ 1.4981       0.4863        1.4112        4.9386e-05  18.5042
2026-06-11 20:12:15 | INFO     | [callbacks :on_epoch_end      : 131] | ℹ️       6     ▲ 0.5580      ▼ 1.4600     ▲ 0.5569      ▼ 1.3461        4.9117e-05  18.3013
2026-06-11 20:12:33 | INFO     | [callbacks :on_epoch_end      : 131] | ℹ️       7     ▲ 0.5728      ▼ 1.3996       0.5137         1.352        4.8801e-05  18.3936
2026-06-11 20:12:51 | INFO     | [callbacks :on_epoch_end      : 131] | ℹ️       8     ▲ 0.6141      ▼ 1.3319        0.549        1.3641        4.8438e-05  18.4056
2026-06-11 20:13:10 | INFO     | [callbacks :on_epoch_end      : 131] | ℹ️       9     ▲ 0.6175      ▼ 1.2493       0.5412      ▼ 1.3184        4.8028e-05  18.374
2026-06-11 20:13:28 | INFO     | [callbacks :on_epoch_end      : 131] | ℹ️      10     ▲ 0.6445      ▼ 1.2138       0.5373        1.4232        4.7574e-05  18.4643
2026-06-11 20:13:47 | INFO     | [callbacks :on_epoch_end      : 131] | ℹ️      11     ▲ 0.6632      ▼ 1.1283       0.5529        1.4409        4.7075e-05  18.3307
2026-06-11 20:14:05 | INFO     | [callbacks :on_epoch_end      : 131] | ℹ️      12     ▲ 0.6873      ▼ 1.1047     ▲ 0.5569        1.4569        4.6532e-05  18.3016
2026-06-11 20:14:23 | INFO     | [callbacks :on_epoch_end      : 131] | ℹ️      13     ▲ 0.6957      ▼ 1.1033     ▲ 0.5725        1.4707        4.5947e-05  18.3794
2026-06-11 20:14:42 | INFO     | [callbacks :on_epoch_end      : 131] | ℹ️      14       0.6726      ▼ 1.0942       0.5412        1.4958        4.5321e-05  18.442
2026-06-11 20:15:00 | INFO     | [callbacks :on_epoch_end      : 131] | ℹ️      15     ▲ 0.7217      ▼ 1.0127       0.5608        1.4586        4.4655e-05  18.369
2026-06-11 20:15:19 | INFO     | [callbacks :on_epoch_end      : 131] | ℹ️      16       0.7148      ▼ 0.9581       0.5686        1.5142        4.395e-05  18.5302
2026-06-11 20:15:37 | INFO     | [callbacks :on_epoch_end      : 131] | ℹ️      17       0.7139        0.9943        0.549        1.5623        4.3208e-05  18.3407
2026-06-11 20:15:55 | INFO     | [callbacks :on_epoch_end      : 131] | ℹ️      18     ▲ 0.7439      ▼ 0.9567     ▲ 0.5725         1.522        4.2431e-05  18.2885
2026-06-11 20:16:14 | INFO     | [callbacks :on_epoch_end      : 131] | ℹ️      19     ▲ 0.7645      ▼ 0.9214       0.5647        1.5864        4.1619e-05  18.2724
2026-06-11 20:16:32 | INFO     | [callbacks :on_epoch_end      : 131] | ℹ️      20       0.7493      ▼ 0.8907       0.5647        1.5761        4.0776e-05  18.3159
2026-06-11 20:16:50 | INFO     | [callbacks :on_epoch_end      : 131] | ℹ️      21       0.7443        0.9589       0.5569        1.5352        3.9901e-05  18.4623
2026-06-11 20:17:09 | INFO     | [callbacks :on_epoch_end      : 131] | ℹ️      22       0.7498        0.9162       0.5647        1.5937        3.8997e-05  18.3152
2026-06-11 20:17:27 | INFO     | [callbacks :on_epoch_end      : 131] | ℹ️      23     ▲ 0.7679      ▼ 0.8396     ▲ 0.5961        1.6421        3.8066e-05  18.3061
2026-06-11 20:17:45 | INFO     | [pipeline  :cv_model_evalua...:1500] | ℹ️ Using best model from epoch 24
2026-06-11 20:17:45 | INFO     | [pipeline  :cv_model_evalua...:1503] | ℹ️ Evaluating model on outer test set for fold 9...
2026-06-11 20:17:45 | DEBUG    | [adapter   :get_iterator      : 373] | 🐞 Creating DataLoader for validation/evaluation: dataset_len=254, batch_size=16, shuffle=False, drop_last=False, collate_fn_type='function', loader_kwargs={'num_workers': 0, 'pin_memory': False}
2026-06-11 20:17:46 | DEBUG    | [adapter   :get_iterator      : 373] | 🐞 Creating DataLoader for validation/evaluation: dataset_len=254, batch_size=16, shuffle=False, drop_last=False, collate_fn_type='function', loader_kwargs={'num_workers': 0, 'pin_memory': False}
2026-06-11 20:17:47 | DEBUG    | [pipeline  :_compute_metrics  : 479] | 🐞 Computed Metrics: Acc=0.5197, Macro F1=0.5062
2026-06-11 20:17:47 | INFO     | [pipeline  :cv_model_evalua...:1522] | ℹ️ Fold 9 Test Scores: Acc=0.5197, F1=0.5062
2026-06-11 20:17:47 | INFO     | [pipeline  :cv_model_evalua...:1451] | ℹ️ --- Starting CV Evaluation Fold 10/10 ---
2026-06-11 20:17:47 | DEBUG    | [pipeline  :cv_model_evalua...:1457] | 🐞 Outer split (full set): 2289 train / 254 test samples.
2026-06-11 20:17:47 | DEBUG    | [pipeline  :cv_model_evalua...:1476] | 🐞 Fold 10: Internal split: ~2035 train / ~254 valid.
2026-06-11 20:17:47 | INFO     | [pipeline  :cv_model_evalua...:1486] | ℹ️ Fitting model for fold 10...
2026-06-11 20:17:47 | DEBUG    | [pretrai...:__init__          :  75] | 🐞 Initializing PretrainedViT:
2026-06-11 20:17:47 | DEBUG    | [pretrai...:__init__          :  76] | 🐞   Model Variant: vit_b_16, Pretrained: True
2026-06-11 20:17:47 | DEBUG    | [pretrai...:__init__          :  77] | 🐞   Is Hybrid Input: False
2026-06-11 20:17:47 | DEBUG    | [pretrai...:__init__          :  80] | 🐞   Unfreeze Strategy (Encoder Blocks): encoder_tail
2026-06-11 20:17:47 | DEBUG    | [pretrai...:__init__          :  82] | 🐞   Num Transformer Blocks to Unfreeze: 6
2026-06-11 20:17:47 | DEBUG    | [pretrai...:__init__          :  83] | 🐞   Unfreeze CLS: True, PosEmb: True, PatchEmb: False, EncoderLN: True
2026-06-11 20:17:47 | DEBUG    | [pretrai...:__init__          :  85] | 🐞   Custom Head Hidden Dims: None, Head Dropout: 0.5
2026-06-11 20:17:47 | DEBUG    | [pretrai...:__init__          : 106] | 🐞 Loaded vit_b_16 from torchvision.
2026-06-11 20:17:47 | DEBUG    | [pretrai...:__init__          : 283] | 🐞 Created simple linear head (dropout: 0.5), in_feat=768.
2026-06-11 20:17:47 | INFO     | [pretrai...:__init__          : 293] | ℹ️ PretrainedViT (standard) - Trainable: CLS Token, Positional Embeddings, 6 Encoder Blocks, Encoder LayerNorm, Classification Head.
2026-06-11 20:17:47 | INFO     | [pretrai...:__init__          : 313] | ℹ️ PretrainedViT (standard): Trainable params: 42.69M / Total params: 85.81M (49.75%)
2026-06-11 20:17:47 | DEBUG    | [adapter   :get_split_datasets: 205] | 🐞 Validation split for fold created with 255 original samples.
2026-06-11 20:17:47 | DEBUG    | [adapter   :get_split_datasets: 245] | 🐞 No offline augmentations will be applied.
2026-06-11 20:17:48 | DEBUG    | [adapter   :get_split_datasets: 252] | 🐞 Total training split for fold created with 2034 samples.
2026-06-11 20:17:48 | DEBUG    | [adapter   :get_iterator      : 373] | 🐞 Creating DataLoader for training: dataset_len=2034, batch_size=16, shuffle=True, drop_last=False, collate_fn_type='function', loader_kwargs={'num_workers': 0, 'pin_memory': False}
2026-06-11 20:17:48 | DEBUG    | [adapter   :get_iterator      : 373] | 🐞 Creating DataLoader for validation/evaluation: dataset_len=255, batch_size=16, shuffle=False, drop_last=False, collate_fn_type='function', loader_kwargs={'num_workers': 0, 'pin_memory': False}
2026-06-11 20:18:08 | INFO     | [callbacks :on_epoch_end      : 131] | ℹ️   epoch    train_acc    train_loss    valid_acc    valid_loss   cp           lr      dur
2026-06-11 20:18:08 | INFO     | [callbacks :on_epoch_end      : 131] | ℹ️ -------  -----------  ------------  -----------  ------------  ----  ----------  -------
2026-06-11 20:18:08 | INFO     | [callbacks :on_epoch_end      : 131] | ℹ️       1     ▲ 0.2738      ▼ 2.1397     ▲ 0.4392      ▼ 1.5380        4.9975e-05  20.2596
2026-06-11 20:18:26 | INFO     | [callbacks :on_epoch_end      : 131] | ℹ️       2     ▲ 0.4105      ▼ 1.8256     ▲ 0.4902      ▼ 1.3338        4.9901e-05  18.3493
2026-06-11 20:18:45 | INFO     | [callbacks :on_epoch_end      : 131] | ℹ️       3     ▲ 0.4474      ▼ 1.6855     ▲ 0.4980      ▼ 1.2735        4.9778e-05  18.4445
2026-06-11 20:19:03 | INFO     | [callbacks :on_epoch_end      : 131] | ℹ️       4     ▲ 0.4848      ▼ 1.6058     ▲ 0.5529      ▼ 1.2149        4.9606e-05  18.4721
2026-06-11 20:19:22 | INFO     | [callbacks :on_epoch_end      : 131] | ℹ️       5     ▲ 0.5054      ▼ 1.5002        0.549        1.2163        4.9386e-05  18.4514
2026-06-11 20:19:40 | INFO     | [callbacks :on_epoch_end      : 131] | ℹ️       6     ▲ 0.5541      ▼ 1.4346       0.5255        1.3496        4.9117e-05  18.2912
2026-06-11 20:19:58 | INFO     | [callbacks :on_epoch_end      : 131] | ℹ️       7     ▲ 0.5708      ▼ 1.3421       0.5412        1.2372        4.8801e-05  18.3859
2026-06-11 20:20:17 | INFO     | [callbacks :on_epoch_end      : 131] | ℹ️       8     ▲ 0.5973      ▼ 1.3255       0.5294        1.2284        4.8438e-05  18.3069
2026-06-11 20:20:35 | INFO     | [callbacks :on_epoch_end      : 131] | ℹ️       9     ▲ 0.6652      ▼ 1.1946     ▲ 0.5569        1.2692        4.8028e-05  18.3367
2026-06-11 20:20:53 | INFO     | [callbacks :on_epoch_end      : 131] | ℹ️      10     ▲ 0.6676      ▼ 1.1687     ▲ 0.5804        1.3356        4.7574e-05  18.3731
2026-06-11 20:21:12 | INFO     | [callbacks :on_epoch_end      : 131] | ℹ️      11     ▲ 0.6976      ▼ 1.0915       0.5647        1.3746        4.7075e-05  18.3433
2026-06-11 20:21:30 | INFO     | [callbacks :on_epoch_end      : 131] | ℹ️      12     ▲ 0.7016      ▼ 1.0838       0.5529        1.3798        4.6532e-05  18.3141
2026-06-11 20:21:48 | INFO     | [callbacks :on_epoch_end      : 131] | ℹ️      13        0.676        1.0863       0.5686        1.3265        4.5947e-05  18.3013
2026-06-11 20:22:07 | INFO     | [callbacks :on_epoch_end      : 131] | ℹ️      14       0.6849        1.0838     ▲ 0.5922        1.3267        4.5321e-05  18.4254
2026-06-11 20:22:25 | INFO     | [callbacks :on_epoch_end      : 131] | ℹ️      15     ▲ 0.7188      ▼ 1.0431       0.5843        1.3852        4.4655e-05  18.3354
2026-06-11 20:22:43 | INFO     | [callbacks :on_epoch_end      : 131] | ℹ️      16     ▲ 0.7645      ▼ 0.9338       0.5647        1.4003        4.395e-05  18.3386
2026-06-11 20:23:02 | INFO     | [callbacks :on_epoch_end      : 131] | ℹ️      17       0.7266        0.9841     ▲ 0.5922        1.4624        4.3208e-05  18.4162
2026-06-11 20:23:20 | INFO     | [callbacks :on_epoch_end      : 131] | ℹ️      18       0.7434        0.9433       0.5686         1.402        4.2431e-05  18.3248
2026-06-11 20:23:38 | INFO     | [pipeline  :cv_model_evalua...:1500] | ℹ️ Using best model from epoch 19
2026-06-11 20:23:38 | INFO     | [pipeline  :cv_model_evalua...:1503] | ℹ️ Evaluating model on outer test set for fold 10...
2026-06-11 20:23:39 | DEBUG    | [adapter   :get_iterator      : 373] | 🐞 Creating DataLoader for validation/evaluation: dataset_len=254, batch_size=16, shuffle=False, drop_last=False, collate_fn_type='function', loader_kwargs={'num_workers': 0, 'pin_memory': False}
2026-06-11 20:23:39 | DEBUG    | [adapter   :get_iterator      : 373] | 🐞 Creating DataLoader for validation/evaluation: dataset_len=254, batch_size=16, shuffle=False, drop_last=False, collate_fn_type='function', loader_kwargs={'num_workers': 0, 'pin_memory': False}
2026-06-11 20:23:40 | DEBUG    | [pipeline  :_compute_metrics  : 479] | 🐞 Computed Metrics: Acc=0.5197, Macro F1=0.5055
2026-06-11 20:23:40 | INFO     | [pipeline  :cv_model_evalua...:1522] | ℹ️ Fold 10 Test Scores: Acc=0.5197, F1=0.5055
2026-06-11 20:23:40 | DEBUG    | [pipeline  :_save_results     : 527] | 🐞 Results detail level overridden for this run to: 2
2026-06-11 20:23:40 | DEBUG    | [pipeline  :_save_results     : 534] | 🐞 Saving results for cv_model_evaluation_full_191736 (detail level: 2)
2026-06-11 20:23:40 | INFO     | [pipeline  :_save_results     : 632] | ℹ️ Results JSON saved via repository to: experiments/CCSN/pvit/20260611_191736_seed42/cv_model_evaluation_full_191736/cv_model_evaluation_results.json
2026-06-11 20:23:40 | INFO     | [pipeline  :cv_model_evalua...:1632] | ℹ️ Plotting cv for eval results for cv_model_evaluation_full_191736 (plot level 2).
2026-06-11 20:23:40 | INFO     | [plotter   :plot_cv_model_e...: 834] | ℹ️ Plotting cv_model_evaluation results for: cv_model_evaluation_full_191736
2026-06-11 20:23:41 | INFO     | [plotter   :_generate_aggre...: 296] | ℹ️ Aggregated metrics CSV saved via repository to: experiments/CCSN/pvit/20260611_191736_seed42/cv_model_evaluation_full_191736/cv_model_evaluation_plots/aggregated_metrics_table.csv
2026-06-11 20:23:42 | INFO     | [plotter   :plot_cv_model_e...: 889] | ℹ️ Generating grouped plots per fold for 10 folds...
2026-06-11 20:23:54 | INFO     | [plotter   :_generate_metri...: 241] | ℹ️ Metrics CSV saved via repository to: experiments/CCSN/pvit/20260611_191736_seed42/cv_model_evaluation_full_191736/cv_model_evaluation_plots/fold_1_metrics_table.csv
2026-06-11 20:23:54 | INFO     | [plotter   :_generate_metri...: 241] | ℹ️ Metrics CSV saved via repository to: experiments/CCSN/pvit/20260611_191736_seed42/cv_model_evaluation_full_191736/cv_model_evaluation_plots/fold_2_metrics_table.csv
2026-06-11 20:23:54 | INFO     | [plotter   :_generate_metri...: 241] | ℹ️ Metrics CSV saved via repository to: experiments/CCSN/pvit/20260611_191736_seed42/cv_model_evaluation_full_191736/cv_model_evaluation_plots/fold_3_metrics_table.csv
2026-06-11 20:23:54 | INFO     | [plotter   :_generate_metri...: 241] | ℹ️ Metrics CSV saved via repository to: experiments/CCSN/pvit/20260611_191736_seed42/cv_model_evaluation_full_191736/cv_model_evaluation_plots/fold_4_metrics_table.csv
2026-06-11 20:23:54 | INFO     | [plotter   :_generate_metri...: 241] | ℹ️ Metrics CSV saved via repository to: experiments/CCSN/pvit/20260611_191736_seed42/cv_model_evaluation_full_191736/cv_model_evaluation_plots/fold_5_metrics_table.csv
2026-06-11 20:23:54 | INFO     | [plotter   :_generate_metri...: 241] | ℹ️ Metrics CSV saved via repository to: experiments/CCSN/pvit/20260611_191736_seed42/cv_model_evaluation_full_191736/cv_model_evaluation_plots/fold_6_metrics_table.csv
2026-06-11 20:23:54 | INFO     | [plotter   :_generate_metri...: 241] | ℹ️ Metrics CSV saved via repository to: experiments/CCSN/pvit/20260611_191736_seed42/cv_model_evaluation_full_191736/cv_model_evaluation_plots/fold_7_metrics_table.csv
2026-06-11 20:23:54 | INFO     | [plotter   :_generate_metri...: 241] | ℹ️ Metrics CSV saved via repository to: experiments/CCSN/pvit/20260611_191736_seed42/cv_model_evaluation_full_191736/cv_model_evaluation_plots/fold_8_metrics_table.csv
2026-06-11 20:23:54 | INFO     | [plotter   :_generate_metri...: 241] | ℹ️ Metrics CSV saved via repository to: experiments/CCSN/pvit/20260611_191736_seed42/cv_model_evaluation_full_191736/cv_model_evaluation_plots/fold_9_metrics_table.csv
2026-06-11 20:23:54 | INFO     | [plotter   :_generate_metri...: 241] | ℹ️ Metrics CSV saved via repository to: experiments/CCSN/pvit/20260611_191736_seed42/cv_model_evaluation_full_191736/cv_model_evaluation_plots/fold_10_metrics_table.csv
2026-06-11 20:23:54 | INFO     | [plotter   :plot_cv_model_e...:1038] | ℹ️ Finished plotting for cv_model_evaluation: cv_model_evaluation_full_191736
2026-06-11 20:23:54 | INFO     | [pipeline  :cv_model_evalua...:1648] | ℹ️ CV Evaluation Summary (on full data, 10 folds, 95% CI):
2026-06-11 20:23:54 | INFO     | [pipeline  :cv_model_evalua...:1654] | ℹ️   Accuracy            : 0.5450 +/- 0.0267
2026-06-11 20:23:54 | INFO     | [pipeline  :cv_model_evalua...:1654] | ℹ️   F1 Macro            : 0.5379 +/- 0.0264
2026-06-11 20:23:54 | INFO     | [pipeline  :cv_model_evalua...:1654] | ℹ️   Precision Macro     : 0.5530 +/- 0.0253
2026-06-11 20:23:54 | INFO     | [pipeline  :cv_model_evalua...:1654] | ℹ️   Recall Macro        : 0.5523 +/- 0.0266
2026-06-11 20:23:54 | INFO     | [pipeline  :cv_model_evalua...:1654] | ℹ️   Specificity Macro   : 0.9545 +/- 0.0027
2026-06-11 20:23:54 | INFO     | [pipeline  :cv_model_evalua...:1654] | ℹ️   Roc Auc Macro       : 0.9033 +/- 0.0112
2026-06-11 20:23:54 | INFO     | [pipeline  :cv_model_evalua...:1654] | ℹ️   Pr Auc Macro        : 0.5803 +/- 0.0212
2026-06-11 20:23:54 | INFO     | [executor  :run               : 298] | ℹ️ --- Method cv_model_evaluation (Op ID: cv_model_evaluation_0) completed successfully in 3978.48s ---
2026-06-11 20:23:54 | INFO     | [executor  :run               : 355] | ℹ️ Pipeline execution finished successfully in 3978.48s for Executor Run ID: 20260611_191736_seed42.
2026-06-11 20:23:54 | INFO     | [executor  :run               : 361] | ℹ️ Executor run for 20260611_191736_seed42 attempting final log operations.
2026-06-11 20:23:54 | DEBUG    | [executor  :_upload_and_cle...: 207] | 🐞 Flushing and closing log handler for: C:\Users\Stefan Alexandrescu\Documents\GitHub\UBB-Y3-AI-Research\model_src\experiments\CCSN\pvit\20260611_191736_seed42\executor_run_20260611_191736_seed42.log before upload/cleanup.
2026-06-11 20:23:54 | INFO     | [executor  :_upload_and_cle...: 233] | ℹ️ Main executor log file available at: C:\Users\Stefan Alexandrescu\Documents\GitHub\UBB-Y3-AI-Research\model_src\experiments\CCSN\pvit\20260611_191736_seed42\executor_run_20260611_191736_seed42.log
2026-06-11 20:23:54 | INFO     | [main      :<module>          : 346] | ℹ️ --- Final Execution Results Summary ---
2026-06-11 20:23:54 | INFO     | [main      :<module>          : 357] | ℹ️ Method executor_run_id: Completed. Result: 20260611_191736_seed42
2026-06-11 20:23:54 | INFO     | [main      :<module>          : 357] | ℹ️ Method seed_used: Completed. Result: 42
2026-06-11 20:23:54 | INFO     | [main      :<module>          : 354] | ℹ️ Method cv_model_evaluation_0: Completed. (Acc: 0.5450, F1: 0.5379, BestScore: nan)
