Timestamp           | Level    | Location                             | Message
--------------------+----------+--------------------------------------+---------------------------------------------------
2026-07-05 13:36:51 | INFO     | [logger_...:setup_logger      : 130] | ℹ️ Logger 'ImgClassPipe' initialized. Log file: C:\Users\Stefan Alexandrescu\Documents\GitHub\UBB-Y3-AI-Research\model_src\experiments\CCSN\pvit\20260705_133651_seed42\executor_run_20260705_133651_seed42.log
2026-07-05 13:36:51 | INFO     | [executor  :__init__          : 121] | ℹ️ Local main executor log file for this run (may be temporary): C:\Users\Stefan Alexandrescu\Documents\GitHub\UBB-Y3-AI-Research\model_src\experiments\CCSN\pvit\20260705_133651_seed42\executor_run_20260705_133651_seed42.log
2026-07-05 13:36:51 | INFO     | [executor  :__init__          : 126] | ℹ️ --- Starting Executor Run (ID: 20260705_133651_seed42) ---
2026-07-05 13:36:51 | INFO     | [executor  :__init__          : 127] | ℹ️ Executor initialized for model 'pvit' on dataset 'CCSN'
2026-07-05 13:36:51 | INFO     | [executor  :__init__          : 130] | ℹ️ Local artifact storage base: C:\Users\Stefan Alexandrescu\Documents\GitHub\UBB-Y3-AI-Research\model_src
2026-07-05 13:36:51 | INFO     | [executor  :__init__          : 134] | ℹ️ Base key/prefix for this executor run's artifacts: experiments/CCSN/pvit/20260705_133651_seed42
2026-07-05 13:36:51 | INFO     | [pipeline  :__init__          : 165] | ℹ️ Initializing Classification Pipeline:
2026-07-05 13:36:51 | INFO     | [pipeline  :__init__          : 166] | ℹ️   Dataset Path: C:\Users\Stefan Alexandrescu\Documents\GitHub\UBB-Y3-AI-Research\model_src\data\CCSN
2026-07-05 13:36:51 | INFO     | [pipeline  :__init__          : 167] | ℹ️   Model Type: pvit
2026-07-05 13:36:51 | INFO     | [pipeline  :__init__          : 170] | ℹ️   Artifact base key prefix for this run: experiments/CCSN/pvit/20260705_133651_seed42 (using LocalFileSystemRepository)
2026-07-05 13:36:51 | INFO     | [pipeline  :__init__          : 174] | ℹ️   Default Augmentation Strategy: AugmentationStrategy.NO_AUGMENTATION
2026-07-05 13:36:51 | INFO     | [pipeline  :__init__          : 175] | ℹ️   Default Show First Batch Aug: True
2026-07-05 13:36:51 | INFO     | [dataset...:__init__          : 529] | ℹ️ Using augmentation strategy: AugmentationStrategy.NO_AUGMENTATION
2026-07-05 13:36:51 | INFO     | [dataset...:__init__          : 560] | ℹ️ Detected dataset structure: flat
2026-07-05 13:36:51 | INFO     | [dataset...:_load_paths_and...: 787] | ℹ️ Scanning FLAT dataset from C:\Users\Stefan Alexandrescu\Documents\GitHub\UBB-Y3-AI-Research\model_src\data\CCSN...
2026-07-05 13:36:51 | INFO     | [dataset...:_load_paths_and...: 867] | ℹ️ Loaded 2543 offline augmented samples with original name mapping.
2026-07-05 13:36:51 | INFO     | [dataset...:_load_paths_and...: 874] | ℹ️ Final Original Dataset sizes: 2288 original train+val, 255 original test. Offline augmented samples loaded: 2543.
2026-07-05 13:36:51 | INFO     | [dataset...:__init__          : 586] | ℹ️ Found 11 classes: Ac, As, Cb, Cc, Ci, Cs, Ct, Cu, Ns, Sc, St
2026-07-05 13:36:51 | INFO     | [dataset...:_calculate_clas...: 676] | ℹ️ Calculating class weights for the training set...
2026-07-05 13:36:51 | INFO     | [dataset...:_calculate_clas...: 690] | ℹ️ Calculated class weights (for classes 0 to 10):
2026-07-05 13:36:51 | INFO     | [dataset...:_calculate_clas...: 692] | ℹ️   - Ac (Class 0): 1.0452
2026-07-05 13:36:51 | INFO     | [dataset...:_calculate_clas...: 692] | ℹ️   - As (Class 1): 1.2308
2026-07-05 13:36:51 | INFO     | [dataset...:_calculate_clas...: 692] | ℹ️   - Cb (Class 2): 0.9541
2026-07-05 13:36:51 | INFO     | [dataset...:_calculate_clas...: 692] | ℹ️   - Cc (Class 3): 0.8631
2026-07-05 13:36:51 | INFO     | [dataset...:_calculate_clas...: 692] | ℹ️   - Ci (Class 4): 1.6640
2026-07-05 13:36:51 | INFO     | [dataset...:_calculate_clas...: 692] | ℹ️   - Cs (Class 5): 0.8062
2026-07-05 13:36:51 | INFO     | [dataset...:_calculate_clas...: 692] | ℹ️   - Ct (Class 6): 1.1556
2026-07-05 13:36:51 | INFO     | [dataset...:_calculate_clas...: 692] | ℹ️   - Cu (Class 7): 1.2683
2026-07-05 13:36:51 | INFO     | [dataset...:_calculate_clas...: 692] | ℹ️   - Ns (Class 8): 0.8455
2026-07-05 13:36:51 | INFO     | [dataset...:_calculate_clas...: 692] | ℹ️   - Sc (Class 9): 0.6797
2026-07-05 13:36:51 | INFO     | [dataset...:_calculate_clas...: 692] | ℹ️   - St (Class 10): 1.1429
2026-07-05 13:36:51 | INFO     | [dataset...:__init__          : 592] | ℹ️ Dataset sizes: 2288 train+val, 255 test. Total: 2543
2026-07-05 13:36:51 | INFO     | [pipeline  :__init__          : 185] | ℹ️   Artifact base key prefix for this run: experiments/CCSN/pvit/20260705_133651_seed42 (using LocalFileSystemRepository)
2026-07-05 13:36:51 | INFO     | [pipeline  :__init__          : 212] | ℹ️   Using Optimizer: AdamW
2026-07-05 13:36:51 | DEBUG    | [callbacks :get_default_cal...: 172] | 🐞 Default LRScheduler callback instance created with policy: ReduceLROnPlateau, kwargs: {'patience': 2, 'mode': 'min', 'factor': 0.1, 'min_lr': 1e-06, 'verbose': False}, monitor: valid_loss
2026-07-05 13:36:51 | INFO     | [pipeline  :__init__          : 269] | ℹ️   Model Adapter: Initialized with PretrainedViT
2026-07-05 13:36:51 | DEBUG    | [executor  :_validate_methods : 189] | 🐞 Basic method validation successful.
2026-07-05 13:36:51 | INFO     | [executor  :__init__          : 168] | ℹ️ Executor configured to run methods: cv_model_evaluation
2026-07-05 13:36:51 | INFO     | [executor  :run               : 237] | ℹ️ Starting execution of methods for Executor Run ID: 20260705_133651_seed42
2026-07-05 13:36:51 | INFO     | [executor  :run               : 246] | ℹ️ --- Running Method 1/1: cv_model_evaluation (Op ID: cv_model_evaluation_0) ---
2026-07-05 13:36:51 | DEBUG    | [executor  :run               : 291] | 🐞 Running method 'cv_model_evaluation' with effective parameters: {'params': {'max_epochs': 70, 'lr': 5e-05, 'batch_size': 16, 'optimizer': 'AdamW', 'optimizer__weight_decay': 0.2, 'callbacks__default_lr_scheduler__policy': 'CosineAnnealingLR', 'callbacks__default_lr_scheduler__T_max': 70, 'callbacks__default_lr_scheduler__eta_min': 1e-06, 'callbacks__default_early_stopping__patience': 15, 'cutmix_alpha': 1.0, 'cutmix_probability': 0.9, 'module__vit_model_variant': 'vit_b_16', 'module__pretrained': True, 'module__unfreeze_strategy': 'encoder_tail', 'module__num_transformer_blocks_to_unfreeze': 6, 'module__unfreeze_cls_token': True, 'module__unfreeze_pos_embedding': True, 'module__unfreeze_patch_embedding': False, 'module__unfreeze_encoder_layernorm': True, 'module__custom_head_hidden_dims': None, 'module__head_dropout_rate': 0.5, 'iterator_train__shuffle': True}, 'val_split_ratio': 0.11111111111111112, 'cv': 10, 'evaluate_on': 'full', 'results_detail_level': 2}
2026-07-05 13:36:51 | INFO     | [pipeline  :cv_model_evalua...:1354] | ℹ️ Performing 10-fold CV for evaluation with fixed parameters.
2026-07-05 13:36:51 | INFO     | [pipeline  :cv_model_evalua...:1373] | ℹ️ Using full dataset (2543 samples) for CV evaluation.
2026-07-05 13:36:51 | INFO     | [pipeline  :cv_model_evalua...:1397] | ℹ️ Using provided parameters for CV evaluation: {'max_epochs': 70, 'lr': 5e-05, 'batch_size': 16, 'optimizer': 'AdamW', 'optimizer__weight_decay': 0.2, 'callbacks__default_lr_scheduler__policy': 'CosineAnnealingLR', 'callbacks__default_lr_scheduler__T_max': 70, 'callbacks__default_lr_scheduler__eta_min': 1e-06, 'callbacks__default_early_stopping__patience': 15, 'cutmix_alpha': 1.0, 'cutmix_probability': 0.9, 'module__vit_model_variant': 'vit_b_16', 'module__pretrained': True, 'module__unfreeze_strategy': 'encoder_tail', 'module__num_transformer_blocks_to_unfreeze': 6, 'module__unfreeze_cls_token': True, 'module__unfreeze_pos_embedding': True, 'module__unfreeze_patch_embedding': False, 'module__unfreeze_encoder_layernorm': True, 'module__custom_head_hidden_dims': None, 'module__head_dropout_rate': 0.5, 'iterator_train__shuffle': True}
2026-07-05 13:36:51 | DEBUG    | [param_g...:parse_fixed_hyp...: 163] | 🐞 Created LRScheduler instance: policy=CosineAnnealingLR, direct_args={}, constructor_kwargs={'T_max': 70, 'eta_min': 1e-06}
2026-07-05 13:36:51 | INFO     | [pipeline  :cv_model_evalua...:1418] | ℹ️ Skorch internal validation split configured: 11.1% of each CV fold's training data.
2026-07-05 13:36:51 | DEBUG    | [pipeline  :cv_model_evalua...:1445] | 🐞 Will compute detailed metrics (detail_level=2, plot_level=2)
2026-07-05 13:36:51 | INFO     | [pipeline  :cv_model_evalua...:1451] | ℹ️ --- Starting CV Evaluation Fold 1/10 ---
2026-07-05 13:36:51 | DEBUG    | [pipeline  :cv_model_evalua...:1457] | 🐞 Outer split (full set): 2288 train / 255 test samples.
2026-07-05 13:36:51 | DEBUG    | [pipeline  :cv_model_evalua...:1476] | 🐞 Fold 1: Internal split: ~2034 train / ~254 valid.
2026-07-05 13:36:51 | INFO     | [pipeline  :cv_model_evalua...:1486] | ℹ️ Fitting model for fold 1...
2026-07-05 13:36:51 | DEBUG    | [pretrai...:__init__          :  75] | 🐞 Initializing PretrainedViT:
2026-07-05 13:36:51 | DEBUG    | [pretrai...:__init__          :  76] | 🐞   Model Variant: vit_b_16, Pretrained: True
2026-07-05 13:36:51 | DEBUG    | [pretrai...:__init__          :  77] | 🐞   Is Hybrid Input: False
2026-07-05 13:36:51 | DEBUG    | [pretrai...:__init__          :  80] | 🐞   Unfreeze Strategy (Encoder Blocks): encoder_tail
2026-07-05 13:36:51 | DEBUG    | [pretrai...:__init__          :  82] | 🐞   Num Transformer Blocks to Unfreeze: 6
2026-07-05 13:36:51 | DEBUG    | [pretrai...:__init__          :  83] | 🐞   Unfreeze CLS: True, PosEmb: True, PatchEmb: False, EncoderLN: True
2026-07-05 13:36:51 | DEBUG    | [pretrai...:__init__          :  85] | 🐞   Custom Head Hidden Dims: None, Head Dropout: 0.5
2026-07-05 13:36:52 | DEBUG    | [pretrai...:__init__          : 106] | 🐞 Loaded vit_b_16 from torchvision.
2026-07-05 13:36:52 | DEBUG    | [pretrai...:__init__          : 283] | 🐞 Created simple linear head (dropout: 0.5), in_feat=768.
2026-07-05 13:36:52 | INFO     | [pretrai...:__init__          : 293] | ℹ️ PretrainedViT (standard) - Trainable: CLS Token, Positional Embeddings, 6 Encoder Blocks, Encoder LayerNorm, Classification Head.
2026-07-05 13:36:52 | INFO     | [pretrai...:__init__          : 313] | ℹ️ PretrainedViT (standard): Trainable params: 42.69M / Total params: 85.81M (49.75%)
2026-07-05 13:36:52 | DEBUG    | [adapter   :get_split_datasets: 205] | 🐞 Validation split for fold created with 255 original samples.
2026-07-05 13:36:52 | DEBUG    | [adapter   :get_split_datasets: 219] | 🐞 Original training set created with 2033 samples. Now checking for relevant offline augmentations...
2026-07-05 13:36:52 | DEBUG    | [adapter   :get_split_datasets: 240] | 🐞 Added 2033 relevant offline augmented samples to current training fold.
2026-07-05 13:36:52 | DEBUG    | [adapter   :get_split_datasets: 252] | 🐞 Total training split for fold created with 4066 samples.
2026-07-05 13:36:52 | DEBUG    | [adapter   :get_iterator      : 373] | 🐞 Creating DataLoader for training: dataset_len=4066, batch_size=16, shuffle=True, drop_last=False, collate_fn_type='function', loader_kwargs={'num_workers': 0, 'pin_memory': False}
2026-07-05 13:36:52 | DEBUG    | [adapter   :get_iterator      : 373] | 🐞 Creating DataLoader for validation/evaluation: dataset_len=255, batch_size=16, shuffle=False, drop_last=False, collate_fn_type='function', loader_kwargs={'num_workers': 0, 'pin_memory': False}
2026-07-05 13:37:44 | INFO     | [callbacks :on_epoch_end      : 131] | ℹ️   epoch    train_acc    train_loss    valid_acc    valid_loss   cp           lr      dur
2026-07-05 13:37:44 | INFO     | [callbacks :on_epoch_end      : 131] | ℹ️ -------  -----------  ------------  -----------  ------------  ----  ----------  -------
2026-07-05 13:37:44 | INFO     | [callbacks :on_epoch_end      : 131] | ℹ️       1     ▲ 0.3731      ▼ 1.9229     ▲ 0.4471      ▼ 1.4352        4.9975e-05  51.6615
2026-07-05 13:38:30 | INFO     | [callbacks :on_epoch_end      : 131] | ℹ️       2     ▲ 0.4838      ▼ 1.6316     ▲ 0.5098      ▼ 1.4053        4.9901e-05  46.5036
2026-07-05 13:39:17 | INFO     | [callbacks :on_epoch_end      : 131] | ℹ️       3     ▲ 0.5529      ▼ 1.4365     ▲ 0.5765      ▼ 1.2907        4.9778e-05  46.29
2026-07-05 13:40:03 | INFO     | [callbacks :on_epoch_end      : 131] | ℹ️       4     ▲ 0.6153      ▼ 1.2863     ▲ 0.5961      ▼ 1.1834        4.9606e-05  46.542
2026-07-05 13:40:50 | INFO     | [callbacks :on_epoch_end      : 131] | ℹ️       5     ▲ 0.6845      ▼ 1.1905        0.549        1.2516        4.9386e-05  46.2041
2026-07-05 13:41:36 | INFO     | [callbacks :on_epoch_end      : 131] | ℹ️       6       0.6727      ▼ 1.0505       0.5647        1.3629        4.9117e-05  46.1237
2026-07-05 13:42:22 | INFO     | [callbacks :on_epoch_end      : 131] | ℹ️       7     ▲ 0.7644      ▼ 0.9525       0.5294        1.4922        4.8801e-05  46.4223
2026-07-05 13:43:09 | INFO     | [callbacks :on_epoch_end      : 131] | ℹ️       8       0.7491      ▼ 0.9106       0.5686        1.4696        4.8438e-05  46.9129
2026-07-05 13:43:55 | INFO     | [callbacks :on_epoch_end      : 131] | ℹ️       9     ▲ 0.7831      ▼ 0.8543       0.5765        1.4686        4.8028e-05  46.1142
2026-07-05 13:44:42 | INFO     | [callbacks :on_epoch_end      : 131] | ℹ️      10       0.7814        0.8545       0.5843        1.5449        4.7574e-05  46.3047
2026-07-05 13:45:28 | INFO     | [callbacks :on_epoch_end      : 131] | ℹ️      11     ▲ 0.8077      ▼ 0.8124       0.5882        1.6008        4.7075e-05  46.272
2026-07-05 13:46:14 | INFO     | [callbacks :on_epoch_end      : 131] | ℹ️      12       0.7934      ▼ 0.8017       0.5804        1.5952        4.6532e-05  46.0856
2026-07-05 13:47:00 | INFO     | [callbacks :on_epoch_end      : 131] | ℹ️      13     ▲ 0.8251      ▼ 0.7386       0.5529        1.6594        4.5947e-05  45.9567
2026-07-05 13:47:46 | INFO     | [callbacks :on_epoch_end      : 131] | ℹ️      14        0.818      ▼ 0.7277       0.5804        1.6345        4.5321e-05  46.1842
2026-07-05 13:48:32 | INFO     | [callbacks :on_epoch_end      : 131] | ℹ️      15       0.8089        0.7469       0.5725        1.6765        4.4655e-05  45.978
2026-07-05 13:49:19 | INFO     | [callbacks :on_epoch_end      : 131] | ℹ️      16       0.8062      ▼ 0.7074        0.549        1.8203        4.395e-05  46.2541
2026-07-05 13:50:05 | INFO     | [callbacks :on_epoch_end      : 131] | ℹ️      17       0.7902        0.7343       0.5569        1.8611        4.3208e-05  45.945
2026-07-05 13:50:51 | INFO     | [callbacks :on_epoch_end      : 131] | ℹ️      18       0.7976      ▼ 0.6932       0.5373        1.8016        4.2431e-05  46.4128
2026-07-05 13:51:38 | INFO     | [pipeline  :cv_model_evalua...:1500] | ℹ️ Using best model from epoch 19
2026-07-05 13:51:38 | INFO     | [pipeline  :cv_model_evalua...:1503] | ℹ️ Evaluating model on outer test set for fold 1...
2026-07-05 13:51:38 | DEBUG    | [adapter   :get_iterator      : 373] | 🐞 Creating DataLoader for validation/evaluation: dataset_len=255, batch_size=16, shuffle=False, drop_last=False, collate_fn_type='function', loader_kwargs={'num_workers': 0, 'pin_memory': False}
2026-07-05 13:51:40 | DEBUG    | [adapter   :get_iterator      : 373] | 🐞 Creating DataLoader for validation/evaluation: dataset_len=255, batch_size=16, shuffle=False, drop_last=False, collate_fn_type='function', loader_kwargs={'num_workers': 0, 'pin_memory': False}
2026-07-05 13:51:42 | DEBUG    | [pipeline  :_compute_metrics  : 479] | 🐞 Computed Metrics: Acc=0.5451, Macro F1=0.5288
2026-07-05 13:51:42 | INFO     | [pipeline  :cv_model_evalua...:1522] | ℹ️ Fold 1 Test Scores: Acc=0.5451, F1=0.5288
2026-07-05 13:51:42 | INFO     | [pipeline  :cv_model_evalua...:1451] | ℹ️ --- Starting CV Evaluation Fold 2/10 ---
2026-07-05 13:51:42 | DEBUG    | [pipeline  :cv_model_evalua...:1457] | 🐞 Outer split (full set): 2288 train / 255 test samples.
2026-07-05 13:51:42 | DEBUG    | [pipeline  :cv_model_evalua...:1476] | 🐞 Fold 2: Internal split: ~2034 train / ~254 valid.
2026-07-05 13:51:42 | INFO     | [pipeline  :cv_model_evalua...:1486] | ℹ️ Fitting model for fold 2...
2026-07-05 13:51:42 | DEBUG    | [pretrai...:__init__          :  75] | 🐞 Initializing PretrainedViT:
2026-07-05 13:51:42 | DEBUG    | [pretrai...:__init__          :  76] | 🐞   Model Variant: vit_b_16, Pretrained: True
2026-07-05 13:51:42 | DEBUG    | [pretrai...:__init__          :  77] | 🐞   Is Hybrid Input: False
2026-07-05 13:51:42 | DEBUG    | [pretrai...:__init__          :  80] | 🐞   Unfreeze Strategy (Encoder Blocks): encoder_tail
2026-07-05 13:51:42 | DEBUG    | [pretrai...:__init__          :  82] | 🐞   Num Transformer Blocks to Unfreeze: 6
2026-07-05 13:51:42 | DEBUG    | [pretrai...:__init__          :  83] | 🐞   Unfreeze CLS: True, PosEmb: True, PatchEmb: False, EncoderLN: True
2026-07-05 13:51:42 | DEBUG    | [pretrai...:__init__          :  85] | 🐞   Custom Head Hidden Dims: None, Head Dropout: 0.5
2026-07-05 13:51:43 | DEBUG    | [pretrai...:__init__          : 106] | 🐞 Loaded vit_b_16 from torchvision.
2026-07-05 13:51:43 | DEBUG    | [pretrai...:__init__          : 283] | 🐞 Created simple linear head (dropout: 0.5), in_feat=768.
2026-07-05 13:51:43 | INFO     | [pretrai...:__init__          : 293] | ℹ️ PretrainedViT (standard) - Trainable: CLS Token, Positional Embeddings, 6 Encoder Blocks, Encoder LayerNorm, Classification Head.
2026-07-05 13:51:43 | INFO     | [pretrai...:__init__          : 313] | ℹ️ PretrainedViT (standard): Trainable params: 42.69M / Total params: 85.81M (49.75%)
2026-07-05 13:51:43 | DEBUG    | [adapter   :get_split_datasets: 205] | 🐞 Validation split for fold created with 255 original samples.
2026-07-05 13:51:43 | DEBUG    | [adapter   :get_split_datasets: 219] | 🐞 Original training set created with 2033 samples. Now checking for relevant offline augmentations...
2026-07-05 13:51:43 | DEBUG    | [adapter   :get_split_datasets: 240] | 🐞 Added 2033 relevant offline augmented samples to current training fold.
2026-07-05 13:51:43 | DEBUG    | [adapter   :get_split_datasets: 252] | 🐞 Total training split for fold created with 4066 samples.
2026-07-05 13:51:43 | DEBUG    | [adapter   :get_iterator      : 373] | 🐞 Creating DataLoader for training: dataset_len=4066, batch_size=16, shuffle=True, drop_last=False, collate_fn_type='function', loader_kwargs={'num_workers': 0, 'pin_memory': False}
2026-07-05 13:51:43 | DEBUG    | [adapter   :get_iterator      : 373] | 🐞 Creating DataLoader for validation/evaluation: dataset_len=255, batch_size=16, shuffle=False, drop_last=False, collate_fn_type='function', loader_kwargs={'num_workers': 0, 'pin_memory': False}
2026-07-05 13:52:34 | INFO     | [callbacks :on_epoch_end      : 131] | ℹ️   epoch    train_acc    train_loss    valid_acc    valid_loss   cp           lr      dur
2026-07-05 13:52:34 | INFO     | [callbacks :on_epoch_end      : 131] | ℹ️ -------  -----------  ------------  -----------  ------------  ----  ----------  -------
2026-07-05 13:52:34 | INFO     | [callbacks :on_epoch_end      : 131] | ℹ️       1     ▲ 0.3689      ▼ 1.8830     ▲ 0.4863      ▼ 1.5058        4.9975e-05  50.2085
2026-07-05 13:53:20 | INFO     | [callbacks :on_epoch_end      : 131] | ℹ️       2     ▲ 0.4961      ▼ 1.5783     ▲ 0.5255      ▼ 1.4083        4.9901e-05  46.2371
2026-07-05 13:54:06 | INFO     | [callbacks :on_epoch_end      : 131] | ℹ️       3     ▲ 0.5701      ▼ 1.4106     ▲ 0.5490      ▼ 1.3648        4.9778e-05  45.8229
2026-07-05 13:54:52 | INFO     | [callbacks :on_epoch_end      : 131] | ℹ️       4     ▲ 0.6099      ▼ 1.2670       0.5294      ▼ 1.3576        4.9606e-05  46.4585
2026-07-05 13:55:38 | INFO     | [callbacks :on_epoch_end      : 131] | ℹ️       5     ▲ 0.6655      ▼ 1.1764     ▲ 0.5922      ▼ 1.3265        4.9386e-05  45.987
2026-07-05 13:56:25 | INFO     | [callbacks :on_epoch_end      : 131] | ℹ️       6     ▲ 0.7245      ▼ 1.0268       0.5529        1.4253        4.9117e-05  46.8759
2026-07-05 13:57:12 | INFO     | [callbacks :on_epoch_end      : 131] | ℹ️       7       0.7078        1.0637       0.5608         1.478        4.8801e-05  46.4088
2026-07-05 13:57:58 | INFO     | [callbacks :on_epoch_end      : 131] | ℹ️       8     ▲ 0.7602      ▼ 0.9112       0.5529        1.4343        4.8438e-05  45.874
2026-07-05 13:58:44 | INFO     | [callbacks :on_epoch_end      : 131] | ℹ️       9     ▲ 0.7782      ▼ 0.8817       0.5882        1.4141        4.8028e-05  46.6535
2026-07-05 13:59:31 | INFO     | [callbacks :on_epoch_end      : 131] | ℹ️      10       0.7668      ▼ 0.8524     ▲ 0.6196        1.4359        4.7574e-05  46.4181
2026-07-05 14:00:17 | INFO     | [callbacks :on_epoch_end      : 131] | ℹ️      11     ▲ 0.7882      ▼ 0.8416       0.6157        1.5126        4.7075e-05  46.039
2026-07-05 14:01:04 | INFO     | [callbacks :on_epoch_end      : 131] | ℹ️      12       0.7779      ▼ 0.8360     ▲ 0.6196        1.5417        4.6532e-05  46.4746
2026-07-05 14:01:50 | INFO     | [callbacks :on_epoch_end      : 131] | ℹ️      13     ▲ 0.8155      ▼ 0.7529       0.6039         1.553        4.5947e-05  46.2049
2026-07-05 14:02:37 | INFO     | [callbacks :on_epoch_end      : 131] | ℹ️      14       0.7882         0.774       0.6078        1.4942        4.5321e-05  46.9851
2026-07-05 14:03:23 | INFO     | [callbacks :on_epoch_end      : 131] | ℹ️      15     ▲ 0.8178        0.7734     ▲ 0.6196        1.5597        4.4655e-05  45.8894
2026-07-05 14:04:10 | INFO     | [callbacks :on_epoch_end      : 131] | ℹ️      16       0.8032      ▼ 0.7519          0.6        1.6282        4.395e-05  46.6862
2026-07-05 14:04:56 | INFO     | [callbacks :on_epoch_end      : 131] | ℹ️      17     ▲ 0.8269      ▼ 0.7145          0.6        1.5314        4.3208e-05  46.0286
2026-07-05 14:05:42 | INFO     | [callbacks :on_epoch_end      : 131] | ℹ️      18       0.8067        0.7194       0.5922        1.5891        4.2431e-05  46.1369
2026-07-05 14:06:28 | INFO     | [callbacks :on_epoch_end      : 131] | ℹ️      19     ▲ 0.8288      ▼ 0.6846       0.6118        1.5325        4.1619e-05  46.3048
2026-07-05 14:07:15 | INFO     | [pipeline  :cv_model_evalua...:1500] | ℹ️ Using best model from epoch 20
2026-07-05 14:07:15 | INFO     | [pipeline  :cv_model_evalua...:1503] | ℹ️ Evaluating model on outer test set for fold 2...
2026-07-05 14:07:15 | DEBUG    | [adapter   :get_iterator      : 373] | 🐞 Creating DataLoader for validation/evaluation: dataset_len=255, batch_size=16, shuffle=False, drop_last=False, collate_fn_type='function', loader_kwargs={'num_workers': 0, 'pin_memory': False}
2026-07-05 14:07:17 | DEBUG    | [adapter   :get_iterator      : 373] | 🐞 Creating DataLoader for validation/evaluation: dataset_len=255, batch_size=16, shuffle=False, drop_last=False, collate_fn_type='function', loader_kwargs={'num_workers': 0, 'pin_memory': False}
2026-07-05 14:07:19 | DEBUG    | [pipeline  :_compute_metrics  : 479] | 🐞 Computed Metrics: Acc=0.5333, Macro F1=0.5238
2026-07-05 14:07:19 | INFO     | [pipeline  :cv_model_evalua...:1522] | ℹ️ Fold 2 Test Scores: Acc=0.5333, F1=0.5238
2026-07-05 14:07:19 | INFO     | [pipeline  :cv_model_evalua...:1451] | ℹ️ --- Starting CV Evaluation Fold 3/10 ---
2026-07-05 14:07:19 | DEBUG    | [pipeline  :cv_model_evalua...:1457] | 🐞 Outer split (full set): 2288 train / 255 test samples.
2026-07-05 14:07:19 | DEBUG    | [pipeline  :cv_model_evalua...:1476] | 🐞 Fold 3: Internal split: ~2034 train / ~254 valid.
2026-07-05 14:07:19 | INFO     | [pipeline  :cv_model_evalua...:1486] | ℹ️ Fitting model for fold 3...
2026-07-05 14:07:19 | DEBUG    | [pretrai...:__init__          :  75] | 🐞 Initializing PretrainedViT:
2026-07-05 14:07:19 | DEBUG    | [pretrai...:__init__          :  76] | 🐞   Model Variant: vit_b_16, Pretrained: True
2026-07-05 14:07:19 | DEBUG    | [pretrai...:__init__          :  77] | 🐞   Is Hybrid Input: False
2026-07-05 14:07:19 | DEBUG    | [pretrai...:__init__          :  80] | 🐞   Unfreeze Strategy (Encoder Blocks): encoder_tail
2026-07-05 14:07:19 | DEBUG    | [pretrai...:__init__          :  82] | 🐞   Num Transformer Blocks to Unfreeze: 6
2026-07-05 14:07:19 | DEBUG    | [pretrai...:__init__          :  83] | 🐞   Unfreeze CLS: True, PosEmb: True, PatchEmb: False, EncoderLN: True
2026-07-05 14:07:19 | DEBUG    | [pretrai...:__init__          :  85] | 🐞   Custom Head Hidden Dims: None, Head Dropout: 0.5
2026-07-05 14:07:20 | DEBUG    | [pretrai...:__init__          : 106] | 🐞 Loaded vit_b_16 from torchvision.
2026-07-05 14:07:20 | DEBUG    | [pretrai...:__init__          : 283] | 🐞 Created simple linear head (dropout: 0.5), in_feat=768.
2026-07-05 14:07:20 | INFO     | [pretrai...:__init__          : 293] | ℹ️ PretrainedViT (standard) - Trainable: CLS Token, Positional Embeddings, 6 Encoder Blocks, Encoder LayerNorm, Classification Head.
2026-07-05 14:07:20 | INFO     | [pretrai...:__init__          : 313] | ℹ️ PretrainedViT (standard): Trainable params: 42.69M / Total params: 85.81M (49.75%)
2026-07-05 14:07:20 | DEBUG    | [adapter   :get_split_datasets: 205] | 🐞 Validation split for fold created with 255 original samples.
2026-07-05 14:07:20 | DEBUG    | [adapter   :get_split_datasets: 219] | 🐞 Original training set created with 2033 samples. Now checking for relevant offline augmentations...
2026-07-05 14:07:20 | DEBUG    | [adapter   :get_split_datasets: 240] | 🐞 Added 2033 relevant offline augmented samples to current training fold.
2026-07-05 14:07:20 | DEBUG    | [adapter   :get_split_datasets: 252] | 🐞 Total training split for fold created with 4066 samples.
2026-07-05 14:07:20 | DEBUG    | [adapter   :get_iterator      : 373] | 🐞 Creating DataLoader for training: dataset_len=4066, batch_size=16, shuffle=True, drop_last=False, collate_fn_type='function', loader_kwargs={'num_workers': 0, 'pin_memory': False}
2026-07-05 14:07:20 | DEBUG    | [adapter   :get_iterator      : 373] | 🐞 Creating DataLoader for validation/evaluation: dataset_len=255, batch_size=16, shuffle=False, drop_last=False, collate_fn_type='function', loader_kwargs={'num_workers': 0, 'pin_memory': False}
2026-07-05 14:08:10 | INFO     | [callbacks :on_epoch_end      : 131] | ℹ️   epoch    train_acc    train_loss    valid_acc    valid_loss   cp           lr      dur
2026-07-05 14:08:10 | INFO     | [callbacks :on_epoch_end      : 131] | ℹ️ -------  -----------  ------------  -----------  ------------  ----  ----------  -------
2026-07-05 14:08:10 | INFO     | [callbacks :on_epoch_end      : 131] | ℹ️       1     ▲ 0.3788      ▼ 1.8956     ▲ 0.4471      ▼ 1.5240        4.9975e-05  50.2982
2026-07-05 14:08:57 | INFO     | [callbacks :on_epoch_end      : 131] | ℹ️       2     ▲ 0.4926      ▼ 1.6046     ▲ 0.5137      ▼ 1.3372        4.9901e-05  46.0916
2026-07-05 14:09:43 | INFO     | [callbacks :on_epoch_end      : 131] | ℹ️       3     ▲ 0.5573      ▼ 1.4064     ▲ 0.5451      ▼ 1.3089        4.9778e-05  46.5085
2026-07-05 14:10:30 | INFO     | [callbacks :on_epoch_end      : 131] | ℹ️       4     ▲ 0.6099      ▼ 1.2684     ▲ 0.5490      ▼ 1.2754        4.9606e-05  46.7626
2026-07-05 14:11:17 | INFO     | [callbacks :on_epoch_end      : 131] | ℹ️       5     ▲ 0.6852      ▼ 1.1494     ▲ 0.5843        1.2863        4.9386e-05  46.6622
2026-07-05 14:12:04 | INFO     | [callbacks :on_epoch_end      : 131] | ℹ️       6     ▲ 0.7162      ▼ 1.0329       0.5569        1.3073        4.9117e-05  47.1863
2026-07-05 14:12:51 | INFO     | [callbacks :on_epoch_end      : 131] | ℹ️       7     ▲ 0.7526      ▼ 0.9586       0.5686        1.3576        4.8801e-05  46.9382
2026-07-05 14:13:38 | INFO     | [callbacks :on_epoch_end      : 131] | ℹ️       8       0.7511      ▼ 0.9316       0.5647        1.4146        4.8438e-05  47.0741
2026-07-05 14:14:25 | INFO     | [callbacks :on_epoch_end      : 131] | ℹ️       9     ▲ 0.7715      ▼ 0.8813       0.5294        1.4799        4.8028e-05  46.6985
2026-07-05 14:15:11 | INFO     | [callbacks :on_epoch_end      : 131] | ℹ️      10     ▲ 0.8111      ▼ 0.7951        0.549        1.4957        4.7574e-05  46.6671
2026-07-05 14:15:58 | INFO     | [callbacks :on_epoch_end      : 131] | ℹ️      11       0.7688        0.8855       0.5373        1.5361        4.7075e-05  46.8393
2026-07-05 14:16:46 | INFO     | [callbacks :on_epoch_end      : 131] | ℹ️      12       0.7727        0.8266       0.5373        1.5805        4.6532e-05  47.123
2026-07-05 14:17:32 | INFO     | [callbacks :on_epoch_end      : 131] | ℹ️      13       0.7917      ▼ 0.7720       0.5176        1.6468        4.5947e-05  46.6781
2026-07-05 14:18:19 | INFO     | [callbacks :on_epoch_end      : 131] | ℹ️      14       0.8035      ▼ 0.7583        0.549        1.5875        4.5321e-05  46.6717
2026-07-05 14:19:06 | INFO     | [callbacks :on_epoch_end      : 131] | ℹ️      15       0.8082      ▼ 0.7061       0.5529        1.5436        4.4655e-05  46.5962
2026-07-05 14:19:53 | INFO     | [callbacks :on_epoch_end      : 131] | ℹ️      16     ▲ 0.8143      ▼ 0.6843     ▲ 0.5843        1.5514        4.395e-05  47.0092
2026-07-05 14:20:39 | INFO     | [callbacks :on_epoch_end      : 131] | ℹ️      17     ▲ 0.8158        0.7145       0.5804        1.6346        4.3208e-05  46.3285
2026-07-05 14:21:26 | INFO     | [callbacks :on_epoch_end      : 131] | ℹ️      18       0.8109      ▼ 0.6839       0.5608        1.7764        4.2431e-05  47.0775
2026-07-05 14:22:13 | INFO     | [pipeline  :cv_model_evalua...:1500] | ℹ️ Using best model from epoch 19
2026-07-05 14:22:13 | INFO     | [pipeline  :cv_model_evalua...:1503] | ℹ️ Evaluating model on outer test set for fold 3...
2026-07-05 14:22:13 | DEBUG    | [adapter   :get_iterator      : 373] | 🐞 Creating DataLoader for validation/evaluation: dataset_len=255, batch_size=16, shuffle=False, drop_last=False, collate_fn_type='function', loader_kwargs={'num_workers': 0, 'pin_memory': False}
2026-07-05 14:22:15 | DEBUG    | [adapter   :get_iterator      : 373] | 🐞 Creating DataLoader for validation/evaluation: dataset_len=255, batch_size=16, shuffle=False, drop_last=False, collate_fn_type='function', loader_kwargs={'num_workers': 0, 'pin_memory': False}
2026-07-05 14:22:18 | DEBUG    | [pipeline  :_compute_metrics  : 479] | 🐞 Computed Metrics: Acc=0.5686, Macro F1=0.5457
2026-07-05 14:22:18 | INFO     | [pipeline  :cv_model_evalua...:1522] | ℹ️ Fold 3 Test Scores: Acc=0.5686, F1=0.5457
2026-07-05 14:22:18 | INFO     | [pipeline  :cv_model_evalua...:1451] | ℹ️ --- Starting CV Evaluation Fold 4/10 ---
2026-07-05 14:22:18 | DEBUG    | [pipeline  :cv_model_evalua...:1457] | 🐞 Outer split (full set): 2289 train / 254 test samples.
2026-07-05 14:22:18 | DEBUG    | [pipeline  :cv_model_evalua...:1476] | 🐞 Fold 4: Internal split: ~2035 train / ~254 valid.
2026-07-05 14:22:18 | INFO     | [pipeline  :cv_model_evalua...:1486] | ℹ️ Fitting model for fold 4...
2026-07-05 14:22:18 | DEBUG    | [pretrai...:__init__          :  75] | 🐞 Initializing PretrainedViT:
2026-07-05 14:22:18 | DEBUG    | [pretrai...:__init__          :  76] | 🐞   Model Variant: vit_b_16, Pretrained: True
2026-07-05 14:22:18 | DEBUG    | [pretrai...:__init__          :  77] | 🐞   Is Hybrid Input: False
2026-07-05 14:22:18 | DEBUG    | [pretrai...:__init__          :  80] | 🐞   Unfreeze Strategy (Encoder Blocks): encoder_tail
2026-07-05 14:22:18 | DEBUG    | [pretrai...:__init__          :  82] | 🐞   Num Transformer Blocks to Unfreeze: 6
2026-07-05 14:22:18 | DEBUG    | [pretrai...:__init__          :  83] | 🐞   Unfreeze CLS: True, PosEmb: True, PatchEmb: False, EncoderLN: True
2026-07-05 14:22:18 | DEBUG    | [pretrai...:__init__          :  85] | 🐞   Custom Head Hidden Dims: None, Head Dropout: 0.5
2026-07-05 14:22:19 | DEBUG    | [pretrai...:__init__          : 106] | 🐞 Loaded vit_b_16 from torchvision.
2026-07-05 14:22:19 | DEBUG    | [pretrai...:__init__          : 283] | 🐞 Created simple linear head (dropout: 0.5), in_feat=768.
2026-07-05 14:22:19 | INFO     | [pretrai...:__init__          : 293] | ℹ️ PretrainedViT (standard) - Trainable: CLS Token, Positional Embeddings, 6 Encoder Blocks, Encoder LayerNorm, Classification Head.
2026-07-05 14:22:19 | INFO     | [pretrai...:__init__          : 313] | ℹ️ PretrainedViT (standard): Trainable params: 42.69M / Total params: 85.81M (49.75%)
2026-07-05 14:22:19 | DEBUG    | [adapter   :get_split_datasets: 205] | 🐞 Validation split for fold created with 255 original samples.
2026-07-05 14:22:19 | DEBUG    | [adapter   :get_split_datasets: 219] | 🐞 Original training set created with 2034 samples. Now checking for relevant offline augmentations...
2026-07-05 14:22:19 | DEBUG    | [adapter   :get_split_datasets: 240] | 🐞 Added 2034 relevant offline augmented samples to current training fold.
2026-07-05 14:22:19 | DEBUG    | [adapter   :get_split_datasets: 252] | 🐞 Total training split for fold created with 4068 samples.
2026-07-05 14:22:19 | DEBUG    | [adapter   :get_iterator      : 373] | 🐞 Creating DataLoader for training: dataset_len=4068, batch_size=16, shuffle=True, drop_last=False, collate_fn_type='function', loader_kwargs={'num_workers': 0, 'pin_memory': False}
2026-07-05 14:22:19 | DEBUG    | [adapter   :get_iterator      : 373] | 🐞 Creating DataLoader for validation/evaluation: dataset_len=255, batch_size=16, shuffle=False, drop_last=False, collate_fn_type='function', loader_kwargs={'num_workers': 0, 'pin_memory': False}
2026-07-05 14:23:09 | INFO     | [callbacks :on_epoch_end      : 131] | ℹ️   epoch    train_acc    train_loss    valid_acc    valid_loss   cp           lr      dur
2026-07-05 14:23:09 | INFO     | [callbacks :on_epoch_end      : 131] | ℹ️ -------  -----------  ------------  -----------  ------------  ----  ----------  -------
2026-07-05 14:23:09 | INFO     | [callbacks :on_epoch_end      : 131] | ℹ️       1     ▲ 0.3815      ▼ 1.9082     ▲ 0.4549      ▼ 1.5003        4.9975e-05  50.1054
2026-07-05 14:23:56 | INFO     | [callbacks :on_epoch_end      : 131] | ℹ️       2     ▲ 0.5022      ▼ 1.5794     ▲ 0.5176      ▼ 1.3420        4.9901e-05  46.8458
2026-07-05 14:24:43 | INFO     | [callbacks :on_epoch_end      : 131] | ℹ️       3     ▲ 0.5713      ▼ 1.4123     ▲ 0.5255        1.3994        4.9778e-05  47.4744
2026-07-05 14:25:30 | INFO     | [callbacks :on_epoch_end      : 131] | ℹ️       4     ▲ 0.6175      ▼ 1.3021        0.498        1.4557        4.9606e-05  46.9021
2026-07-05 14:26:17 | INFO     | [callbacks :on_epoch_end      : 131] | ℹ️       5     ▲ 0.6794      ▼ 1.1477       0.5059        1.5225        4.9386e-05  46.7686
2026-07-05 14:27:05 | INFO     | [callbacks :on_epoch_end      : 131] | ℹ️       6     ▲ 0.7112      ▼ 1.0689     ▲ 0.5608        1.4016        4.9117e-05  47.315
2026-07-05 14:27:52 | INFO     | [callbacks :on_epoch_end      : 131] | ℹ️       7     ▲ 0.7252      ▼ 0.9741        0.549         1.523        4.8801e-05  47.0395
2026-07-05 14:28:39 | INFO     | [callbacks :on_epoch_end      : 131] | ℹ️       8     ▲ 0.7549      ▼ 0.9274        0.549        1.6169        4.8438e-05  47.63
2026-07-05 14:29:26 | INFO     | [callbacks :on_epoch_end      : 131] | ℹ️       9     ▲ 0.7684      ▼ 0.8908        0.549        1.6782        4.8028e-05  47.0846
2026-07-05 14:30:13 | INFO     | [callbacks :on_epoch_end      : 131] | ℹ️      10     ▲ 0.7955      ▼ 0.8391       0.5373        1.7501        4.7574e-05  46.9848
2026-07-05 14:31:00 | INFO     | [callbacks :on_epoch_end      : 131] | ℹ️      11     ▲ 0.8053      ▼ 0.8121     ▲ 0.5608        1.7417        4.7075e-05  46.8418
2026-07-05 14:31:50 | INFO     | [callbacks :on_epoch_end      : 131] | ℹ️      12       0.7997      ▼ 0.7895     ▲ 0.5922        1.7902        4.6532e-05  49.757
2026-07-05 14:32:45 | INFO     | [callbacks :on_epoch_end      : 131] | ℹ️      13        0.766      ▼ 0.7596     ▲ 0.5961         1.717        4.5947e-05  54.6199
2026-07-05 14:33:39 | INFO     | [callbacks :on_epoch_end      : 131] | ℹ️      14     ▲ 0.8203      ▼ 0.7561       0.5608        1.8369        4.5321e-05  53.6112
2026-07-05 14:34:30 | INFO     | [callbacks :on_epoch_end      : 131] | ℹ️      15     ▲ 0.8272      ▼ 0.6908       0.5843        1.8881        4.4655e-05  50.7834
2026-07-05 14:35:20 | INFO     | [callbacks :on_epoch_end      : 131] | ℹ️      16     ▲ 0.8348      ▼ 0.6759       0.5725        1.9432        4.395e-05  50.5394
2026-07-05 14:36:10 | INFO     | [pipeline  :cv_model_evalua...:1500] | ℹ️ Using best model from epoch 17
2026-07-05 14:36:10 | INFO     | [pipeline  :cv_model_evalua...:1503] | ℹ️ Evaluating model on outer test set for fold 4...
2026-07-05 14:36:10 | DEBUG    | [adapter   :get_iterator      : 373] | 🐞 Creating DataLoader for validation/evaluation: dataset_len=254, batch_size=16, shuffle=False, drop_last=False, collate_fn_type='function', loader_kwargs={'num_workers': 0, 'pin_memory': False}
2026-07-05 14:36:12 | DEBUG    | [adapter   :get_iterator      : 373] | 🐞 Creating DataLoader for validation/evaluation: dataset_len=254, batch_size=16, shuffle=False, drop_last=False, collate_fn_type='function', loader_kwargs={'num_workers': 0, 'pin_memory': False}
2026-07-05 14:36:14 | DEBUG    | [pipeline  :_compute_metrics  : 479] | 🐞 Computed Metrics: Acc=0.5669, Macro F1=0.5613
2026-07-05 14:36:14 | INFO     | [pipeline  :cv_model_evalua...:1522] | ℹ️ Fold 4 Test Scores: Acc=0.5669, F1=0.5613
2026-07-05 14:36:14 | INFO     | [pipeline  :cv_model_evalua...:1451] | ℹ️ --- Starting CV Evaluation Fold 5/10 ---
2026-07-05 14:36:14 | DEBUG    | [pipeline  :cv_model_evalua...:1457] | 🐞 Outer split (full set): 2289 train / 254 test samples.
2026-07-05 14:36:14 | DEBUG    | [pipeline  :cv_model_evalua...:1476] | 🐞 Fold 5: Internal split: ~2035 train / ~254 valid.
2026-07-05 14:36:14 | INFO     | [pipeline  :cv_model_evalua...:1486] | ℹ️ Fitting model for fold 5...
2026-07-05 14:36:14 | DEBUG    | [pretrai...:__init__          :  75] | 🐞 Initializing PretrainedViT:
2026-07-05 14:36:14 | DEBUG    | [pretrai...:__init__          :  76] | 🐞   Model Variant: vit_b_16, Pretrained: True
2026-07-05 14:36:14 | DEBUG    | [pretrai...:__init__          :  77] | 🐞   Is Hybrid Input: False
2026-07-05 14:36:14 | DEBUG    | [pretrai...:__init__          :  80] | 🐞   Unfreeze Strategy (Encoder Blocks): encoder_tail
2026-07-05 14:36:14 | DEBUG    | [pretrai...:__init__          :  82] | 🐞   Num Transformer Blocks to Unfreeze: 6
2026-07-05 14:36:14 | DEBUG    | [pretrai...:__init__          :  83] | 🐞   Unfreeze CLS: True, PosEmb: True, PatchEmb: False, EncoderLN: True
2026-07-05 14:36:14 | DEBUG    | [pretrai...:__init__          :  85] | 🐞   Custom Head Hidden Dims: None, Head Dropout: 0.5
2026-07-05 14:36:15 | DEBUG    | [pretrai...:__init__          : 106] | 🐞 Loaded vit_b_16 from torchvision.
2026-07-05 14:36:15 | DEBUG    | [pretrai...:__init__          : 283] | 🐞 Created simple linear head (dropout: 0.5), in_feat=768.
2026-07-05 14:36:15 | INFO     | [pretrai...:__init__          : 293] | ℹ️ PretrainedViT (standard) - Trainable: CLS Token, Positional Embeddings, 6 Encoder Blocks, Encoder LayerNorm, Classification Head.
2026-07-05 14:36:15 | INFO     | [pretrai...:__init__          : 313] | ℹ️ PretrainedViT (standard): Trainable params: 42.69M / Total params: 85.81M (49.75%)
2026-07-05 14:36:15 | DEBUG    | [adapter   :get_split_datasets: 205] | 🐞 Validation split for fold created with 255 original samples.
2026-07-05 14:36:15 | DEBUG    | [adapter   :get_split_datasets: 219] | 🐞 Original training set created with 2034 samples. Now checking for relevant offline augmentations...
2026-07-05 14:36:15 | DEBUG    | [adapter   :get_split_datasets: 240] | 🐞 Added 2034 relevant offline augmented samples to current training fold.
2026-07-05 14:36:15 | DEBUG    | [adapter   :get_split_datasets: 252] | 🐞 Total training split for fold created with 4068 samples.
2026-07-05 14:36:15 | DEBUG    | [adapter   :get_iterator      : 373] | 🐞 Creating DataLoader for training: dataset_len=4068, batch_size=16, shuffle=True, drop_last=False, collate_fn_type='function', loader_kwargs={'num_workers': 0, 'pin_memory': False}
2026-07-05 14:36:15 | DEBUG    | [adapter   :get_iterator      : 373] | 🐞 Creating DataLoader for validation/evaluation: dataset_len=255, batch_size=16, shuffle=False, drop_last=False, collate_fn_type='function', loader_kwargs={'num_workers': 0, 'pin_memory': False}
2026-07-05 14:37:06 | INFO     | [callbacks :on_epoch_end      : 131] | ℹ️   epoch    train_acc    train_loss    valid_acc    valid_loss   cp           lr      dur
2026-07-05 14:37:06 | INFO     | [callbacks :on_epoch_end      : 131] | ℹ️ -------  -----------  ------------  -----------  ------------  ----  ----------  -------
2026-07-05 14:37:06 | INFO     | [callbacks :on_epoch_end      : 131] | ℹ️       1     ▲ 0.3739      ▼ 1.9175     ▲ 0.5137      ▼ 1.3900        4.9975e-05  50.4552
2026-07-05 14:37:54 | INFO     | [callbacks :on_epoch_end      : 131] | ℹ️       2     ▲ 0.4973      ▼ 1.5891     ▲ 0.5333      ▼ 1.2973        4.9901e-05  47.6162
2026-07-05 14:38:41 | INFO     | [callbacks :on_epoch_end      : 131] | ℹ️       3     ▲ 0.5595      ▼ 1.4041     ▲ 0.5608      ▼ 1.2836        4.9778e-05  47.2062
2026-07-05 14:39:28 | INFO     | [callbacks :on_epoch_end      : 131] | ℹ️       4     ▲ 0.6003      ▼ 1.3259     ▲ 0.5765        1.3151        4.9606e-05  46.8995
2026-07-05 14:40:15 | INFO     | [callbacks :on_epoch_end      : 131] | ℹ️       5     ▲ 0.6881      ▼ 1.1436       0.5608        1.3782        4.9386e-05  47.5032
2026-07-05 14:41:02 | INFO     | [callbacks :on_epoch_end      : 131] | ℹ️       6     ▲ 0.7048      ▼ 1.0779     ▲ 0.5882        1.3119        4.9117e-05  46.9026
2026-07-05 14:41:50 | INFO     | [callbacks :on_epoch_end      : 131] | ℹ️       7     ▲ 0.7564      ▼ 0.9436       0.5647        1.5044        4.8801e-05  47.3056
2026-07-05 14:42:36 | INFO     | [callbacks :on_epoch_end      : 131] | ℹ️       8       0.7446      ▼ 0.9428       0.5686        1.5162        4.8438e-05  46.7847
2026-07-05 14:43:23 | INFO     | [callbacks :on_epoch_end      : 131] | ℹ️       9       0.7289        0.9464       0.5569        1.5084        4.8028e-05  46.0048
2026-07-05 14:44:09 | INFO     | [callbacks :on_epoch_end      : 131] | ℹ️      10     ▲ 0.7751      ▼ 0.8691       0.5725        1.4613        4.7574e-05  46.006
2026-07-05 14:44:54 | INFO     | [callbacks :on_epoch_end      : 131] | ℹ️      11     ▲ 0.8021      ▼ 0.7519       0.5765        1.5047        4.7075e-05  45.7369
2026-07-05 14:45:41 | INFO     | [callbacks :on_epoch_end      : 131] | ℹ️      12     ▲ 0.8119        0.8141     ▲ 0.6157        1.6222        4.6532e-05  46.384
2026-07-05 14:46:27 | INFO     | [callbacks :on_epoch_end      : 131] | ℹ️      13       0.8031      ▼ 0.7452       0.5725        1.5551        4.5947e-05  46.4317
2026-07-05 14:47:13 | INFO     | [callbacks :on_epoch_end      : 131] | ℹ️      14     ▲ 0.8206      ▼ 0.7253       0.5765        1.6491        4.5321e-05  46.0582
2026-07-05 14:48:00 | INFO     | [callbacks :on_epoch_end      : 131] | ℹ️      15       0.8144         0.755       0.5922        1.5688        4.4655e-05  46.382
2026-07-05 14:48:46 | INFO     | [callbacks :on_epoch_end      : 131] | ℹ️      16       0.8201      ▼ 0.6835       0.5647        1.7812        4.395e-05  46.1825
2026-07-05 14:49:32 | INFO     | [callbacks :on_epoch_end      : 131] | ℹ️      17       0.8124        0.6964       0.5961        1.7312        4.3208e-05  45.5872
2026-07-05 14:50:18 | INFO     | [pipeline  :cv_model_evalua...:1500] | ℹ️ Using best model from epoch 18
2026-07-05 14:50:18 | INFO     | [pipeline  :cv_model_evalua...:1503] | ℹ️ Evaluating model on outer test set for fold 5...
2026-07-05 14:50:18 | DEBUG    | [adapter   :get_iterator      : 373] | 🐞 Creating DataLoader for validation/evaluation: dataset_len=254, batch_size=16, shuffle=False, drop_last=False, collate_fn_type='function', loader_kwargs={'num_workers': 0, 'pin_memory': False}
2026-07-05 14:50:20 | DEBUG    | [adapter   :get_iterator      : 373] | 🐞 Creating DataLoader for validation/evaluation: dataset_len=254, batch_size=16, shuffle=False, drop_last=False, collate_fn_type='function', loader_kwargs={'num_workers': 0, 'pin_memory': False}
2026-07-05 14:50:22 | DEBUG    | [pipeline  :_compute_metrics  : 479] | 🐞 Computed Metrics: Acc=0.5315, Macro F1=0.5091
2026-07-05 14:50:22 | INFO     | [pipeline  :cv_model_evalua...:1522] | ℹ️ Fold 5 Test Scores: Acc=0.5315, F1=0.5091
2026-07-05 14:50:22 | INFO     | [pipeline  :cv_model_evalua...:1451] | ℹ️ --- Starting CV Evaluation Fold 6/10 ---
2026-07-05 14:50:22 | DEBUG    | [pipeline  :cv_model_evalua...:1457] | 🐞 Outer split (full set): 2289 train / 254 test samples.
2026-07-05 14:50:22 | DEBUG    | [pipeline  :cv_model_evalua...:1476] | 🐞 Fold 6: Internal split: ~2035 train / ~254 valid.
2026-07-05 14:50:22 | INFO     | [pipeline  :cv_model_evalua...:1486] | ℹ️ Fitting model for fold 6...
2026-07-05 14:50:22 | DEBUG    | [pretrai...:__init__          :  75] | 🐞 Initializing PretrainedViT:
2026-07-05 14:50:22 | DEBUG    | [pretrai...:__init__          :  76] | 🐞   Model Variant: vit_b_16, Pretrained: True
2026-07-05 14:50:22 | DEBUG    | [pretrai...:__init__          :  77] | 🐞   Is Hybrid Input: False
2026-07-05 14:50:22 | DEBUG    | [pretrai...:__init__          :  80] | 🐞   Unfreeze Strategy (Encoder Blocks): encoder_tail
2026-07-05 14:50:22 | DEBUG    | [pretrai...:__init__          :  82] | 🐞   Num Transformer Blocks to Unfreeze: 6
2026-07-05 14:50:22 | DEBUG    | [pretrai...:__init__          :  83] | 🐞   Unfreeze CLS: True, PosEmb: True, PatchEmb: False, EncoderLN: True
2026-07-05 14:50:22 | DEBUG    | [pretrai...:__init__          :  85] | 🐞   Custom Head Hidden Dims: None, Head Dropout: 0.5
2026-07-05 14:50:23 | DEBUG    | [pretrai...:__init__          : 106] | 🐞 Loaded vit_b_16 from torchvision.
2026-07-05 14:50:23 | DEBUG    | [pretrai...:__init__          : 283] | 🐞 Created simple linear head (dropout: 0.5), in_feat=768.
2026-07-05 14:50:23 | INFO     | [pretrai...:__init__          : 293] | ℹ️ PretrainedViT (standard) - Trainable: CLS Token, Positional Embeddings, 6 Encoder Blocks, Encoder LayerNorm, Classification Head.
2026-07-05 14:50:23 | INFO     | [pretrai...:__init__          : 313] | ℹ️ PretrainedViT (standard): Trainable params: 42.69M / Total params: 85.81M (49.75%)
2026-07-05 14:50:23 | DEBUG    | [adapter   :get_split_datasets: 205] | 🐞 Validation split for fold created with 255 original samples.
2026-07-05 14:50:23 | DEBUG    | [adapter   :get_split_datasets: 219] | 🐞 Original training set created with 2034 samples. Now checking for relevant offline augmentations...
2026-07-05 14:50:23 | DEBUG    | [adapter   :get_split_datasets: 240] | 🐞 Added 2034 relevant offline augmented samples to current training fold.
2026-07-05 14:50:23 | DEBUG    | [adapter   :get_split_datasets: 252] | 🐞 Total training split for fold created with 4068 samples.
2026-07-05 14:50:23 | DEBUG    | [adapter   :get_iterator      : 373] | 🐞 Creating DataLoader for training: dataset_len=4068, batch_size=16, shuffle=True, drop_last=False, collate_fn_type='function', loader_kwargs={'num_workers': 0, 'pin_memory': False}
2026-07-05 14:50:23 | DEBUG    | [adapter   :get_iterator      : 373] | 🐞 Creating DataLoader for validation/evaluation: dataset_len=255, batch_size=16, shuffle=False, drop_last=False, collate_fn_type='function', loader_kwargs={'num_workers': 0, 'pin_memory': False}
2026-07-05 14:51:12 | INFO     | [callbacks :on_epoch_end      : 131] | ℹ️   epoch    train_acc    train_loss    valid_acc    valid_loss   cp           lr    dur
2026-07-05 14:51:12 | INFO     | [callbacks :on_epoch_end      : 131] | ℹ️ -------  -----------  ------------  -----------  ------------  ----  ----------  -----
2026-07-05 14:51:12 | INFO     | [callbacks :on_epoch_end      : 131] | ℹ️       1     ▲ 0.3653      ▼ 1.9083     ▲ 0.5333      ▼ 1.4484        4.9975e-05  48.69
2026-07-05 14:51:59 | INFO     | [callbacks :on_epoch_end      : 131] | ℹ️       2     ▲ 0.4988      ▼ 1.5590       0.5294      ▼ 1.4140        4.9901e-05  46.6838
2026-07-05 14:52:45 | INFO     | [callbacks :on_epoch_end      : 131] | ℹ️       3     ▲ 0.5651      ▼ 1.4207       0.5216      ▼ 1.3692        4.9778e-05  46.7101
2026-07-05 14:53:32 | INFO     | [callbacks :on_epoch_end      : 131] | ℹ️       4     ▲ 0.6141      ▼ 1.2771     ▲ 0.5647        1.3898        4.9606e-05  46.1206
2026-07-05 14:54:18 | INFO     | [callbacks :on_epoch_end      : 131] | ℹ️       5     ▲ 0.6760      ▼ 1.1629       0.5608        1.4006        4.9386e-05  46.4896
2026-07-05 14:55:05 | INFO     | [callbacks :on_epoch_end      : 131] | ℹ️       6     ▲ 0.7070      ▼ 1.0787       0.5529        1.5128        4.9117e-05  46.6933
2026-07-05 14:55:51 | INFO     | [callbacks :on_epoch_end      : 131] | ℹ️       7     ▲ 0.7237      ▼ 0.9742       0.5569        1.5751        4.8801e-05  46.4063
2026-07-05 14:56:38 | INFO     | [callbacks :on_epoch_end      : 131] | ℹ️       8     ▲ 0.7616      ▼ 0.9173       0.5255        1.6578        4.8438e-05  46.5163
2026-07-05 14:57:24 | INFO     | [callbacks :on_epoch_end      : 131] | ℹ️       9     ▲ 0.7827      ▼ 0.8531       0.5569        1.6896        4.8028e-05  46.2591
2026-07-05 14:58:12 | INFO     | [callbacks :on_epoch_end      : 131] | ℹ️      10     ▲ 0.8127      ▼ 0.8157       0.5608        1.8155        4.7574e-05  47.3628
2026-07-05 14:58:58 | INFO     | [callbacks :on_epoch_end      : 131] | ℹ️      11       0.7839      ▼ 0.8082       0.5176        1.8613        4.7075e-05  46.3366
2026-07-05 14:59:44 | INFO     | [callbacks :on_epoch_end      : 131] | ℹ️      12       0.8029        0.8259        0.549        1.8656        4.6532e-05  46.408
2026-07-05 15:00:31 | INFO     | [callbacks :on_epoch_end      : 131] | ℹ️      13     ▲ 0.8149      ▼ 0.7375        0.549        1.7752        4.5947e-05  46.8137
2026-07-05 15:01:17 | INFO     | [callbacks :on_epoch_end      : 131] | ℹ️      14     ▲ 0.8164      ▼ 0.7199       0.5373        1.9428        4.5321e-05  46.0948
2026-07-05 15:02:04 | INFO     | [callbacks :on_epoch_end      : 131] | ℹ️      15     ▲ 0.8252      ▼ 0.6843     ▲ 0.5686        1.8916        4.4655e-05  46.801
2026-07-05 15:02:51 | INFO     | [callbacks :on_epoch_end      : 131] | ℹ️      16       0.7994        0.7193       0.5412        1.9668        4.395e-05  46.3774
2026-07-05 15:03:37 | INFO     | [callbacks :on_epoch_end      : 131] | ℹ️      17       0.8001        0.7101       0.5608        1.9296        4.3208e-05  46.0757
2026-07-05 15:04:24 | INFO     | [pipeline  :cv_model_evalua...:1500] | ℹ️ Using best model from epoch 18
2026-07-05 15:04:24 | INFO     | [pipeline  :cv_model_evalua...:1503] | ℹ️ Evaluating model on outer test set for fold 6...
2026-07-05 15:04:24 | DEBUG    | [adapter   :get_iterator      : 373] | 🐞 Creating DataLoader for validation/evaluation: dataset_len=254, batch_size=16, shuffle=False, drop_last=False, collate_fn_type='function', loader_kwargs={'num_workers': 0, 'pin_memory': False}
2026-07-05 15:04:26 | DEBUG    | [adapter   :get_iterator      : 373] | 🐞 Creating DataLoader for validation/evaluation: dataset_len=254, batch_size=16, shuffle=False, drop_last=False, collate_fn_type='function', loader_kwargs={'num_workers': 0, 'pin_memory': False}
2026-07-05 15:04:28 | DEBUG    | [pipeline  :_compute_metrics  : 479] | 🐞 Computed Metrics: Acc=0.5984, Macro F1=0.5477
2026-07-05 15:04:28 | INFO     | [pipeline  :cv_model_evalua...:1522] | ℹ️ Fold 6 Test Scores: Acc=0.5984, F1=0.5477
2026-07-05 15:04:28 | INFO     | [pipeline  :cv_model_evalua...:1451] | ℹ️ --- Starting CV Evaluation Fold 7/10 ---
2026-07-05 15:04:28 | DEBUG    | [pipeline  :cv_model_evalua...:1457] | 🐞 Outer split (full set): 2289 train / 254 test samples.
2026-07-05 15:04:28 | DEBUG    | [pipeline  :cv_model_evalua...:1476] | 🐞 Fold 7: Internal split: ~2035 train / ~254 valid.
2026-07-05 15:04:28 | INFO     | [pipeline  :cv_model_evalua...:1486] | ℹ️ Fitting model for fold 7...
2026-07-05 15:04:28 | DEBUG    | [pretrai...:__init__          :  75] | 🐞 Initializing PretrainedViT:
2026-07-05 15:04:28 | DEBUG    | [pretrai...:__init__          :  76] | 🐞   Model Variant: vit_b_16, Pretrained: True
2026-07-05 15:04:28 | DEBUG    | [pretrai...:__init__          :  77] | 🐞   Is Hybrid Input: False
2026-07-05 15:04:28 | DEBUG    | [pretrai...:__init__          :  80] | 🐞   Unfreeze Strategy (Encoder Blocks): encoder_tail
2026-07-05 15:04:28 | DEBUG    | [pretrai...:__init__          :  82] | 🐞   Num Transformer Blocks to Unfreeze: 6
2026-07-05 15:04:28 | DEBUG    | [pretrai...:__init__          :  83] | 🐞   Unfreeze CLS: True, PosEmb: True, PatchEmb: False, EncoderLN: True
2026-07-05 15:04:28 | DEBUG    | [pretrai...:__init__          :  85] | 🐞   Custom Head Hidden Dims: None, Head Dropout: 0.5
2026-07-05 15:04:29 | DEBUG    | [pretrai...:__init__          : 106] | 🐞 Loaded vit_b_16 from torchvision.
2026-07-05 15:04:29 | DEBUG    | [pretrai...:__init__          : 283] | 🐞 Created simple linear head (dropout: 0.5), in_feat=768.
2026-07-05 15:04:29 | INFO     | [pretrai...:__init__          : 293] | ℹ️ PretrainedViT (standard) - Trainable: CLS Token, Positional Embeddings, 6 Encoder Blocks, Encoder LayerNorm, Classification Head.
2026-07-05 15:04:29 | INFO     | [pretrai...:__init__          : 313] | ℹ️ PretrainedViT (standard): Trainable params: 42.69M / Total params: 85.81M (49.75%)
2026-07-05 15:04:30 | DEBUG    | [adapter   :get_split_datasets: 205] | 🐞 Validation split for fold created with 255 original samples.
2026-07-05 15:04:30 | DEBUG    | [adapter   :get_split_datasets: 219] | 🐞 Original training set created with 2034 samples. Now checking for relevant offline augmentations...
2026-07-05 15:04:30 | DEBUG    | [adapter   :get_split_datasets: 240] | 🐞 Added 2034 relevant offline augmented samples to current training fold.
2026-07-05 15:04:30 | DEBUG    | [adapter   :get_split_datasets: 252] | 🐞 Total training split for fold created with 4068 samples.
2026-07-05 15:04:30 | DEBUG    | [adapter   :get_iterator      : 373] | 🐞 Creating DataLoader for training: dataset_len=4068, batch_size=16, shuffle=True, drop_last=False, collate_fn_type='function', loader_kwargs={'num_workers': 0, 'pin_memory': False}
2026-07-05 15:04:30 | DEBUG    | [adapter   :get_iterator      : 373] | 🐞 Creating DataLoader for validation/evaluation: dataset_len=255, batch_size=16, shuffle=False, drop_last=False, collate_fn_type='function', loader_kwargs={'num_workers': 0, 'pin_memory': False}
2026-07-05 15:05:20 | INFO     | [callbacks :on_epoch_end      : 131] | ℹ️   epoch    train_acc    train_loss    valid_acc    valid_loss   cp           lr     dur
2026-07-05 15:05:20 | INFO     | [callbacks :on_epoch_end      : 131] | ℹ️ -------  -----------  ------------  -----------  ------------  ----  ----------  ------
2026-07-05 15:05:20 | INFO     | [callbacks :on_epoch_end      : 131] | ℹ️       1     ▲ 0.3690      ▼ 1.9073     ▲ 0.5451      ▼ 1.3562        4.9975e-05  49.897
2026-07-05 15:06:06 | INFO     | [callbacks :on_epoch_end      : 131] | ℹ️       2     ▲ 0.4941      ▼ 1.5963     ▲ 0.5882      ▼ 1.3236        4.9901e-05  46.7333
2026-07-05 15:06:53 | INFO     | [callbacks :on_epoch_end      : 131] | ℹ️       3     ▲ 0.5627      ▼ 1.4028       0.5765        1.3617        4.9778e-05  46.2299
2026-07-05 15:07:39 | INFO     | [callbacks :on_epoch_end      : 131] | ℹ️       4     ▲ 0.6190      ▼ 1.2933       0.5765        1.4549        4.9606e-05  46.4636
2026-07-05 15:08:26 | INFO     | [callbacks :on_epoch_end      : 131] | ℹ️       5     ▲ 0.6708      ▼ 1.1753       0.5725         1.491        4.9386e-05  46.4638
2026-07-05 15:09:11 | INFO     | [callbacks :on_epoch_end      : 131] | ℹ️       6     ▲ 0.7055      ▼ 1.0871       0.5725        1.6659        4.9117e-05  45.6991
2026-07-05 15:09:58 | INFO     | [callbacks :on_epoch_end      : 131] | ℹ️       7     ▲ 0.7242      ▼ 0.9793     ▲ 0.5882        1.8158        4.8801e-05  46.1546
2026-07-05 15:10:45 | INFO     | [callbacks :on_epoch_end      : 131] | ℹ️       8     ▲ 0.7584      ▼ 0.9408       0.5569        1.7393        4.8438e-05  46.8896
2026-07-05 15:11:31 | INFO     | [callbacks :on_epoch_end      : 131] | ℹ️       9     ▲ 0.7731      ▼ 0.8927       0.5725        1.8289        4.8028e-05  46.5773
2026-07-05 15:12:18 | INFO     | [callbacks :on_epoch_end      : 131] | ℹ️      10       0.7662      ▼ 0.8655       0.5647        1.8569        4.7574e-05  46.8318
2026-07-05 15:13:05 | INFO     | [callbacks :on_epoch_end      : 131] | ℹ️      11     ▲ 0.8112      ▼ 0.7939       0.5765        1.8664        4.7075e-05  46.6061
2026-07-05 15:13:51 | INFO     | [callbacks :on_epoch_end      : 131] | ℹ️      12       0.8095        0.7971       0.5686        1.9052        4.6532e-05  46.5805
2026-07-05 15:14:38 | INFO     | [callbacks :on_epoch_end      : 131] | ℹ️      13       0.8029      ▼ 0.7697       0.5843        1.8722        4.5947e-05  46.8093
2026-07-05 15:15:24 | INFO     | [callbacks :on_epoch_end      : 131] | ℹ️      14       0.8024      ▼ 0.7209       0.5569         2.037        4.5321e-05  46.1813
2026-07-05 15:16:11 | INFO     | [callbacks :on_epoch_end      : 131] | ℹ️      15       0.7704         0.787       0.5686         2.053        4.4655e-05  46.8521
2026-07-05 15:16:58 | INFO     | [callbacks :on_epoch_end      : 131] | ℹ️      16     ▲ 0.8174      ▼ 0.7180       0.5686         2.029        4.395e-05  46.1916
2026-07-05 15:17:42 | INFO     | [pipeline  :cv_model_evalua...:1500] | ℹ️ Using best model from epoch 17
2026-07-05 15:17:42 | INFO     | [pipeline  :cv_model_evalua...:1503] | ℹ️ Evaluating model on outer test set for fold 7...
2026-07-05 15:17:42 | DEBUG    | [adapter   :get_iterator      : 373] | 🐞 Creating DataLoader for validation/evaluation: dataset_len=254, batch_size=16, shuffle=False, drop_last=False, collate_fn_type='function', loader_kwargs={'num_workers': 0, 'pin_memory': False}
2026-07-05 15:17:43 | DEBUG    | [adapter   :get_iterator      : 373] | 🐞 Creating DataLoader for validation/evaluation: dataset_len=254, batch_size=16, shuffle=False, drop_last=False, collate_fn_type='function', loader_kwargs={'num_workers': 0, 'pin_memory': False}
2026-07-05 15:17:44 | DEBUG    | [pipeline  :_compute_metrics  : 479] | 🐞 Computed Metrics: Acc=0.5433, Macro F1=0.5062
2026-07-05 15:17:44 | INFO     | [pipeline  :cv_model_evalua...:1522] | ℹ️ Fold 7 Test Scores: Acc=0.5433, F1=0.5062
2026-07-05 15:17:44 | INFO     | [pipeline  :cv_model_evalua...:1451] | ℹ️ --- Starting CV Evaluation Fold 8/10 ---
2026-07-05 15:17:44 | DEBUG    | [pipeline  :cv_model_evalua...:1457] | 🐞 Outer split (full set): 2289 train / 254 test samples.
2026-07-05 15:17:44 | DEBUG    | [pipeline  :cv_model_evalua...:1476] | 🐞 Fold 8: Internal split: ~2035 train / ~254 valid.
2026-07-05 15:17:44 | INFO     | [pipeline  :cv_model_evalua...:1486] | ℹ️ Fitting model for fold 8...
2026-07-05 15:17:44 | DEBUG    | [pretrai...:__init__          :  75] | 🐞 Initializing PretrainedViT:
2026-07-05 15:17:44 | DEBUG    | [pretrai...:__init__          :  76] | 🐞   Model Variant: vit_b_16, Pretrained: True
2026-07-05 15:17:44 | DEBUG    | [pretrai...:__init__          :  77] | 🐞   Is Hybrid Input: False
2026-07-05 15:17:44 | DEBUG    | [pretrai...:__init__          :  80] | 🐞   Unfreeze Strategy (Encoder Blocks): encoder_tail
2026-07-05 15:17:44 | DEBUG    | [pretrai...:__init__          :  82] | 🐞   Num Transformer Blocks to Unfreeze: 6
2026-07-05 15:17:44 | DEBUG    | [pretrai...:__init__          :  83] | 🐞   Unfreeze CLS: True, PosEmb: True, PatchEmb: False, EncoderLN: True
2026-07-05 15:17:44 | DEBUG    | [pretrai...:__init__          :  85] | 🐞   Custom Head Hidden Dims: None, Head Dropout: 0.5
2026-07-05 15:17:45 | DEBUG    | [pretrai...:__init__          : 106] | 🐞 Loaded vit_b_16 from torchvision.
2026-07-05 15:17:45 | DEBUG    | [pretrai...:__init__          : 283] | 🐞 Created simple linear head (dropout: 0.5), in_feat=768.
2026-07-05 15:17:45 | INFO     | [pretrai...:__init__          : 293] | ℹ️ PretrainedViT (standard) - Trainable: CLS Token, Positional Embeddings, 6 Encoder Blocks, Encoder LayerNorm, Classification Head.
2026-07-05 15:17:45 | INFO     | [pretrai...:__init__          : 313] | ℹ️ PretrainedViT (standard): Trainable params: 42.69M / Total params: 85.81M (49.75%)
2026-07-05 15:17:45 | DEBUG    | [adapter   :get_split_datasets: 205] | 🐞 Validation split for fold created with 255 original samples.
2026-07-05 15:17:45 | DEBUG    | [adapter   :get_split_datasets: 219] | 🐞 Original training set created with 2034 samples. Now checking for relevant offline augmentations...
2026-07-05 15:17:45 | DEBUG    | [adapter   :get_split_datasets: 240] | 🐞 Added 2034 relevant offline augmented samples to current training fold.
2026-07-05 15:17:45 | DEBUG    | [adapter   :get_split_datasets: 252] | 🐞 Total training split for fold created with 4068 samples.
2026-07-05 15:17:45 | DEBUG    | [adapter   :get_iterator      : 373] | 🐞 Creating DataLoader for training: dataset_len=4068, batch_size=16, shuffle=True, drop_last=False, collate_fn_type='function', loader_kwargs={'num_workers': 0, 'pin_memory': False}
2026-07-05 15:17:45 | DEBUG    | [adapter   :get_iterator      : 373] | 🐞 Creating DataLoader for validation/evaluation: dataset_len=255, batch_size=16, shuffle=False, drop_last=False, collate_fn_type='function', loader_kwargs={'num_workers': 0, 'pin_memory': False}
2026-07-05 15:18:17 | INFO     | [callbacks :on_epoch_end      : 131] | ℹ️   epoch    train_acc    train_loss    valid_acc    valid_loss   cp           lr      dur
2026-07-05 15:18:17 | INFO     | [callbacks :on_epoch_end      : 131] | ℹ️ -------  -----------  ------------  -----------  ------------  ----  ----------  -------
2026-07-05 15:18:17 | INFO     | [callbacks :on_epoch_end      : 131] | ℹ️       1     ▲ 0.3795      ▼ 1.8965     ▲ 0.4902      ▼ 1.4399        4.9975e-05  32.6481
2026-07-05 15:18:49 | INFO     | [callbacks :on_epoch_end      : 131] | ℹ️       2     ▲ 0.4939      ▼ 1.6018     ▲ 0.5216      ▼ 1.3955        4.9901e-05  31.6184
2026-07-05 15:19:20 | INFO     | [callbacks :on_epoch_end      : 131] | ℹ️       3     ▲ 0.5548      ▼ 1.4224     ▲ 0.5373         1.409        4.9778e-05  31.1881
2026-07-05 15:19:51 | INFO     | [callbacks :on_epoch_end      : 131] | ℹ️       4     ▲ 0.6354      ▼ 1.2527     ▲ 0.5412        1.4119        4.9606e-05  31.1256
2026-07-05 15:20:23 | INFO     | [callbacks :on_epoch_end      : 131] | ℹ️       5     ▲ 0.6561      ▼ 1.1870       0.5294        1.4753        4.9386e-05  31.5096
2026-07-05 15:20:54 | INFO     | [callbacks :on_epoch_end      : 131] | ℹ️       6     ▲ 0.7006      ▼ 1.0979       0.5373        1.4732        4.9117e-05  30.6429
2026-07-05 15:21:25 | INFO     | [callbacks :on_epoch_end      : 131] | ℹ️       7     ▲ 0.7542      ▼ 0.9464     ▲ 0.5569        1.5347        4.8801e-05  30.9525
2026-07-05 15:21:55 | INFO     | [callbacks :on_epoch_end      : 131] | ℹ️       8       0.7502      ▼ 0.9308     ▲ 0.5569        1.5891        4.8438e-05  30.8518
2026-07-05 15:22:26 | INFO     | [callbacks :on_epoch_end      : 131] | ℹ️       9     ▲ 0.7672      ▼ 0.8875     ▲ 0.5569        1.6634        4.8028e-05  30.9551
2026-07-05 15:22:57 | INFO     | [callbacks :on_epoch_end      : 131] | ℹ️      10     ▲ 0.7881      ▼ 0.8694       0.5451        1.7143        4.7574e-05  30.9016
2026-07-05 15:23:28 | INFO     | [callbacks :on_epoch_end      : 131] | ℹ️      11     ▲ 0.7938      ▼ 0.8227     ▲ 0.5686        1.6655        4.7075e-05  30.7439
2026-07-05 15:23:59 | INFO     | [callbacks :on_epoch_end      : 131] | ℹ️      12     ▲ 0.8235      ▼ 0.7351        0.549        1.7515        4.6532e-05  30.4534
2026-07-05 15:24:30 | INFO     | [callbacks :on_epoch_end      : 131] | ℹ️      13       0.7938        0.7771       0.5647        1.7718        4.5947e-05  30.9456
2026-07-05 15:25:00 | INFO     | [callbacks :on_epoch_end      : 131] | ℹ️      14       0.8056        0.7698       0.5333        1.8791        4.5321e-05  30.7422
2026-07-05 15:25:31 | INFO     | [callbacks :on_epoch_end      : 131] | ℹ️      15       0.7987      ▼ 0.7126       0.5176        1.8574        4.4655e-05  30.9792
2026-07-05 15:26:02 | INFO     | [callbacks :on_epoch_end      : 131] | ℹ️      16       0.8127        0.7181       0.5373        1.9296        4.395e-05  30.9153
2026-07-05 15:26:34 | INFO     | [pipeline  :cv_model_evalua...:1500] | ℹ️ Using best model from epoch 17
2026-07-05 15:26:34 | INFO     | [pipeline  :cv_model_evalua...:1503] | ℹ️ Evaluating model on outer test set for fold 8...
2026-07-05 15:26:34 | DEBUG    | [adapter   :get_iterator      : 373] | 🐞 Creating DataLoader for validation/evaluation: dataset_len=254, batch_size=16, shuffle=False, drop_last=False, collate_fn_type='function', loader_kwargs={'num_workers': 0, 'pin_memory': False}
2026-07-05 15:26:35 | DEBUG    | [adapter   :get_iterator      : 373] | 🐞 Creating DataLoader for validation/evaluation: dataset_len=254, batch_size=16, shuffle=False, drop_last=False, collate_fn_type='function', loader_kwargs={'num_workers': 0, 'pin_memory': False}
2026-07-05 15:26:35 | DEBUG    | [pipeline  :_compute_metrics  : 479] | 🐞 Computed Metrics: Acc=0.5236, Macro F1=0.4937
2026-07-05 15:26:35 | INFO     | [pipeline  :cv_model_evalua...:1522] | ℹ️ Fold 8 Test Scores: Acc=0.5236, F1=0.4937
2026-07-05 15:26:35 | INFO     | [pipeline  :cv_model_evalua...:1451] | ℹ️ --- Starting CV Evaluation Fold 9/10 ---
2026-07-05 15:26:35 | DEBUG    | [pipeline  :cv_model_evalua...:1457] | 🐞 Outer split (full set): 2289 train / 254 test samples.
2026-07-05 15:26:35 | DEBUG    | [pipeline  :cv_model_evalua...:1476] | 🐞 Fold 9: Internal split: ~2035 train / ~254 valid.
2026-07-05 15:26:35 | INFO     | [pipeline  :cv_model_evalua...:1486] | ℹ️ Fitting model for fold 9...
2026-07-05 15:26:35 | DEBUG    | [pretrai...:__init__          :  75] | 🐞 Initializing PretrainedViT:
2026-07-05 15:26:35 | DEBUG    | [pretrai...:__init__          :  76] | 🐞   Model Variant: vit_b_16, Pretrained: True
2026-07-05 15:26:35 | DEBUG    | [pretrai...:__init__          :  77] | 🐞   Is Hybrid Input: False
2026-07-05 15:26:35 | DEBUG    | [pretrai...:__init__          :  80] | 🐞   Unfreeze Strategy (Encoder Blocks): encoder_tail
2026-07-05 15:26:35 | DEBUG    | [pretrai...:__init__          :  82] | 🐞   Num Transformer Blocks to Unfreeze: 6
2026-07-05 15:26:35 | DEBUG    | [pretrai...:__init__          :  83] | 🐞   Unfreeze CLS: True, PosEmb: True, PatchEmb: False, EncoderLN: True
2026-07-05 15:26:35 | DEBUG    | [pretrai...:__init__          :  85] | 🐞   Custom Head Hidden Dims: None, Head Dropout: 0.5
2026-07-05 15:26:36 | DEBUG    | [pretrai...:__init__          : 106] | 🐞 Loaded vit_b_16 from torchvision.
2026-07-05 15:26:36 | DEBUG    | [pretrai...:__init__          : 283] | 🐞 Created simple linear head (dropout: 0.5), in_feat=768.
2026-07-05 15:26:36 | INFO     | [pretrai...:__init__          : 293] | ℹ️ PretrainedViT (standard) - Trainable: CLS Token, Positional Embeddings, 6 Encoder Blocks, Encoder LayerNorm, Classification Head.
2026-07-05 15:26:36 | INFO     | [pretrai...:__init__          : 313] | ℹ️ PretrainedViT (standard): Trainable params: 42.69M / Total params: 85.81M (49.75%)
2026-07-05 15:26:36 | DEBUG    | [adapter   :get_split_datasets: 205] | 🐞 Validation split for fold created with 255 original samples.
2026-07-05 15:26:36 | DEBUG    | [adapter   :get_split_datasets: 219] | 🐞 Original training set created with 2034 samples. Now checking for relevant offline augmentations...
2026-07-05 15:26:36 | DEBUG    | [adapter   :get_split_datasets: 240] | 🐞 Added 2034 relevant offline augmented samples to current training fold.
2026-07-05 15:26:36 | DEBUG    | [adapter   :get_split_datasets: 252] | 🐞 Total training split for fold created with 4068 samples.
2026-07-05 15:26:36 | DEBUG    | [adapter   :get_iterator      : 373] | 🐞 Creating DataLoader for training: dataset_len=4068, batch_size=16, shuffle=True, drop_last=False, collate_fn_type='function', loader_kwargs={'num_workers': 0, 'pin_memory': False}
2026-07-05 15:26:36 | DEBUG    | [adapter   :get_iterator      : 373] | 🐞 Creating DataLoader for validation/evaluation: dataset_len=255, batch_size=16, shuffle=False, drop_last=False, collate_fn_type='function', loader_kwargs={'num_workers': 0, 'pin_memory': False}
2026-07-05 15:27:09 | INFO     | [callbacks :on_epoch_end      : 131] | ℹ️   epoch    train_acc    train_loss    valid_acc    valid_loss   cp           lr      dur
2026-07-05 15:27:09 | INFO     | [callbacks :on_epoch_end      : 131] | ℹ️ -------  -----------  ------------  -----------  ------------  ----  ----------  -------
2026-07-05 15:27:09 | INFO     | [callbacks :on_epoch_end      : 131] | ℹ️       1     ▲ 0.3734      ▼ 1.8912     ▲ 0.4980      ▼ 1.4431        4.9975e-05  32.9673
2026-07-05 15:27:40 | INFO     | [callbacks :on_epoch_end      : 131] | ℹ️       2     ▲ 0.5007      ▼ 1.5629     ▲ 0.5412      ▼ 1.3373        4.9901e-05  30.8505
2026-07-05 15:28:11 | INFO     | [callbacks :on_epoch_end      : 131] | ℹ️       3     ▲ 0.5578      ▼ 1.4093     ▲ 0.5490      ▼ 1.2975        4.9778e-05  30.8307
2026-07-05 15:28:42 | INFO     | [callbacks :on_epoch_end      : 131] | ℹ️       4     ▲ 0.6384      ▼ 1.2363       0.5137        1.3238        4.9606e-05  30.9638
2026-07-05 15:29:13 | INFO     | [callbacks :on_epoch_end      : 131] | ℹ️       5     ▲ 0.6627      ▼ 1.1494       0.5059        1.4377        4.9386e-05  30.85
2026-07-05 15:29:44 | INFO     | [callbacks :on_epoch_end      : 131] | ℹ️       6     ▲ 0.7200      ▼ 1.0331     ▲ 0.5725        1.3642        4.9117e-05  30.9047
2026-07-05 15:30:14 | INFO     | [callbacks :on_epoch_end      : 131] | ℹ️       7     ▲ 0.7291      ▼ 0.9781       0.5216        1.5074        4.8801e-05  30.7733
2026-07-05 15:30:45 | INFO     | [callbacks :on_epoch_end      : 131] | ℹ️       8     ▲ 0.7657      ▼ 0.8973       0.5255        1.6026        4.8438e-05  31.0647
2026-07-05 15:31:17 | INFO     | [callbacks :on_epoch_end      : 131] | ℹ️       9     ▲ 0.7719      ▼ 0.8444       0.5216        1.6007        4.8028e-05  31.0819
2026-07-05 15:31:48 | INFO     | [callbacks :on_epoch_end      : 131] | ℹ️      10     ▲ 0.8122      ▼ 0.7869        0.549        1.6932        4.7574e-05  31.021
2026-07-05 15:32:19 | INFO     | [callbacks :on_epoch_end      : 131] | ℹ️      11     ▲ 0.8142      ▼ 0.7858     ▲ 0.5804        1.5596        4.7075e-05  31.0364
2026-07-05 15:32:50 | INFO     | [callbacks :on_epoch_end      : 131] | ℹ️      12       0.7839        0.7968       0.5647        1.7418        4.6532e-05  31.5043
2026-07-05 15:33:21 | INFO     | [callbacks :on_epoch_end      : 131] | ℹ️      13       0.7891      ▼ 0.7671       0.5098        1.7953        4.5947e-05  30.8816
2026-07-05 15:33:52 | INFO     | [callbacks :on_epoch_end      : 131] | ℹ️      14     ▲ 0.8250      ▼ 0.7065       0.5373        1.8497        4.5321e-05  30.7278
2026-07-05 15:34:23 | INFO     | [callbacks :on_epoch_end      : 131] | ℹ️      15       0.8112      ▼ 0.6903        0.549        1.8385        4.4655e-05  30.906
2026-07-05 15:34:54 | INFO     | [callbacks :on_epoch_end      : 131] | ℹ️      16       0.8213      ▼ 0.6841       0.5569        1.8439        4.395e-05  31.0602
2026-07-05 15:35:25 | INFO     | [callbacks :on_epoch_end      : 131] | ℹ️      17       0.8139        0.7152       0.5765        1.8495        4.3208e-05  31.1012
2026-07-05 15:35:56 | INFO     | [pipeline  :cv_model_evalua...:1500] | ℹ️ Using best model from epoch 18
2026-07-05 15:35:56 | INFO     | [pipeline  :cv_model_evalua...:1503] | ℹ️ Evaluating model on outer test set for fold 9...
2026-07-05 15:35:56 | DEBUG    | [adapter   :get_iterator      : 373] | 🐞 Creating DataLoader for validation/evaluation: dataset_len=254, batch_size=16, shuffle=False, drop_last=False, collate_fn_type='function', loader_kwargs={'num_workers': 0, 'pin_memory': False}
2026-07-05 15:35:57 | DEBUG    | [adapter   :get_iterator      : 373] | 🐞 Creating DataLoader for validation/evaluation: dataset_len=254, batch_size=16, shuffle=False, drop_last=False, collate_fn_type='function', loader_kwargs={'num_workers': 0, 'pin_memory': False}
2026-07-05 15:35:58 | DEBUG    | [pipeline  :_compute_metrics  : 479] | 🐞 Computed Metrics: Acc=0.4567, Macro F1=0.4339
2026-07-05 15:35:58 | INFO     | [pipeline  :cv_model_evalua...:1522] | ℹ️ Fold 9 Test Scores: Acc=0.4567, F1=0.4339
2026-07-05 15:35:58 | INFO     | [pipeline  :cv_model_evalua...:1451] | ℹ️ --- Starting CV Evaluation Fold 10/10 ---
2026-07-05 15:35:58 | DEBUG    | [pipeline  :cv_model_evalua...:1457] | 🐞 Outer split (full set): 2289 train / 254 test samples.
2026-07-05 15:35:58 | DEBUG    | [pipeline  :cv_model_evalua...:1476] | 🐞 Fold 10: Internal split: ~2035 train / ~254 valid.
2026-07-05 15:35:58 | INFO     | [pipeline  :cv_model_evalua...:1486] | ℹ️ Fitting model for fold 10...
2026-07-05 15:35:58 | DEBUG    | [pretrai...:__init__          :  75] | 🐞 Initializing PretrainedViT:
2026-07-05 15:35:58 | DEBUG    | [pretrai...:__init__          :  76] | 🐞   Model Variant: vit_b_16, Pretrained: True
2026-07-05 15:35:58 | DEBUG    | [pretrai...:__init__          :  77] | 🐞   Is Hybrid Input: False
2026-07-05 15:35:58 | DEBUG    | [pretrai...:__init__          :  80] | 🐞   Unfreeze Strategy (Encoder Blocks): encoder_tail
2026-07-05 15:35:58 | DEBUG    | [pretrai...:__init__          :  82] | 🐞   Num Transformer Blocks to Unfreeze: 6
2026-07-05 15:35:58 | DEBUG    | [pretrai...:__init__          :  83] | 🐞   Unfreeze CLS: True, PosEmb: True, PatchEmb: False, EncoderLN: True
2026-07-05 15:35:58 | DEBUG    | [pretrai...:__init__          :  85] | 🐞   Custom Head Hidden Dims: None, Head Dropout: 0.5
2026-07-05 15:35:58 | DEBUG    | [pretrai...:__init__          : 106] | 🐞 Loaded vit_b_16 from torchvision.
2026-07-05 15:35:58 | DEBUG    | [pretrai...:__init__          : 283] | 🐞 Created simple linear head (dropout: 0.5), in_feat=768.
2026-07-05 15:35:58 | INFO     | [pretrai...:__init__          : 293] | ℹ️ PretrainedViT (standard) - Trainable: CLS Token, Positional Embeddings, 6 Encoder Blocks, Encoder LayerNorm, Classification Head.
2026-07-05 15:35:58 | INFO     | [pretrai...:__init__          : 313] | ℹ️ PretrainedViT (standard): Trainable params: 42.69M / Total params: 85.81M (49.75%)
2026-07-05 15:35:58 | DEBUG    | [adapter   :get_split_datasets: 205] | 🐞 Validation split for fold created with 255 original samples.
2026-07-05 15:35:58 | DEBUG    | [adapter   :get_split_datasets: 219] | 🐞 Original training set created with 2034 samples. Now checking for relevant offline augmentations...
2026-07-05 15:35:58 | DEBUG    | [adapter   :get_split_datasets: 240] | 🐞 Added 2034 relevant offline augmented samples to current training fold.
2026-07-05 15:35:58 | DEBUG    | [adapter   :get_split_datasets: 252] | 🐞 Total training split for fold created with 4068 samples.
2026-07-05 15:35:58 | DEBUG    | [adapter   :get_iterator      : 373] | 🐞 Creating DataLoader for training: dataset_len=4068, batch_size=16, shuffle=True, drop_last=False, collate_fn_type='function', loader_kwargs={'num_workers': 0, 'pin_memory': False}
2026-07-05 15:35:58 | DEBUG    | [adapter   :get_iterator      : 373] | 🐞 Creating DataLoader for validation/evaluation: dataset_len=255, batch_size=16, shuffle=False, drop_last=False, collate_fn_type='function', loader_kwargs={'num_workers': 0, 'pin_memory': False}
2026-07-05 15:36:31 | INFO     | [callbacks :on_epoch_end      : 131] | ℹ️   epoch    train_acc    train_loss    valid_acc    valid_loss   cp           lr      dur
2026-07-05 15:36:31 | INFO     | [callbacks :on_epoch_end      : 131] | ℹ️ -------  -----------  ------------  -----------  ------------  ----  ----------  -------
2026-07-05 15:36:31 | INFO     | [callbacks :on_epoch_end      : 131] | ℹ️       1     ▲ 0.3783      ▼ 1.8900     ▲ 0.5333      ▼ 1.3383        4.9975e-05  32.5484
2026-07-05 15:37:02 | INFO     | [callbacks :on_epoch_end      : 131] | ℹ️       2     ▲ 0.5012      ▼ 1.5815     ▲ 0.5765      ▼ 1.2481        4.9901e-05  31.0005
2026-07-05 15:37:33 | INFO     | [callbacks :on_epoch_end      : 131] | ℹ️       3     ▲ 0.5659      ▼ 1.4004     ▲ 0.5804        1.3001        4.9778e-05  31.0015
2026-07-05 15:38:04 | INFO     | [callbacks :on_epoch_end      : 131] | ℹ️       4     ▲ 0.6136      ▼ 1.2757     ▲ 0.5882         1.259        4.9606e-05  30.9415
2026-07-05 15:38:35 | INFO     | [callbacks :on_epoch_end      : 131] | ℹ️       5     ▲ 0.6605      ▼ 1.1920       0.5176        1.3897        4.9386e-05  31.6209
2026-07-05 15:39:06 | INFO     | [callbacks :on_epoch_end      : 131] | ℹ️       6     ▲ 0.7330      ▼ 1.0209       0.5412        1.4576        4.9117e-05  30.7418
2026-07-05 15:39:37 | INFO     | [callbacks :on_epoch_end      : 131] | ℹ️       7     ▲ 0.7544      ▼ 0.9277       0.5451        1.5181        4.8801e-05  30.8509
2026-07-05 15:40:08 | INFO     | [callbacks :on_epoch_end      : 131] | ℹ️       8       0.7488      ▼ 0.9011       0.5529        1.6203        4.8438e-05  31.0365
2026-07-05 15:40:39 | INFO     | [callbacks :on_epoch_end      : 131] | ℹ️       9     ▲ 0.7682      ▼ 0.8816       0.5294        1.5651        4.8028e-05  30.9337
2026-07-05 15:41:10 | INFO     | [callbacks :on_epoch_end      : 131] | ℹ️      10     ▲ 0.7748      ▼ 0.8262       0.5608        1.6984        4.7574e-05  30.7048
2026-07-05 15:41:41 | INFO     | [callbacks :on_epoch_end      : 131] | ℹ️      11     ▲ 0.7770      ▼ 0.8033       0.5451        1.7423        4.7075e-05  31.115
2026-07-05 15:42:12 | INFO     | [callbacks :on_epoch_end      : 131] | ℹ️      12     ▲ 0.8188      ▼ 0.7408       0.5451        1.7998        4.6532e-05  30.941
2026-07-05 15:42:43 | INFO     | [callbacks :on_epoch_end      : 131] | ℹ️      13        0.779        0.7499       0.5843        1.7227        4.5947e-05  31.1257
2026-07-05 15:43:14 | INFO     | [callbacks :on_epoch_end      : 131] | ℹ️      14     ▲ 0.8208      ▼ 0.7304       0.5333        1.9204        4.5321e-05  31.5367
2026-07-05 15:43:46 | INFO     | [callbacks :on_epoch_end      : 131] | ℹ️      15       0.8075      ▼ 0.7107       0.5529        1.8776        4.4655e-05  31.4572
2026-07-05 15:44:17 | INFO     | [callbacks :on_epoch_end      : 131] | ℹ️      16     ▲ 0.8252        0.7274       0.5569        1.8451        4.395e-05  31.0155
2026-07-05 15:44:49 | INFO     | [pipeline  :cv_model_evalua...:1500] | ℹ️ Using best model from epoch 17
2026-07-05 15:44:49 | INFO     | [pipeline  :cv_model_evalua...:1503] | ℹ️ Evaluating model on outer test set for fold 10...
2026-07-05 15:44:49 | DEBUG    | [adapter   :get_iterator      : 373] | 🐞 Creating DataLoader for validation/evaluation: dataset_len=254, batch_size=16, shuffle=False, drop_last=False, collate_fn_type='function', loader_kwargs={'num_workers': 0, 'pin_memory': False}
2026-07-05 15:44:50 | DEBUG    | [adapter   :get_iterator      : 373] | 🐞 Creating DataLoader for validation/evaluation: dataset_len=254, batch_size=16, shuffle=False, drop_last=False, collate_fn_type='function', loader_kwargs={'num_workers': 0, 'pin_memory': False}
2026-07-05 15:44:51 | DEBUG    | [pipeline  :_compute_metrics  : 479] | 🐞 Computed Metrics: Acc=0.5472, Macro F1=0.5379
2026-07-05 15:44:51 | INFO     | [pipeline  :cv_model_evalua...:1522] | ℹ️ Fold 10 Test Scores: Acc=0.5472, F1=0.5379
2026-07-05 15:44:51 | DEBUG    | [pipeline  :_save_results     : 527] | 🐞 Results detail level overridden for this run to: 2
2026-07-05 15:44:51 | DEBUG    | [pipeline  :_save_results     : 534] | 🐞 Saving results for cv_model_evaluation_full_133651 (detail level: 2)
2026-07-05 15:44:51 | INFO     | [pipeline  :_save_results     : 632] | ℹ️ Results JSON saved via repository to: experiments/CCSN/pvit/20260705_133651_seed42/cv_model_evaluation_full_133651/cv_model_evaluation_results.json
2026-07-05 15:44:51 | INFO     | [pipeline  :cv_model_evalua...:1632] | ℹ️ Plotting cv for eval results for cv_model_evaluation_full_133651 (plot level 2).
2026-07-05 15:44:51 | INFO     | [plotter   :plot_cv_model_e...: 834] | ℹ️ Plotting cv_model_evaluation results for: cv_model_evaluation_full_133651
2026-07-05 15:44:51 | INFO     | [plotter   :_generate_aggre...: 296] | ℹ️ Aggregated metrics CSV saved via repository to: experiments/CCSN/pvit/20260705_133651_seed42/cv_model_evaluation_full_133651/cv_model_evaluation_plots/aggregated_metrics_table.csv
2026-07-05 15:44:52 | INFO     | [plotter   :plot_cv_model_e...: 889] | ℹ️ Generating grouped plots per fold for 10 folds...
2026-07-05 15:45:06 | INFO     | [plotter   :_generate_metri...: 241] | ℹ️ Metrics CSV saved via repository to: experiments/CCSN/pvit/20260705_133651_seed42/cv_model_evaluation_full_133651/cv_model_evaluation_plots/fold_1_metrics_table.csv
2026-07-05 15:45:06 | INFO     | [plotter   :_generate_metri...: 241] | ℹ️ Metrics CSV saved via repository to: experiments/CCSN/pvit/20260705_133651_seed42/cv_model_evaluation_full_133651/cv_model_evaluation_plots/fold_2_metrics_table.csv
2026-07-05 15:45:06 | INFO     | [plotter   :_generate_metri...: 241] | ℹ️ Metrics CSV saved via repository to: experiments/CCSN/pvit/20260705_133651_seed42/cv_model_evaluation_full_133651/cv_model_evaluation_plots/fold_3_metrics_table.csv
2026-07-05 15:45:06 | INFO     | [plotter   :_generate_metri...: 241] | ℹ️ Metrics CSV saved via repository to: experiments/CCSN/pvit/20260705_133651_seed42/cv_model_evaluation_full_133651/cv_model_evaluation_plots/fold_4_metrics_table.csv
2026-07-05 15:45:06 | INFO     | [plotter   :_generate_metri...: 241] | ℹ️ Metrics CSV saved via repository to: experiments/CCSN/pvit/20260705_133651_seed42/cv_model_evaluation_full_133651/cv_model_evaluation_plots/fold_5_metrics_table.csv
2026-07-05 15:45:06 | INFO     | [plotter   :_generate_metri...: 241] | ℹ️ Metrics CSV saved via repository to: experiments/CCSN/pvit/20260705_133651_seed42/cv_model_evaluation_full_133651/cv_model_evaluation_plots/fold_6_metrics_table.csv
2026-07-05 15:45:06 | INFO     | [plotter   :_generate_metri...: 241] | ℹ️ Metrics CSV saved via repository to: experiments/CCSN/pvit/20260705_133651_seed42/cv_model_evaluation_full_133651/cv_model_evaluation_plots/fold_7_metrics_table.csv
2026-07-05 15:45:06 | INFO     | [plotter   :_generate_metri...: 241] | ℹ️ Metrics CSV saved via repository to: experiments/CCSN/pvit/20260705_133651_seed42/cv_model_evaluation_full_133651/cv_model_evaluation_plots/fold_8_metrics_table.csv
2026-07-05 15:45:06 | INFO     | [plotter   :_generate_metri...: 241] | ℹ️ Metrics CSV saved via repository to: experiments/CCSN/pvit/20260705_133651_seed42/cv_model_evaluation_full_133651/cv_model_evaluation_plots/fold_9_metrics_table.csv
2026-07-05 15:45:06 | INFO     | [plotter   :_generate_metri...: 241] | ℹ️ Metrics CSV saved via repository to: experiments/CCSN/pvit/20260705_133651_seed42/cv_model_evaluation_full_133651/cv_model_evaluation_plots/fold_10_metrics_table.csv
2026-07-05 15:45:06 | INFO     | [plotter   :plot_cv_model_e...:1038] | ℹ️ Finished plotting for cv_model_evaluation: cv_model_evaluation_full_133651
2026-07-05 15:45:06 | INFO     | [pipeline  :cv_model_evalua...:1648] | ℹ️ CV Evaluation Summary (on full data, 10 folds, 95% CI):
2026-07-05 15:45:06 | INFO     | [pipeline  :cv_model_evalua...:1654] | ℹ️   Accuracy            : 0.5415 +/- 0.0265
2026-07-05 15:45:06 | INFO     | [pipeline  :cv_model_evalua...:1654] | ℹ️   F1 Macro            : 0.5188 +/- 0.0261
2026-07-05 15:45:06 | INFO     | [pipeline  :cv_model_evalua...:1654] | ℹ️   Precision Macro     : 0.5435 +/- 0.0278
2026-07-05 15:45:06 | INFO     | [pipeline  :cv_model_evalua...:1654] | ℹ️   Recall Macro        : 0.5290 +/- 0.0265
2026-07-05 15:45:06 | INFO     | [pipeline  :cv_model_evalua...:1654] | ℹ️   Specificity Macro   : 0.9539 +/- 0.0026
2026-07-05 15:45:06 | INFO     | [pipeline  :cv_model_evalua...:1654] | ℹ️   Roc Auc Macro       : 0.9018 +/- 0.0116
2026-07-05 15:45:06 | INFO     | [pipeline  :cv_model_evalua...:1654] | ℹ️   Pr Auc Macro        : 0.5705 +/- 0.0280
2026-07-05 15:45:06 | INFO     | [executor  :run               : 298] | ℹ️ --- Method cv_model_evaluation (Op ID: cv_model_evaluation_0) completed successfully in 7695.65s ---
2026-07-05 15:45:06 | INFO     | [executor  :run               : 355] | ℹ️ Pipeline execution finished successfully in 7695.65s for Executor Run ID: 20260705_133651_seed42.
2026-07-05 15:45:06 | INFO     | [executor  :run               : 361] | ℹ️ Executor run for 20260705_133651_seed42 attempting final log operations.
2026-07-05 15:45:06 | DEBUG    | [executor  :_upload_and_cle...: 207] | 🐞 Flushing and closing log handler for: C:\Users\Stefan Alexandrescu\Documents\GitHub\UBB-Y3-AI-Research\model_src\experiments\CCSN\pvit\20260705_133651_seed42\executor_run_20260705_133651_seed42.log before upload/cleanup.
2026-07-05 15:45:06 | INFO     | [executor  :_upload_and_cle...: 233] | ℹ️ Main executor log file available at: C:\Users\Stefan Alexandrescu\Documents\GitHub\UBB-Y3-AI-Research\model_src\experiments\CCSN\pvit\20260705_133651_seed42\executor_run_20260705_133651_seed42.log
2026-07-05 15:45:06 | INFO     | [main      :<module>          : 346] | ℹ️ --- Final Execution Results Summary ---
2026-07-05 15:45:06 | INFO     | [main      :<module>          : 357] | ℹ️ Method executor_run_id: Completed. Result: 20260705_133651_seed42
2026-07-05 15:45:06 | INFO     | [main      :<module>          : 357] | ℹ️ Method seed_used: Completed. Result: 42
2026-07-05 15:45:06 | INFO     | [main      :<module>          : 354] | ℹ️ Method cv_model_evaluation_0: Completed. (Acc: 0.5415, F1: 0.5188, BestScore: nan)
