Timestamp           | Level    | Location                             | Message
--------------------+----------+--------------------------------------+---------------------------------------------------
2026-06-30 19:08:45 | INFO     | [logger_...:setup_logger      : 130] | ℹ️ Logger 'ImgClassPipe' initialized. Log file: C:\Users\Stefan Alexandrescu\Documents\GitHub\UBB-Y3-AI-Research\model_src\experiments\GCD\pvit\20260630_190845_seed42\executor_run_20260630_190845_seed42.log
2026-06-30 19:08:45 | INFO     | [executor  :__init__          : 121] | ℹ️ Local main executor log file for this run (may be temporary): C:\Users\Stefan Alexandrescu\Documents\GitHub\UBB-Y3-AI-Research\model_src\experiments\GCD\pvit\20260630_190845_seed42\executor_run_20260630_190845_seed42.log
2026-06-30 19:08:45 | INFO     | [executor  :__init__          : 126] | ℹ️ --- Starting Executor Run (ID: 20260630_190845_seed42) ---
2026-06-30 19:08:45 | INFO     | [executor  :__init__          : 127] | ℹ️ Executor initialized for model 'pvit' on dataset 'GCD'
2026-06-30 19:08:45 | INFO     | [executor  :__init__          : 130] | ℹ️ Local artifact storage base: C:\Users\Stefan Alexandrescu\Documents\GitHub\UBB-Y3-AI-Research\model_src
2026-06-30 19:08:45 | INFO     | [executor  :__init__          : 134] | ℹ️ Base key/prefix for this executor run's artifacts: experiments/GCD/pvit/20260630_190845_seed42
2026-06-30 19:08:45 | INFO     | [pipeline  :__init__          : 165] | ℹ️ Initializing Classification Pipeline:
2026-06-30 19:08:45 | INFO     | [pipeline  :__init__          : 166] | ℹ️   Dataset Path: C:\Users\Stefan Alexandrescu\Documents\GitHub\UBB-Y3-AI-Research\model_src\data\GCD
2026-06-30 19:08:45 | INFO     | [pipeline  :__init__          : 167] | ℹ️   Model Type: pvit
2026-06-30 19:08:45 | INFO     | [pipeline  :__init__          : 170] | ℹ️   Artifact base key prefix for this run: experiments/GCD/pvit/20260630_190845_seed42 (using LocalFileSystemRepository)
2026-06-30 19:08:45 | INFO     | [pipeline  :__init__          : 174] | ℹ️   Default Augmentation Strategy: AugmentationStrategy.SKY_ONLY_ROTATION
2026-06-30 19:08:45 | INFO     | [pipeline  :__init__          : 175] | ℹ️   Default Show First Batch Aug: True
2026-06-30 19:08:45 | INFO     | [dataset...:__init__          : 529] | ℹ️ Using augmentation strategy: AugmentationStrategy.SKY_ONLY_ROTATION
2026-06-30 19:08:45 | INFO     | [dataset...:__init__          : 560] | ℹ️ Detected dataset structure: fixed
2026-06-30 19:08:45 | WARNING  | [dataset...:__init__          : 562] | ⚠️ Dataset is FIXED, but force_flat_for_fixed_cv=True. CV methods will treat train+test as a single dataset. Results might not reflect standard fixed-test evaluation.
2026-06-30 19:08:45 | INFO     | [dataset...:_load_paths_and...: 821] | ℹ️ Scanning FIXED dataset from C:\Users\Stefan Alexandrescu\Documents\GitHub\UBB-Y3-AI-Research\model_src\data\GCD\train (train) and C:\Users\Stefan Alexandrescu\Documents\GitHub\UBB-Y3-AI-Research\model_src\data\GCD\test (test)...
2026-06-30 19:08:45 | INFO     | [dataset...:_load_paths_and...: 867] | ℹ️ Loaded 19000 offline augmented samples with original name mapping.
2026-06-30 19:08:45 | INFO     | [dataset...:_load_paths_and...: 874] | ℹ️ Final Original Dataset sizes: 10000 original train+val, 9000 original test. Offline augmented samples loaded: 19000.
2026-06-30 19:08:45 | INFO     | [dataset...:__init__          : 586] | ℹ️ Found 7 classes: 1_cumulus, 2_altocumulus, 3_cirrus, 4_clearsky, 5_stratocumulus, 6_cumulonimbus, 7_mixed
2026-06-30 19:08:45 | INFO     | [dataset...:_calculate_clas...: 676] | ℹ️ Calculating class weights for the training set...
2026-06-30 19:08:45 | INFO     | [dataset...:_calculate_clas...: 690] | ℹ️ Calculated class weights (for classes 0 to 6):
2026-06-30 19:08:45 | INFO     | [dataset...:_calculate_clas...: 692] | ℹ️   - 1_cumulus (Class 0): 1.8433
2026-06-30 19:08:45 | INFO     | [dataset...:_calculate_clas...: 692] | ℹ️   - 2_altocumulus (Class 1): 1.9704
2026-06-30 19:08:45 | INFO     | [dataset...:_calculate_clas...: 692] | ℹ️   - 3_cirrus (Class 2): 1.2390
2026-06-30 19:08:45 | INFO     | [dataset...:_calculate_clas...: 692] | ℹ️   - 4_clearsky (Class 3): 0.6645
2026-06-30 19:08:45 | INFO     | [dataset...:_calculate_clas...: 692] | ℹ️   - 5_stratocumulus (Class 4): 0.7739
2026-06-30 19:08:45 | INFO     | [dataset...:_calculate_clas...: 692] | ℹ️   - 6_cumulonimbus (Class 5): 0.4757
2026-06-30 19:08:45 | INFO     | [dataset...:_calculate_clas...: 692] | ℹ️   - 7_mixed (Class 6): 4.1051
2026-06-30 19:08:45 | INFO     | [dataset...:__init__          : 592] | ℹ️ Dataset sizes: 10000 train+val, 9000 test. Total: 19000
2026-06-30 19:08:45 | INFO     | [dataset...:__init__          : 594] | ℹ️ Total combined size (for forced CV): 19000
2026-06-30 19:08:45 | INFO     | [pipeline  :__init__          : 185] | ℹ️   Artifact base key prefix for this run: experiments/GCD/pvit/20260630_190845_seed42 (using LocalFileSystemRepository)
2026-06-30 19:08:45 | INFO     | [pipeline  :__init__          : 212] | ℹ️   Using Optimizer: AdamW
2026-06-30 19:08:45 | DEBUG    | [callbacks :get_default_cal...: 172] | 🐞 Default LRScheduler callback instance created with policy: ReduceLROnPlateau, kwargs: {'patience': 2, 'mode': 'min', 'factor': 0.1, 'min_lr': 1e-06, 'verbose': False}, monitor: valid_loss
2026-06-30 19:08:45 | INFO     | [pipeline  :__init__          : 269] | ℹ️   Model Adapter: Initialized with PretrainedViT
2026-06-30 19:08:45 | DEBUG    | [executor  :_validate_methods : 189] | 🐞 Basic method validation successful.
2026-06-30 19:08:45 | INFO     | [executor  :__init__          : 168] | ℹ️ Executor configured to run methods: cv_model_evaluation
2026-06-30 19:08:45 | INFO     | [executor  :run               : 237] | ℹ️ Starting execution of methods for Executor Run ID: 20260630_190845_seed42
2026-06-30 19:08:45 | INFO     | [executor  :run               : 246] | ℹ️ --- Running Method 1/1: cv_model_evaluation (Op ID: cv_model_evaluation_0) ---
2026-06-30 19:08:45 | DEBUG    | [executor  :run               : 291] | 🐞 Running method 'cv_model_evaluation' with effective parameters: {'params': {'max_epochs': 70, 'lr': 5e-05, 'batch_size': 16, 'optimizer': 'AdamW', 'optimizer__weight_decay': 0.2, 'callbacks__default_lr_scheduler__policy': 'CosineAnnealingLR', 'callbacks__default_lr_scheduler__T_max': 70, 'callbacks__default_lr_scheduler__eta_min': 1e-06, 'callbacks__default_early_stopping__patience': 15, 'module__vit_model_variant': 'vit_b_16', 'module__pretrained': True, 'module__unfreeze_strategy': 'encoder_tail', 'module__num_transformer_blocks_to_unfreeze': 6, 'module__unfreeze_cls_token': True, 'module__unfreeze_pos_embedding': True, 'module__unfreeze_patch_embedding': False, 'module__unfreeze_encoder_layernorm': True, 'module__custom_head_hidden_dims': None, 'module__head_dropout_rate': 0.5, 'iterator_train__shuffle': True}, 'val_split_ratio': 0.1, 'cv': 5, 'evaluate_on': 'full', 'results_detail_level': 2}
2026-06-30 19:08:45 | INFO     | [pipeline  :cv_model_evalua...:1354] | ℹ️ Performing 5-fold CV for evaluation with fixed parameters.
2026-06-30 19:08:45 | DEBUG    | [dataset...:get_full_paths_...: 943] | 🐞 Providing combined train+test paths/labels for forced flat CV.
2026-06-30 19:08:45 | INFO     | [pipeline  :cv_model_evalua...:1373] | ℹ️ Using full dataset (19000 samples) for CV evaluation.
2026-06-30 19:08:45 | INFO     | [pipeline  :cv_model_evalua...:1397] | ℹ️ Using provided parameters for CV evaluation: {'max_epochs': 70, 'lr': 5e-05, 'batch_size': 16, 'optimizer': 'AdamW', 'optimizer__weight_decay': 0.2, 'callbacks__default_lr_scheduler__policy': 'CosineAnnealingLR', 'callbacks__default_lr_scheduler__T_max': 70, 'callbacks__default_lr_scheduler__eta_min': 1e-06, 'callbacks__default_early_stopping__patience': 15, 'module__vit_model_variant': 'vit_b_16', 'module__pretrained': True, 'module__unfreeze_strategy': 'encoder_tail', 'module__num_transformer_blocks_to_unfreeze': 6, 'module__unfreeze_cls_token': True, 'module__unfreeze_pos_embedding': True, 'module__unfreeze_patch_embedding': False, 'module__unfreeze_encoder_layernorm': True, 'module__custom_head_hidden_dims': None, 'module__head_dropout_rate': 0.5, 'iterator_train__shuffle': True}
2026-06-30 19:08:45 | DEBUG    | [param_g...:parse_fixed_hyp...: 163] | 🐞 Created LRScheduler instance: policy=CosineAnnealingLR, direct_args={}, constructor_kwargs={'T_max': 70, 'eta_min': 1e-06}
2026-06-30 19:08:45 | INFO     | [pipeline  :cv_model_evalua...:1418] | ℹ️ Skorch internal validation split configured: 10.0% of each CV fold's training data.
2026-06-30 19:08:45 | DEBUG    | [pipeline  :cv_model_evalua...:1445] | 🐞 Will compute detailed metrics (detail_level=2, plot_level=2)
2026-06-30 19:08:45 | INFO     | [pipeline  :cv_model_evalua...:1451] | ℹ️ --- Starting CV Evaluation Fold 1/5 ---
2026-06-30 19:08:45 | DEBUG    | [pipeline  :cv_model_evalua...:1457] | 🐞 Outer split (full set): 15200 train / 3800 test samples.
2026-06-30 19:08:45 | DEBUG    | [pipeline  :cv_model_evalua...:1476] | 🐞 Fold 1: Internal split: ~13680 train / ~1520 valid.
2026-06-30 19:08:45 | INFO     | [pipeline  :cv_model_evalua...:1486] | ℹ️ Fitting model for fold 1...
2026-06-30 19:08:45 | DEBUG    | [pretrai...:__init__          :  75] | 🐞 Initializing PretrainedViT:
2026-06-30 19:08:45 | DEBUG    | [pretrai...:__init__          :  76] | 🐞   Model Variant: vit_b_16, Pretrained: True
2026-06-30 19:08:45 | DEBUG    | [pretrai...:__init__          :  77] | 🐞   Is Hybrid Input: False
2026-06-30 19:08:45 | DEBUG    | [pretrai...:__init__          :  80] | 🐞   Unfreeze Strategy (Encoder Blocks): encoder_tail
2026-06-30 19:08:45 | DEBUG    | [pretrai...:__init__          :  82] | 🐞   Num Transformer Blocks to Unfreeze: 6
2026-06-30 19:08:45 | DEBUG    | [pretrai...:__init__          :  83] | 🐞   Unfreeze CLS: True, PosEmb: True, PatchEmb: False, EncoderLN: True
2026-06-30 19:08:45 | DEBUG    | [pretrai...:__init__          :  85] | 🐞   Custom Head Hidden Dims: None, Head Dropout: 0.5
2026-06-30 19:08:45 | DEBUG    | [pretrai...:__init__          : 106] | 🐞 Loaded vit_b_16 from torchvision.
2026-06-30 19:08:45 | DEBUG    | [pretrai...:__init__          : 283] | 🐞 Created simple linear head (dropout: 0.5), in_feat=768.
2026-06-30 19:08:45 | INFO     | [pretrai...:__init__          : 293] | ℹ️ PretrainedViT (standard) - Trainable: CLS Token, Positional Embeddings, 6 Encoder Blocks, Encoder LayerNorm, Classification Head.
2026-06-30 19:08:45 | INFO     | [pretrai...:__init__          : 313] | ℹ️ PretrainedViT (standard): Trainable params: 42.69M / Total params: 85.80M (49.75%)
2026-06-30 19:08:45 | DEBUG    | [adapter   :get_split_datasets: 205] | 🐞 Validation split for fold created with 1520 original samples.
2026-06-30 19:08:45 | DEBUG    | [adapter   :get_split_datasets: 219] | 🐞 Original training set created with 13680 samples. Now checking for relevant offline augmentations...
2026-06-30 19:08:45 | DEBUG    | [adapter   :get_split_datasets: 240] | 🐞 Added 13680 relevant offline augmented samples to current training fold.
2026-06-30 19:08:46 | DEBUG    | [adapter   :get_split_datasets: 252] | 🐞 Total training split for fold created with 27360 samples.
2026-06-30 19:08:46 | DEBUG    | [adapter   :get_iterator      : 373] | 🐞 Creating DataLoader for training: dataset_len=27360, batch_size=16, shuffle=True, drop_last=False, collate_fn_type='function', loader_kwargs={'num_workers': 0, 'pin_memory': False}
2026-06-30 19:08:46 | DEBUG    | [adapter   :get_iterator      : 373] | 🐞 Creating DataLoader for validation/evaluation: dataset_len=1520, batch_size=16, shuffle=False, drop_last=False, collate_fn_type='function', loader_kwargs={'num_workers': 0, 'pin_memory': False}
2026-06-30 19:13:41 | INFO     | [callbacks :on_epoch_end      : 131] | ℹ️   epoch    train_acc    train_loss    valid_acc    valid_loss   cp           lr      dur
2026-06-30 19:13:41 | INFO     | [callbacks :on_epoch_end      : 131] | ℹ️ -------  -----------  ------------  -----------  ------------  ----  ----------  -------
2026-06-30 19:13:41 | INFO     | [callbacks :on_epoch_end      : 131] | ℹ️       1     ▲ 0.7991      ▼ 0.5409     ▲ 0.8408      ▼ 0.3884        4.9975e-05  295.629
2026-06-30 19:18:30 | INFO     | [callbacks :on_epoch_end      : 131] | ℹ️       2     ▲ 0.8456      ▼ 0.4090     ▲ 0.8553      ▼ 0.3717        4.9901e-05  288.996
2026-06-30 19:23:18 | INFO     | [callbacks :on_epoch_end      : 131] | ℹ️       3     ▲ 0.8636      ▼ 0.3667     ▲ 0.8579      ▼ 0.3530        4.9778e-05  287.919
2026-06-30 19:28:06 | INFO     | [callbacks :on_epoch_end      : 131] | ℹ️       4     ▲ 0.8704      ▼ 0.3478     ▲ 0.8592      ▼ 0.3479        4.9606e-05  287.724
2026-06-30 19:32:54 | INFO     | [callbacks :on_epoch_end      : 131] | ℹ️       5     ▲ 0.8768      ▼ 0.3259     ▲ 0.8658      ▼ 0.3271        4.9386e-05  287.781
2026-06-30 19:37:42 | INFO     | [callbacks :on_epoch_end      : 131] | ℹ️       6     ▲ 0.8821      ▼ 0.3116     ▲ 0.8664        0.3415        4.9117e-05  287.387
2026-06-30 19:42:30 | INFO     | [callbacks :on_epoch_end      : 131] | ℹ️       7     ▲ 0.8893      ▼ 0.2944     ▲ 0.8743      ▼ 0.3206        4.8801e-05  288.074
2026-06-30 19:47:17 | INFO     | [callbacks :on_epoch_end      : 131] | ℹ️       8     ▲ 0.8935      ▼ 0.2854       0.8697        0.3239        4.8438e-05  287.616
2026-06-30 19:52:05 | INFO     | [callbacks :on_epoch_end      : 131] | ℹ️       9     ▲ 0.8964      ▼ 0.2750       0.8724        0.3299        4.8028e-05  287.032
2026-06-30 19:56:54 | INFO     | [callbacks :on_epoch_end      : 131] | ℹ️      10     ▲ 0.9007      ▼ 0.2682     ▲ 0.8750      ▼ 0.3036        4.7574e-05  289.243
2026-06-30 20:01:41 | INFO     | [callbacks :on_epoch_end      : 131] | ℹ️      11     ▲ 0.9009      ▼ 0.2601       0.8737        0.3089        4.7075e-05  287.389
2026-06-30 20:06:28 | INFO     | [callbacks :on_epoch_end      : 131] | ℹ️      12     ▲ 0.9094      ▼ 0.2447     ▲ 0.8757        0.3167        4.6532e-05  287.1
2026-06-30 20:11:16 | INFO     | [callbacks :on_epoch_end      : 131] | ℹ️      13     ▲ 0.9115      ▼ 0.2381       0.8724        0.3069        4.5947e-05  287.24
2026-06-30 20:16:04 | INFO     | [callbacks :on_epoch_end      : 131] | ℹ️      14       0.9103      ▼ 0.2377     ▲ 0.8770        0.3193        4.5321e-05  288.524
2026-06-30 20:20:53 | INFO     | [callbacks :on_epoch_end      : 131] | ℹ️      15     ▲ 0.9122      ▼ 0.2289        0.875        0.3154        4.4655e-05  288.111
2026-06-30 20:25:40 | INFO     | [callbacks :on_epoch_end      : 131] | ℹ️      16     ▲ 0.9172      ▼ 0.2193     ▲ 0.8776        0.3145        4.395e-05  287.733
2026-06-30 20:30:28 | INFO     | [callbacks :on_epoch_end      : 131] | ℹ️      17     ▲ 0.9179        0.2194       0.8743        0.3344        4.3208e-05  287.349
2026-06-30 20:35:15 | INFO     | [callbacks :on_epoch_end      : 131] | ℹ️      18     ▲ 0.9201      ▼ 0.2140     ▲ 0.8809        0.3121        4.2431e-05  287.307
2026-06-30 20:40:03 | INFO     | [callbacks :on_epoch_end      : 131] | ℹ️      19     ▲ 0.9212      ▼ 0.2068       0.8789      ▼ 0.3013        4.1619e-05  287.913
2026-06-30 20:44:51 | INFO     | [callbacks :on_epoch_end      : 131] | ℹ️      20     ▲ 0.9254      ▼ 0.1991       0.8697        0.3227        4.0776e-05  287.707
2026-06-30 20:49:39 | INFO     | [callbacks :on_epoch_end      : 131] | ℹ️      21     ▲ 0.9270      ▼ 0.1970       0.8724        0.3425        3.9901e-05  287.462
2026-06-30 20:54:27 | INFO     | [callbacks :on_epoch_end      : 131] | ℹ️      22       0.9258      ▼ 0.1947     ▲ 0.8888      ▼ 0.2945        3.8997e-05  288.409
2026-06-30 20:59:14 | INFO     | [callbacks :on_epoch_end      : 131] | ℹ️      23     ▲ 0.9298      ▼ 0.1873       0.8862        0.3009        3.8066e-05  287.029
2026-06-30 21:04:03 | INFO     | [callbacks :on_epoch_end      : 131] | ℹ️      24     ▲ 0.9306      ▼ 0.1834       0.8711        0.3422        3.711e-05  288.209
2026-06-30 21:08:50 | INFO     | [callbacks :on_epoch_end      : 131] | ℹ️      25     ▲ 0.9309      ▼ 0.1794       0.8809        0.2969        3.613e-05  287.345
2026-06-30 21:13:38 | INFO     | [callbacks :on_epoch_end      : 131] | ℹ️      26     ▲ 0.9318        0.1812       0.8757        0.3208        3.5129e-05  288.351
2026-06-30 21:18:57 | INFO     | [callbacks :on_epoch_end      : 131] | ℹ️      27     ▲ 0.9333      ▼ 0.1741       0.8757        0.3244        3.4109e-05  318.607
2026-06-30 21:23:55 | INFO     | [callbacks :on_epoch_end      : 131] | ℹ️      28     ▲ 0.9353      ▼ 0.1657       0.8678        0.3469        3.3071e-05  298.081
2026-06-30 21:28:43 | INFO     | [callbacks :on_epoch_end      : 131] | ℹ️      29     ▲ 0.9377      ▼ 0.1623       0.8664        0.3571        3.2018e-05  287.279
2026-06-30 21:33:31 | INFO     | [callbacks :on_epoch_end      : 131] | ℹ️      30       0.9364        0.1628        0.877        0.3228        3.0952e-05  287.958
2026-06-30 21:38:18 | INFO     | [callbacks :on_epoch_end      : 131] | ℹ️      31     ▲ 0.9386      ▼ 0.1597        0.875        0.3472        2.9875e-05  287.596
2026-06-30 21:43:06 | INFO     | [callbacks :on_epoch_end      : 131] | ℹ️      32     ▲ 0.9425      ▼ 0.1513       0.8829        0.3065        2.8789e-05  287.58
2026-06-30 21:47:54 | INFO     | [callbacks :on_epoch_end      : 131] | ℹ️      33       0.9414        0.1525       0.8836        0.3197        2.7696e-05  287.964
2026-06-30 21:52:41 | INFO     | [callbacks :on_epoch_end      : 131] | ℹ️      34     ▲ 0.9444      ▼ 0.1470     ▲ 0.8901      ▼ 0.2942        2.6599e-05  287.052
2026-06-30 21:57:28 | INFO     | [callbacks :on_epoch_end      : 131] | ℹ️      35     ▲ 0.9446      ▼ 0.1453       0.8809        0.3165        2.55e-05  287.116
2026-06-30 22:02:16 | INFO     | [callbacks :on_epoch_end      : 131] | ℹ️      36     ▲ 0.9456      ▼ 0.1425       0.8849        0.3103        2.4401e-05  287.547
2026-06-30 22:07:03 | INFO     | [callbacks :on_epoch_end      : 131] | ℹ️      37     ▲ 0.9485      ▼ 0.1372       0.8862        0.3282        2.3304e-05  287.15
2026-06-30 22:11:52 | INFO     | [callbacks :on_epoch_end      : 131] | ℹ️      38       0.9477        0.1384     ▲ 0.8908        0.3195        2.2211e-05  288.618
2026-06-30 22:16:40 | INFO     | [callbacks :on_epoch_end      : 131] | ℹ️      39     ▲ 0.9489      ▼ 0.1331       0.8855        0.3181        2.1125e-05  287.835
2026-06-30 22:21:27 | INFO     | [callbacks :on_epoch_end      : 131] | ℹ️      40     ▲ 0.9497      ▼ 0.1321     ▲ 0.8928        0.3006        2.0048e-05  287.055
2026-06-30 22:26:15 | INFO     | [callbacks :on_epoch_end      : 131] | ℹ️      41     ▲ 0.9529      ▼ 0.1251     ▲ 0.8954        0.3107        1.8982e-05  287.566
2026-06-30 22:31:04 | INFO     | [callbacks :on_epoch_end      : 131] | ℹ️      42     ▲ 0.9540      ▼ 0.1235       0.8908        0.3088        1.7929e-05  289.724
2026-06-30 22:35:55 | INFO     | [callbacks :on_epoch_end      : 131] | ℹ️      43       0.9532      ▼ 0.1227       0.8789        0.3449        1.6891e-05  290.175
2026-06-30 22:40:42 | INFO     | [callbacks :on_epoch_end      : 131] | ℹ️      44     ▲ 0.9542      ▼ 0.1186       0.8934        0.3136        1.5871e-05  287.432
2026-06-30 22:45:31 | INFO     | [callbacks :on_epoch_end      : 131] | ℹ️      45     ▲ 0.9550      ▼ 0.1159       0.8941        0.3071        1.487e-05  288.785
2026-06-30 22:50:18 | INFO     | [callbacks :on_epoch_end      : 131] | ℹ️      46     ▲ 0.9579      ▼ 0.1135       0.8921        0.3036        1.389e-05  286.757
2026-06-30 22:55:06 | INFO     | [callbacks :on_epoch_end      : 131] | ℹ️      47     ▲ 0.9587      ▼ 0.1088       0.8789        0.3201        1.2934e-05  287.699
2026-06-30 22:59:54 | INFO     | [callbacks :on_epoch_end      : 131] | ℹ️      48     ▲ 0.9588      ▼ 0.1074       0.8934        0.3136        1.2003e-05  288.197
2026-06-30 23:04:42 | INFO     | [pipeline  :cv_model_evalua...:1500] | ℹ️ Using best model from epoch 49
2026-06-30 23:04:42 | INFO     | [pipeline  :cv_model_evalua...:1503] | ℹ️ Evaluating model on outer test set for fold 1...
2026-06-30 23:04:42 | DEBUG    | [adapter   :get_iterator      : 373] | 🐞 Creating DataLoader for validation/evaluation: dataset_len=3800, batch_size=16, shuffle=False, drop_last=False, collate_fn_type='function', loader_kwargs={'num_workers': 0, 'pin_memory': False}
2026-06-30 23:04:55 | DEBUG    | [adapter   :get_iterator      : 373] | 🐞 Creating DataLoader for validation/evaluation: dataset_len=3800, batch_size=16, shuffle=False, drop_last=False, collate_fn_type='function', loader_kwargs={'num_workers': 0, 'pin_memory': False}
2026-06-30 23:05:09 | DEBUG    | [pipeline  :_compute_metrics  : 479] | 🐞 Computed Metrics: Acc=0.8976, Macro F1=0.9001
2026-06-30 23:05:09 | INFO     | [pipeline  :cv_model_evalua...:1522] | ℹ️ Fold 1 Test Scores: Acc=0.8976, F1=0.9001
2026-06-30 23:05:09 | INFO     | [pipeline  :cv_model_evalua...:1451] | ℹ️ --- Starting CV Evaluation Fold 2/5 ---
2026-06-30 23:05:09 | DEBUG    | [pipeline  :cv_model_evalua...:1457] | 🐞 Outer split (full set): 15200 train / 3800 test samples.
2026-06-30 23:05:09 | DEBUG    | [pipeline  :cv_model_evalua...:1476] | 🐞 Fold 2: Internal split: ~13680 train / ~1520 valid.
2026-06-30 23:05:09 | INFO     | [pipeline  :cv_model_evalua...:1486] | ℹ️ Fitting model for fold 2...
2026-06-30 23:05:09 | DEBUG    | [pretrai...:__init__          :  75] | 🐞 Initializing PretrainedViT:
2026-06-30 23:05:09 | DEBUG    | [pretrai...:__init__          :  76] | 🐞   Model Variant: vit_b_16, Pretrained: True
2026-06-30 23:05:09 | DEBUG    | [pretrai...:__init__          :  77] | 🐞   Is Hybrid Input: False
2026-06-30 23:05:09 | DEBUG    | [pretrai...:__init__          :  80] | 🐞   Unfreeze Strategy (Encoder Blocks): encoder_tail
2026-06-30 23:05:09 | DEBUG    | [pretrai...:__init__          :  82] | 🐞   Num Transformer Blocks to Unfreeze: 6
2026-06-30 23:05:09 | DEBUG    | [pretrai...:__init__          :  83] | 🐞   Unfreeze CLS: True, PosEmb: True, PatchEmb: False, EncoderLN: True
2026-06-30 23:05:09 | DEBUG    | [pretrai...:__init__          :  85] | 🐞   Custom Head Hidden Dims: None, Head Dropout: 0.5
2026-06-30 23:05:09 | DEBUG    | [pretrai...:__init__          : 106] | 🐞 Loaded vit_b_16 from torchvision.
2026-06-30 23:05:09 | DEBUG    | [pretrai...:__init__          : 283] | 🐞 Created simple linear head (dropout: 0.5), in_feat=768.
2026-06-30 23:05:09 | INFO     | [pretrai...:__init__          : 293] | ℹ️ PretrainedViT (standard) - Trainable: CLS Token, Positional Embeddings, 6 Encoder Blocks, Encoder LayerNorm, Classification Head.
2026-06-30 23:05:09 | INFO     | [pretrai...:__init__          : 313] | ℹ️ PretrainedViT (standard): Trainable params: 42.69M / Total params: 85.80M (49.75%)
2026-06-30 23:05:09 | DEBUG    | [adapter   :get_split_datasets: 205] | 🐞 Validation split for fold created with 1520 original samples.
2026-06-30 23:05:09 | DEBUG    | [adapter   :get_split_datasets: 219] | 🐞 Original training set created with 13680 samples. Now checking for relevant offline augmentations...
2026-06-30 23:05:09 | DEBUG    | [adapter   :get_split_datasets: 240] | 🐞 Added 13680 relevant offline augmented samples to current training fold.
2026-06-30 23:05:10 | DEBUG    | [adapter   :get_split_datasets: 252] | 🐞 Total training split for fold created with 27360 samples.
2026-06-30 23:05:10 | DEBUG    | [adapter   :get_iterator      : 373] | 🐞 Creating DataLoader for training: dataset_len=27360, batch_size=16, shuffle=True, drop_last=False, collate_fn_type='function', loader_kwargs={'num_workers': 0, 'pin_memory': False}
2026-06-30 23:05:10 | DEBUG    | [adapter   :get_iterator      : 373] | 🐞 Creating DataLoader for validation/evaluation: dataset_len=1520, batch_size=16, shuffle=False, drop_last=False, collate_fn_type='function', loader_kwargs={'num_workers': 0, 'pin_memory': False}
2026-06-30 23:10:00 | INFO     | [callbacks :on_epoch_end      : 131] | ℹ️   epoch    train_acc    train_loss    valid_acc    valid_loss   cp           lr      dur
2026-06-30 23:10:00 | INFO     | [callbacks :on_epoch_end      : 131] | ℹ️ -------  -----------  ------------  -----------  ------------  ----  ----------  -------
2026-06-30 23:10:00 | INFO     | [callbacks :on_epoch_end      : 131] | ℹ️       1     ▲ 0.7966      ▼ 0.5485     ▲ 0.8355      ▼ 0.4224        4.9975e-05  290.365
2026-06-30 23:14:48 | INFO     | [callbacks :on_epoch_end      : 131] | ℹ️       2     ▲ 0.8466      ▼ 0.4141     ▲ 0.8566      ▼ 0.3730        4.9901e-05  287.996
2026-06-30 23:19:36 | INFO     | [callbacks :on_epoch_end      : 131] | ℹ️       3     ▲ 0.8599      ▼ 0.3756     ▲ 0.8750      ▼ 0.3290        4.9778e-05  287.921
2026-06-30 23:24:25 | INFO     | [callbacks :on_epoch_end      : 131] | ℹ️       4     ▲ 0.8683      ▼ 0.3504       0.8632        0.3532        4.9606e-05  288.4
2026-06-30 23:29:16 | INFO     | [callbacks :on_epoch_end      : 131] | ℹ️       5     ▲ 0.8761      ▼ 0.3286       0.8671      ▼ 0.3191        4.9386e-05  290.973
2026-06-30 23:34:03 | INFO     | [callbacks :on_epoch_end      : 131] | ℹ️       6     ▲ 0.8801      ▼ 0.3160     ▲ 0.8849      ▼ 0.3049        4.9117e-05  286.88
2026-06-30 23:38:50 | INFO     | [callbacks :on_epoch_end      : 131] | ℹ️       7     ▲ 0.8875      ▼ 0.3014       0.8717        0.3386        4.8801e-05  287.19
2026-06-30 23:43:37 | INFO     | [callbacks :on_epoch_end      : 131] | ℹ️       8     ▲ 0.8909      ▼ 0.2896     ▲ 0.8934      ▼ 0.2708        4.8438e-05  287.197
2026-06-30 23:48:26 | INFO     | [callbacks :on_epoch_end      : 131] | ℹ️       9     ▲ 0.8952      ▼ 0.2774       0.8816        0.2959        4.8028e-05  288.522
2026-06-30 23:53:39 | INFO     | [callbacks :on_epoch_end      : 131] | ℹ️      10     ▲ 0.8970      ▼ 0.2687        0.877        0.2964        4.7574e-05  313.271
2026-06-30 23:58:43 | INFO     | [callbacks :on_epoch_end      : 131] | ℹ️      11     ▲ 0.8997      ▼ 0.2627     ▲ 0.9026        0.2757        4.7075e-05  303.719
2026-07-01 00:03:30 | INFO     | [callbacks :on_epoch_end      : 131] | ℹ️      12     ▲ 0.9024      ▼ 0.2552       0.8921        0.2977        4.6532e-05  287.187
2026-07-01 00:08:20 | INFO     | [callbacks :on_epoch_end      : 131] | ℹ️      13     ▲ 0.9064      ▼ 0.2458     ▲ 0.9026        0.2802        4.5947e-05  289.327
2026-07-01 00:13:07 | INFO     | [callbacks :on_epoch_end      : 131] | ℹ️      14     ▲ 0.9096      ▼ 0.2380       0.8901        0.2898        4.5321e-05  287.504
2026-07-01 00:17:55 | INFO     | [callbacks :on_epoch_end      : 131] | ℹ️      15     ▲ 0.9136      ▼ 0.2291       0.8842        0.3043        4.4655e-05  287.536
2026-07-01 00:22:43 | INFO     | [callbacks :on_epoch_end      : 131] | ℹ️      16     ▲ 0.9137      ▼ 0.2236       0.9007        0.2762        4.395e-05  287.74
2026-07-01 00:27:30 | INFO     | [callbacks :on_epoch_end      : 131] | ℹ️      17     ▲ 0.9163      ▼ 0.2190       0.8914        0.2967        4.3208e-05  287.405
2026-07-01 00:32:18 | INFO     | [callbacks :on_epoch_end      : 131] | ℹ️      18     ▲ 0.9174      ▼ 0.2159       0.8862        0.3159        4.2431e-05  287.78
2026-07-01 00:37:06 | INFO     | [callbacks :on_epoch_end      : 131] | ℹ️      19     ▲ 0.9197      ▼ 0.2094       0.8868        0.2924        4.1619e-05  287.666
2026-07-01 00:41:52 | INFO     | [callbacks :on_epoch_end      : 131] | ℹ️      20     ▲ 0.9239      ▼ 0.2033       0.8822        0.3208        4.0776e-05  286.481
2026-07-01 00:46:40 | INFO     | [callbacks :on_epoch_end      : 131] | ℹ️      21       0.9227      ▼ 0.2007     ▲ 0.9046      ▼ 0.2596        3.9901e-05  287.595
2026-07-01 00:51:28 | INFO     | [callbacks :on_epoch_end      : 131] | ℹ️      22     ▲ 0.9267      ▼ 0.1924       0.8836        0.3163        3.8997e-05  287.854
2026-07-01 00:56:15 | INFO     | [callbacks :on_epoch_end      : 131] | ℹ️      23     ▲ 0.9284      ▼ 0.1874       0.8961        0.2751        3.8066e-05  287.118
2026-07-01 01:01:02 | INFO     | [callbacks :on_epoch_end      : 131] | ℹ️      24     ▲ 0.9292      ▼ 0.1829       0.8757         0.333        3.711e-05  286.744
2026-07-01 01:05:49 | INFO     | [callbacks :on_epoch_end      : 131] | ℹ️      25     ▲ 0.9303      ▼ 0.1821          0.9        0.2783        3.613e-05  286.744
2026-07-01 01:10:37 | INFO     | [callbacks :on_epoch_end      : 131] | ℹ️      26       0.9302      ▼ 0.1784       0.8882         0.298        3.5129e-05  288.119
2026-07-01 01:15:25 | INFO     | [callbacks :on_epoch_end      : 131] | ℹ️      27     ▲ 0.9333      ▼ 0.1754       0.8961        0.2932        3.4109e-05  287.323
2026-07-01 01:20:13 | INFO     | [callbacks :on_epoch_end      : 131] | ℹ️      28     ▲ 0.9342      ▼ 0.1723       0.8954        0.2857        3.3071e-05  288.119
2026-07-01 01:25:01 | INFO     | [callbacks :on_epoch_end      : 131] | ℹ️      29     ▲ 0.9364      ▼ 0.1641       0.8743        0.3679        3.2018e-05  288.281
2026-07-01 01:29:50 | INFO     | [callbacks :on_epoch_end      : 131] | ℹ️      30       0.9354        0.1677       0.8934        0.2825        3.0952e-05  288.356
2026-07-01 01:34:37 | INFO     | [callbacks :on_epoch_end      : 131] | ℹ️      31     ▲ 0.9392      ▼ 0.1613       0.8868        0.3046        2.9875e-05  287.086
2026-07-01 01:39:25 | INFO     | [callbacks :on_epoch_end      : 131] | ℹ️      32     ▲ 0.9398      ▼ 0.1575       0.8954        0.3039        2.8789e-05  287.76
2026-07-01 01:44:12 | INFO     | [callbacks :on_epoch_end      : 131] | ℹ️      33     ▲ 0.9414      ▼ 0.1551       0.8961        0.2821        2.7696e-05  287.742
2026-07-01 01:49:00 | INFO     | [callbacks :on_epoch_end      : 131] | ℹ️      34     ▲ 0.9439      ▼ 0.1479       0.8921        0.2946        2.6599e-05  287.823
2026-07-01 01:53:48 | INFO     | [callbacks :on_epoch_end      : 131] | ℹ️      35       0.9433        0.1484       0.8967        0.2814        2.55e-05  287.963
2026-07-01 01:58:36 | INFO     | [pipeline  :cv_model_evalua...:1500] | ℹ️ Using best model from epoch 36
2026-07-01 01:58:36 | INFO     | [pipeline  :cv_model_evalua...:1503] | ℹ️ Evaluating model on outer test set for fold 2...
2026-07-01 01:58:36 | DEBUG    | [adapter   :get_iterator      : 373] | 🐞 Creating DataLoader for validation/evaluation: dataset_len=3800, batch_size=16, shuffle=False, drop_last=False, collate_fn_type='function', loader_kwargs={'num_workers': 0, 'pin_memory': False}
2026-07-01 01:58:50 | DEBUG    | [adapter   :get_iterator      : 373] | 🐞 Creating DataLoader for validation/evaluation: dataset_len=3800, batch_size=16, shuffle=False, drop_last=False, collate_fn_type='function', loader_kwargs={'num_workers': 0, 'pin_memory': False}
2026-07-01 01:59:03 | DEBUG    | [pipeline  :_compute_metrics  : 479] | 🐞 Computed Metrics: Acc=0.8968, Macro F1=0.8995
2026-07-01 01:59:03 | INFO     | [pipeline  :cv_model_evalua...:1522] | ℹ️ Fold 2 Test Scores: Acc=0.8968, F1=0.8995
2026-07-01 01:59:03 | INFO     | [pipeline  :cv_model_evalua...:1451] | ℹ️ --- Starting CV Evaluation Fold 3/5 ---
2026-07-01 01:59:03 | DEBUG    | [pipeline  :cv_model_evalua...:1457] | 🐞 Outer split (full set): 15200 train / 3800 test samples.
2026-07-01 01:59:03 | DEBUG    | [pipeline  :cv_model_evalua...:1476] | 🐞 Fold 3: Internal split: ~13680 train / ~1520 valid.
2026-07-01 01:59:03 | INFO     | [pipeline  :cv_model_evalua...:1486] | ℹ️ Fitting model for fold 3...
2026-07-01 01:59:03 | DEBUG    | [pretrai...:__init__          :  75] | 🐞 Initializing PretrainedViT:
2026-07-01 01:59:03 | DEBUG    | [pretrai...:__init__          :  76] | 🐞   Model Variant: vit_b_16, Pretrained: True
2026-07-01 01:59:03 | DEBUG    | [pretrai...:__init__          :  77] | 🐞   Is Hybrid Input: False
2026-07-01 01:59:03 | DEBUG    | [pretrai...:__init__          :  80] | 🐞   Unfreeze Strategy (Encoder Blocks): encoder_tail
2026-07-01 01:59:03 | DEBUG    | [pretrai...:__init__          :  82] | 🐞   Num Transformer Blocks to Unfreeze: 6
2026-07-01 01:59:03 | DEBUG    | [pretrai...:__init__          :  83] | 🐞   Unfreeze CLS: True, PosEmb: True, PatchEmb: False, EncoderLN: True
2026-07-01 01:59:03 | DEBUG    | [pretrai...:__init__          :  85] | 🐞   Custom Head Hidden Dims: None, Head Dropout: 0.5
2026-07-01 01:59:04 | DEBUG    | [pretrai...:__init__          : 106] | 🐞 Loaded vit_b_16 from torchvision.
2026-07-01 01:59:04 | DEBUG    | [pretrai...:__init__          : 283] | 🐞 Created simple linear head (dropout: 0.5), in_feat=768.
2026-07-01 01:59:04 | INFO     | [pretrai...:__init__          : 293] | ℹ️ PretrainedViT (standard) - Trainable: CLS Token, Positional Embeddings, 6 Encoder Blocks, Encoder LayerNorm, Classification Head.
2026-07-01 01:59:04 | INFO     | [pretrai...:__init__          : 313] | ℹ️ PretrainedViT (standard): Trainable params: 42.69M / Total params: 85.80M (49.75%)
2026-07-01 01:59:04 | DEBUG    | [adapter   :get_split_datasets: 205] | 🐞 Validation split for fold created with 1520 original samples.
2026-07-01 01:59:04 | DEBUG    | [adapter   :get_split_datasets: 219] | 🐞 Original training set created with 13680 samples. Now checking for relevant offline augmentations...
2026-07-01 01:59:04 | DEBUG    | [adapter   :get_split_datasets: 240] | 🐞 Added 13680 relevant offline augmented samples to current training fold.
2026-07-01 01:59:04 | DEBUG    | [adapter   :get_split_datasets: 252] | 🐞 Total training split for fold created with 27360 samples.
2026-07-01 01:59:04 | DEBUG    | [adapter   :get_iterator      : 373] | 🐞 Creating DataLoader for training: dataset_len=27360, batch_size=16, shuffle=True, drop_last=False, collate_fn_type='function', loader_kwargs={'num_workers': 0, 'pin_memory': False}
2026-07-01 01:59:04 | DEBUG    | [adapter   :get_iterator      : 373] | 🐞 Creating DataLoader for validation/evaluation: dataset_len=1520, batch_size=16, shuffle=False, drop_last=False, collate_fn_type='function', loader_kwargs={'num_workers': 0, 'pin_memory': False}
2026-07-01 02:03:54 | INFO     | [callbacks :on_epoch_end      : 131] | ℹ️   epoch    train_acc    train_loss    valid_acc    valid_loss   cp           lr     dur
2026-07-01 02:03:54 | INFO     | [callbacks :on_epoch_end      : 131] | ℹ️ -------  -----------  ------------  -----------  ------------  ----  ----------  ------
2026-07-01 02:03:54 | INFO     | [callbacks :on_epoch_end      : 131] | ℹ️       1     ▲ 0.8004      ▼ 0.5376     ▲ 0.8303      ▼ 0.4326        4.9975e-05  289.63
2026-07-01 02:08:41 | INFO     | [callbacks :on_epoch_end      : 131] | ℹ️       2     ▲ 0.8483      ▼ 0.4075     ▲ 0.8724      ▼ 0.3413        4.9901e-05  287.75
2026-07-01 02:13:29 | INFO     | [callbacks :on_epoch_end      : 131] | ℹ️       3     ▲ 0.8633      ▼ 0.3692       0.8697      ▼ 0.3384        4.9778e-05  287.305
2026-07-01 02:18:16 | INFO     | [callbacks :on_epoch_end      : 131] | ℹ️       4     ▲ 0.8709      ▼ 0.3480     ▲ 0.8822      ▼ 0.3329        4.9606e-05  287.063
2026-07-01 02:23:04 | INFO     | [callbacks :on_epoch_end      : 131] | ℹ️       5     ▲ 0.8780      ▼ 0.3241     ▲ 0.8849      ▼ 0.3099        4.9386e-05  287.675
2026-07-01 02:27:58 | INFO     | [callbacks :on_epoch_end      : 131] | ℹ️       6     ▲ 0.8847      ▼ 0.3110     ▲ 0.8855      ▼ 0.3087        4.9117e-05  293.61
2026-07-01 02:33:18 | INFO     | [callbacks :on_epoch_end      : 131] | ℹ️       7     ▲ 0.8909      ▼ 0.2949     ▲ 0.8974      ▼ 0.2979        4.8801e-05  320.423
2026-07-01 02:38:08 | INFO     | [callbacks :on_epoch_end      : 131] | ℹ️       8     ▲ 0.8927      ▼ 0.2873       0.8901      ▼ 0.2912        4.8438e-05  290.084
2026-07-01 02:42:56 | INFO     | [callbacks :on_epoch_end      : 131] | ℹ️       9     ▲ 0.8981      ▼ 0.2711       0.8914      ▼ 0.2893        4.8028e-05  287.495
2026-07-01 02:47:44 | INFO     | [callbacks :on_epoch_end      : 131] | ℹ️      10     ▲ 0.9010      ▼ 0.2618       0.8842        0.3265        4.7574e-05  287.623
2026-07-01 02:52:31 | INFO     | [callbacks :on_epoch_end      : 131] | ℹ️      11     ▲ 0.9043      ▼ 0.2546       0.8928        0.3108        4.7075e-05  287.296
2026-07-01 02:57:19 | INFO     | [callbacks :on_epoch_end      : 131] | ℹ️      12     ▲ 0.9050      ▼ 0.2496       0.8882        0.2974        4.6532e-05  287.7
2026-07-01 03:02:06 | INFO     | [callbacks :on_epoch_end      : 131] | ℹ️      13     ▲ 0.9090      ▼ 0.2395       0.8928      ▼ 0.2885        4.5947e-05  286.687
2026-07-01 03:06:53 | INFO     | [callbacks :on_epoch_end      : 131] | ℹ️      14     ▲ 0.9130      ▼ 0.2323       0.8836        0.3097        4.5321e-05  287.67
2026-07-01 03:11:40 | INFO     | [callbacks :on_epoch_end      : 131] | ℹ️      15     ▲ 0.9130      ▼ 0.2280       0.8941        0.3147        4.4655e-05  286.603
2026-07-01 03:16:27 | INFO     | [callbacks :on_epoch_end      : 131] | ℹ️      16     ▲ 0.9164      ▼ 0.2218       0.8934      ▼ 0.2781        4.395e-05  287.383
2026-07-01 03:21:15 | INFO     | [callbacks :on_epoch_end      : 131] | ℹ️      17     ▲ 0.9169      ▼ 0.2196       0.8875        0.3033        4.3208e-05  287.644
2026-07-01 03:26:03 | INFO     | [callbacks :on_epoch_end      : 131] | ℹ️      18     ▲ 0.9190      ▼ 0.2109     ▲ 0.8987        0.2829        4.2431e-05  287.503
2026-07-01 03:30:50 | INFO     | [callbacks :on_epoch_end      : 131] | ℹ️      19     ▲ 0.9210      ▼ 0.2053       0.8882        0.3078        4.1619e-05  287.608
2026-07-01 03:35:37 | INFO     | [callbacks :on_epoch_end      : 131] | ℹ️      20     ▲ 0.9210      ▼ 0.2027     ▲ 0.8993        0.2816        4.0776e-05  286.878
2026-07-01 03:40:25 | INFO     | [callbacks :on_epoch_end      : 131] | ℹ️      21     ▲ 0.9258      ▼ 0.1950       0.8803        0.3542        3.9901e-05  287.395
2026-07-01 03:45:13 | INFO     | [callbacks :on_epoch_end      : 131] | ℹ️      22       0.9258      ▼ 0.1927       0.8855        0.2889        3.8997e-05  287.555
2026-07-01 03:50:01 | INFO     | [callbacks :on_epoch_end      : 131] | ℹ️      23     ▲ 0.9277      ▼ 0.1866       0.8895        0.2989        3.8066e-05  287.937
2026-07-01 03:54:49 | INFO     | [callbacks :on_epoch_end      : 131] | ℹ️      24     ▲ 0.9296      ▼ 0.1808       0.8987        0.3136        3.711e-05  287.876
2026-07-01 03:59:36 | INFO     | [callbacks :on_epoch_end      : 131] | ℹ️      25     ▲ 0.9314      ▼ 0.1807       0.8862        0.3218        3.613e-05  287.503
2026-07-01 04:04:24 | INFO     | [callbacks :on_epoch_end      : 131] | ℹ️      26     ▲ 0.9325      ▼ 0.1748       0.8895        0.3158        3.5129e-05  288.173
2026-07-01 04:09:12 | INFO     | [callbacks :on_epoch_end      : 131] | ℹ️      27     ▲ 0.9350      ▼ 0.1701       0.8928        0.3267        3.4109e-05  287.634
2026-07-01 04:14:00 | INFO     | [callbacks :on_epoch_end      : 131] | ℹ️      28     ▲ 0.9354      ▼ 0.1679       0.8921        0.3063        3.3071e-05  287.851
2026-07-01 04:18:47 | INFO     | [callbacks :on_epoch_end      : 131] | ℹ️      29     ▲ 0.9380      ▼ 0.1623       0.8967        0.3019        3.2018e-05  286.854
2026-07-01 04:23:35 | INFO     | [callbacks :on_epoch_end      : 131] | ℹ️      30     ▲ 0.9387      ▼ 0.1603     ▲ 0.9053        0.2802        3.0952e-05  288.146
2026-07-01 04:28:23 | INFO     | [pipeline  :cv_model_evalua...:1500] | ℹ️ Using best model from epoch 31
2026-07-01 04:28:23 | INFO     | [pipeline  :cv_model_evalua...:1503] | ℹ️ Evaluating model on outer test set for fold 3...
2026-07-01 04:28:23 | DEBUG    | [adapter   :get_iterator      : 373] | 🐞 Creating DataLoader for validation/evaluation: dataset_len=3800, batch_size=16, shuffle=False, drop_last=False, collate_fn_type='function', loader_kwargs={'num_workers': 0, 'pin_memory': False}
2026-07-01 04:28:37 | DEBUG    | [adapter   :get_iterator      : 373] | 🐞 Creating DataLoader for validation/evaluation: dataset_len=3800, batch_size=16, shuffle=False, drop_last=False, collate_fn_type='function', loader_kwargs={'num_workers': 0, 'pin_memory': False}
2026-07-01 04:28:50 | DEBUG    | [pipeline  :_compute_metrics  : 479] | 🐞 Computed Metrics: Acc=0.8937, Macro F1=0.9001
2026-07-01 04:28:50 | INFO     | [pipeline  :cv_model_evalua...:1522] | ℹ️ Fold 3 Test Scores: Acc=0.8937, F1=0.9001
2026-07-01 04:28:50 | INFO     | [pipeline  :cv_model_evalua...:1451] | ℹ️ --- Starting CV Evaluation Fold 4/5 ---
2026-07-01 04:28:50 | DEBUG    | [pipeline  :cv_model_evalua...:1457] | 🐞 Outer split (full set): 15200 train / 3800 test samples.
2026-07-01 04:28:50 | DEBUG    | [pipeline  :cv_model_evalua...:1476] | 🐞 Fold 4: Internal split: ~13680 train / ~1520 valid.
2026-07-01 04:28:50 | INFO     | [pipeline  :cv_model_evalua...:1486] | ℹ️ Fitting model for fold 4...
2026-07-01 04:28:50 | DEBUG    | [pretrai...:__init__          :  75] | 🐞 Initializing PretrainedViT:
2026-07-01 04:28:50 | DEBUG    | [pretrai...:__init__          :  76] | 🐞   Model Variant: vit_b_16, Pretrained: True
2026-07-01 04:28:50 | DEBUG    | [pretrai...:__init__          :  77] | 🐞   Is Hybrid Input: False
2026-07-01 04:28:50 | DEBUG    | [pretrai...:__init__          :  80] | 🐞   Unfreeze Strategy (Encoder Blocks): encoder_tail
2026-07-01 04:28:50 | DEBUG    | [pretrai...:__init__          :  82] | 🐞   Num Transformer Blocks to Unfreeze: 6
2026-07-01 04:28:50 | DEBUG    | [pretrai...:__init__          :  83] | 🐞   Unfreeze CLS: True, PosEmb: True, PatchEmb: False, EncoderLN: True
2026-07-01 04:28:50 | DEBUG    | [pretrai...:__init__          :  85] | 🐞   Custom Head Hidden Dims: None, Head Dropout: 0.5
2026-07-01 04:28:51 | DEBUG    | [pretrai...:__init__          : 106] | 🐞 Loaded vit_b_16 from torchvision.
2026-07-01 04:28:51 | DEBUG    | [pretrai...:__init__          : 283] | 🐞 Created simple linear head (dropout: 0.5), in_feat=768.
2026-07-01 04:28:51 | INFO     | [pretrai...:__init__          : 293] | ℹ️ PretrainedViT (standard) - Trainable: CLS Token, Positional Embeddings, 6 Encoder Blocks, Encoder LayerNorm, Classification Head.
2026-07-01 04:28:51 | INFO     | [pretrai...:__init__          : 313] | ℹ️ PretrainedViT (standard): Trainable params: 42.69M / Total params: 85.80M (49.75%)
2026-07-01 04:28:51 | DEBUG    | [adapter   :get_split_datasets: 205] | 🐞 Validation split for fold created with 1520 original samples.
2026-07-01 04:28:51 | DEBUG    | [adapter   :get_split_datasets: 219] | 🐞 Original training set created with 13680 samples. Now checking for relevant offline augmentations...
2026-07-01 04:28:51 | DEBUG    | [adapter   :get_split_datasets: 240] | 🐞 Added 13680 relevant offline augmented samples to current training fold.
2026-07-01 04:28:51 | DEBUG    | [adapter   :get_split_datasets: 252] | 🐞 Total training split for fold created with 27360 samples.
2026-07-01 04:28:51 | DEBUG    | [adapter   :get_iterator      : 373] | 🐞 Creating DataLoader for training: dataset_len=27360, batch_size=16, shuffle=True, drop_last=False, collate_fn_type='function', loader_kwargs={'num_workers': 0, 'pin_memory': False}
2026-07-01 04:28:51 | DEBUG    | [adapter   :get_iterator      : 373] | 🐞 Creating DataLoader for validation/evaluation: dataset_len=1520, batch_size=16, shuffle=False, drop_last=False, collate_fn_type='function', loader_kwargs={'num_workers': 0, 'pin_memory': False}
2026-07-01 04:33:39 | INFO     | [callbacks :on_epoch_end      : 131] | ℹ️   epoch    train_acc    train_loss    valid_acc    valid_loss   cp           lr     dur
2026-07-01 04:33:39 | INFO     | [callbacks :on_epoch_end      : 131] | ℹ️ -------  -----------  ------------  -----------  ------------  ----  ----------  ------
2026-07-01 04:33:39 | INFO     | [callbacks :on_epoch_end      : 131] | ℹ️       1     ▲ 0.8011      ▼ 0.5340     ▲ 0.8638      ▼ 0.3701        4.9975e-05  287.89
2026-07-01 04:38:27 | INFO     | [callbacks :on_epoch_end      : 131] | ℹ️       2     ▲ 0.8529      ▼ 0.3969       0.8434        0.3885        4.9901e-05  287.557
2026-07-01 04:43:15 | INFO     | [callbacks :on_epoch_end      : 131] | ℹ️       3     ▲ 0.8648      ▼ 0.3655     ▲ 0.8763      ▼ 0.3249        4.9778e-05  288.037
2026-07-01 04:48:02 | INFO     | [callbacks :on_epoch_end      : 131] | ℹ️       4     ▲ 0.8742      ▼ 0.3425       0.8697         0.337        4.9606e-05  286.853
2026-07-01 04:52:49 | INFO     | [callbacks :on_epoch_end      : 131] | ℹ️       5     ▲ 0.8808      ▼ 0.3206       0.8566        0.3561        4.9386e-05  287.4
2026-07-01 04:57:37 | INFO     | [callbacks :on_epoch_end      : 131] | ℹ️       6     ▲ 0.8846      ▼ 0.3084     ▲ 0.8796        0.3409        4.9117e-05  287.182
2026-07-01 05:02:24 | INFO     | [callbacks :on_epoch_end      : 131] | ℹ️       7     ▲ 0.8873      ▼ 0.2960       0.8757        0.3362        4.8801e-05  287.668
2026-07-01 05:07:44 | INFO     | [callbacks :on_epoch_end      : 131] | ℹ️       8     ▲ 0.8916      ▼ 0.2838       0.8789        0.3429        4.8438e-05  319.839
2026-07-01 05:12:41 | INFO     | [callbacks :on_epoch_end      : 131] | ℹ️       9     ▲ 0.9001      ▼ 0.2682       0.8711        0.3364        4.8028e-05  296.836
2026-07-01 05:17:31 | INFO     | [callbacks :on_epoch_end      : 131] | ℹ️      10     ▲ 0.9024      ▼ 0.2632       0.8664        0.3462        4.7574e-05  289.245
2026-07-01 05:22:18 | INFO     | [callbacks :on_epoch_end      : 131] | ℹ️      11     ▲ 0.9035      ▼ 0.2551        0.875        0.3338        4.7075e-05  287.196
2026-07-01 05:27:06 | INFO     | [callbacks :on_epoch_end      : 131] | ℹ️      12     ▲ 0.9079      ▼ 0.2409     ▲ 0.8928      ▼ 0.3074        4.6532e-05  287.826
2026-07-01 05:31:53 | INFO     | [callbacks :on_epoch_end      : 131] | ℹ️      13     ▲ 0.9118      ▼ 0.2347       0.8836        0.3343        4.5947e-05  287.488
2026-07-01 05:36:41 | INFO     | [callbacks :on_epoch_end      : 131] | ℹ️      14     ▲ 0.9132      ▼ 0.2305       0.8783          0.32        4.5321e-05  287.784
2026-07-01 05:41:29 | INFO     | [callbacks :on_epoch_end      : 131] | ℹ️      15     ▲ 0.9162      ▼ 0.2225       0.8849        0.3273        4.4655e-05  287.329
2026-07-01 05:46:16 | INFO     | [callbacks :on_epoch_end      : 131] | ℹ️      16     ▲ 0.9173      ▼ 0.2180       0.8711        0.3636        4.395e-05  287.017
2026-07-01 05:51:03 | INFO     | [callbacks :on_epoch_end      : 131] | ℹ️      17     ▲ 0.9189      ▼ 0.2121       0.8776        0.3329        4.3208e-05  286.954
2026-07-01 05:55:50 | INFO     | [callbacks :on_epoch_end      : 131] | ℹ️      18     ▲ 0.9203      ▼ 0.2084       0.8829        0.3252        4.2431e-05  286.782
2026-07-01 06:00:37 | INFO     | [callbacks :on_epoch_end      : 131] | ℹ️      19     ▲ 0.9231      ▼ 0.2021       0.8882         0.316        4.1619e-05  286.905
2026-07-01 06:05:23 | INFO     | [callbacks :on_epoch_end      : 131] | ℹ️      20     ▲ 0.9242      ▼ 0.2003       0.8822        0.3244        4.0776e-05  286.483
2026-07-01 06:10:11 | INFO     | [callbacks :on_epoch_end      : 131] | ℹ️      21     ▲ 0.9277      ▼ 0.1919       0.8875        0.3212        3.9901e-05  287.455
2026-07-01 06:15:00 | INFO     | [callbacks :on_epoch_end      : 131] | ℹ️      22     ▲ 0.9280      ▼ 0.1914       0.8599        0.3689        3.8997e-05  288.578
2026-07-01 06:19:46 | INFO     | [callbacks :on_epoch_end      : 131] | ℹ️      23     ▲ 0.9304      ▼ 0.1828       0.8875        0.3191        3.8066e-05  286.779
2026-07-01 06:24:33 | INFO     | [callbacks :on_epoch_end      : 131] | ℹ️      24     ▲ 0.9317      ▼ 0.1813       0.8888        0.3248        3.711e-05  286.63
2026-07-01 06:29:21 | INFO     | [callbacks :on_epoch_end      : 131] | ℹ️      25       0.9303      ▼ 0.1802       0.8849        0.3297        3.613e-05  287.663
2026-07-01 06:34:09 | INFO     | [callbacks :on_epoch_end      : 131] | ℹ️      26     ▲ 0.9338      ▼ 0.1730       0.8829        0.3495        3.5129e-05  287.775
2026-07-01 06:38:56 | INFO     | [pipeline  :cv_model_evalua...:1500] | ℹ️ Using best model from epoch 27
2026-07-01 06:38:56 | INFO     | [pipeline  :cv_model_evalua...:1503] | ℹ️ Evaluating model on outer test set for fold 4...
2026-07-01 06:38:56 | DEBUG    | [adapter   :get_iterator      : 373] | 🐞 Creating DataLoader for validation/evaluation: dataset_len=3800, batch_size=16, shuffle=False, drop_last=False, collate_fn_type='function', loader_kwargs={'num_workers': 0, 'pin_memory': False}
2026-07-01 06:39:09 | DEBUG    | [adapter   :get_iterator      : 373] | 🐞 Creating DataLoader for validation/evaluation: dataset_len=3800, batch_size=16, shuffle=False, drop_last=False, collate_fn_type='function', loader_kwargs={'num_workers': 0, 'pin_memory': False}
2026-07-01 06:39:23 | DEBUG    | [pipeline  :_compute_metrics  : 479] | 🐞 Computed Metrics: Acc=0.8829, Macro F1=0.8830
2026-07-01 06:39:23 | INFO     | [pipeline  :cv_model_evalua...:1522] | ℹ️ Fold 4 Test Scores: Acc=0.8829, F1=0.8830
2026-07-01 06:39:23 | INFO     | [pipeline  :cv_model_evalua...:1451] | ℹ️ --- Starting CV Evaluation Fold 5/5 ---
2026-07-01 06:39:23 | DEBUG    | [pipeline  :cv_model_evalua...:1457] | 🐞 Outer split (full set): 15200 train / 3800 test samples.
2026-07-01 06:39:23 | DEBUG    | [pipeline  :cv_model_evalua...:1476] | 🐞 Fold 5: Internal split: ~13680 train / ~1520 valid.
2026-07-01 06:39:23 | INFO     | [pipeline  :cv_model_evalua...:1486] | ℹ️ Fitting model for fold 5...
2026-07-01 06:39:23 | DEBUG    | [pretrai...:__init__          :  75] | 🐞 Initializing PretrainedViT:
2026-07-01 06:39:23 | DEBUG    | [pretrai...:__init__          :  76] | 🐞   Model Variant: vit_b_16, Pretrained: True
2026-07-01 06:39:23 | DEBUG    | [pretrai...:__init__          :  77] | 🐞   Is Hybrid Input: False
2026-07-01 06:39:23 | DEBUG    | [pretrai...:__init__          :  80] | 🐞   Unfreeze Strategy (Encoder Blocks): encoder_tail
2026-07-01 06:39:23 | DEBUG    | [pretrai...:__init__          :  82] | 🐞   Num Transformer Blocks to Unfreeze: 6
2026-07-01 06:39:23 | DEBUG    | [pretrai...:__init__          :  83] | 🐞   Unfreeze CLS: True, PosEmb: True, PatchEmb: False, EncoderLN: True
2026-07-01 06:39:23 | DEBUG    | [pretrai...:__init__          :  85] | 🐞   Custom Head Hidden Dims: None, Head Dropout: 0.5
2026-07-01 06:39:23 | DEBUG    | [pretrai...:__init__          : 106] | 🐞 Loaded vit_b_16 from torchvision.
2026-07-01 06:39:23 | DEBUG    | [pretrai...:__init__          : 283] | 🐞 Created simple linear head (dropout: 0.5), in_feat=768.
2026-07-01 06:39:23 | INFO     | [pretrai...:__init__          : 293] | ℹ️ PretrainedViT (standard) - Trainable: CLS Token, Positional Embeddings, 6 Encoder Blocks, Encoder LayerNorm, Classification Head.
2026-07-01 06:39:23 | INFO     | [pretrai...:__init__          : 313] | ℹ️ PretrainedViT (standard): Trainable params: 42.69M / Total params: 85.80M (49.75%)
2026-07-01 06:39:23 | DEBUG    | [adapter   :get_split_datasets: 205] | 🐞 Validation split for fold created with 1520 original samples.
2026-07-01 06:39:23 | DEBUG    | [adapter   :get_split_datasets: 219] | 🐞 Original training set created with 13680 samples. Now checking for relevant offline augmentations...
2026-07-01 06:39:23 | DEBUG    | [adapter   :get_split_datasets: 240] | 🐞 Added 13680 relevant offline augmented samples to current training fold.
2026-07-01 06:39:24 | DEBUG    | [adapter   :get_split_datasets: 252] | 🐞 Total training split for fold created with 27360 samples.
2026-07-01 06:39:24 | DEBUG    | [adapter   :get_iterator      : 373] | 🐞 Creating DataLoader for training: dataset_len=27360, batch_size=16, shuffle=True, drop_last=False, collate_fn_type='function', loader_kwargs={'num_workers': 0, 'pin_memory': False}
2026-07-01 06:39:24 | DEBUG    | [adapter   :get_iterator      : 373] | 🐞 Creating DataLoader for validation/evaluation: dataset_len=1520, batch_size=16, shuffle=False, drop_last=False, collate_fn_type='function', loader_kwargs={'num_workers': 0, 'pin_memory': False}
2026-07-01 06:44:13 | INFO     | [callbacks :on_epoch_end      : 131] | ℹ️   epoch    train_acc    train_loss    valid_acc    valid_loss   cp           lr      dur
2026-07-01 06:44:13 | INFO     | [callbacks :on_epoch_end      : 131] | ℹ️ -------  -----------  ------------  -----------  ------------  ----  ----------  -------
2026-07-01 06:44:13 | INFO     | [callbacks :on_epoch_end      : 131] | ℹ️       1     ▲ 0.8012      ▼ 0.5375     ▲ 0.8283      ▼ 0.4361        4.9975e-05  289.342
2026-07-01 06:49:01 | INFO     | [callbacks :on_epoch_end      : 131] | ℹ️       2     ▲ 0.8513      ▼ 0.4024     ▲ 0.8533      ▼ 0.3772        4.9901e-05  287.471
2026-07-01 06:53:48 | INFO     | [callbacks :on_epoch_end      : 131] | ℹ️       3     ▲ 0.8599      ▼ 0.3685       0.8355        0.4277        4.9778e-05  287.025
2026-07-01 06:58:35 | INFO     | [callbacks :on_epoch_end      : 131] | ℹ️       4     ▲ 0.8724      ▼ 0.3442        0.825        0.4554        4.9606e-05  286.755
2026-07-01 07:03:22 | INFO     | [callbacks :on_epoch_end      : 131] | ℹ️       5     ▲ 0.8800      ▼ 0.3216     ▲ 0.8539        0.3801        4.9386e-05  287.475
2026-07-01 07:08:10 | INFO     | [callbacks :on_epoch_end      : 131] | ℹ️       6     ▲ 0.8824      ▼ 0.3117     ▲ 0.8592      ▼ 0.3577        4.9117e-05  287.485
2026-07-01 07:12:56 | INFO     | [callbacks :on_epoch_end      : 131] | ℹ️       7     ▲ 0.8890      ▼ 0.2928     ▲ 0.8678        0.3645        4.8801e-05  286.569
2026-07-01 07:17:44 | INFO     | [callbacks :on_epoch_end      : 131] | ℹ️       8     ▲ 0.8951      ▼ 0.2805     ▲ 0.8684      ▼ 0.3467        4.8438e-05  287.138
2026-07-01 07:22:31 | INFO     | [callbacks :on_epoch_end      : 131] | ℹ️       9     ▲ 0.8993      ▼ 0.2688     ▲ 0.8697        0.3739        4.8028e-05  287.11
2026-07-01 07:27:19 | INFO     | [callbacks :on_epoch_end      : 131] | ℹ️      10     ▲ 0.9026      ▼ 0.2618       0.8691      ▼ 0.3357        4.7574e-05  287.628
2026-07-01 07:32:06 | INFO     | [callbacks :on_epoch_end      : 131] | ℹ️      11     ▲ 0.9043      ▼ 0.2534     ▲ 0.8789      ▼ 0.3293        4.7075e-05  287.4
2026-07-01 07:36:53 | INFO     | [callbacks :on_epoch_end      : 131] | ℹ️      12     ▲ 0.9068      ▼ 0.2454       0.8658        0.3772        4.6532e-05  287.295
2026-07-01 07:42:03 | INFO     | [callbacks :on_epoch_end      : 131] | ℹ️      13     ▲ 0.9097      ▼ 0.2376       0.8638        0.3576        4.5947e-05  309.261
2026-07-01 07:47:09 | INFO     | [callbacks :on_epoch_end      : 131] | ℹ️      14     ▲ 0.9120      ▼ 0.2300       0.8757        0.3345        4.5321e-05  306.661
2026-07-01 07:51:57 | INFO     | [callbacks :on_epoch_end      : 131] | ℹ️      15     ▲ 0.9135      ▼ 0.2289       0.8553        0.3975        4.4655e-05  287.383
2026-07-01 07:56:45 | INFO     | [callbacks :on_epoch_end      : 131] | ℹ️      16     ▲ 0.9160      ▼ 0.2187     ▲ 0.8796      ▼ 0.3252        4.395e-05  287.588
2026-07-01 08:01:32 | INFO     | [callbacks :on_epoch_end      : 131] | ℹ️      17     ▲ 0.9173      ▼ 0.2119       0.8724        0.3498        4.3208e-05  286.875
2026-07-01 08:06:19 | INFO     | [callbacks :on_epoch_end      : 131] | ℹ️      18     ▲ 0.9226      ▼ 0.2051     ▲ 0.8862        0.3333        4.2431e-05  287.482
2026-07-01 08:11:07 | INFO     | [callbacks :on_epoch_end      : 131] | ℹ️      19       0.9225      ▼ 0.2033        0.852        0.4282        4.1619e-05  287.335
2026-07-01 08:16:02 | INFO     | [callbacks :on_epoch_end      : 131] | ℹ️      20     ▲ 0.9249      ▼ 0.1990       0.8789        0.3336        4.0776e-05  295.195
2026-07-01 08:21:02 | INFO     | [callbacks :on_epoch_end      : 131] | ℹ️      21       0.9249      ▼ 0.1960       0.8711        0.3599        3.9901e-05  300.476
2026-07-01 08:25:51 | INFO     | [callbacks :on_epoch_end      : 131] | ℹ️      22     ▲ 0.9261      ▼ 0.1893       0.8783        0.3524        3.8997e-05  288.329
2026-07-01 08:30:38 | INFO     | [callbacks :on_epoch_end      : 131] | ℹ️      23     ▲ 0.9287      ▼ 0.1881       0.8763        0.3595        3.8066e-05  286.64
2026-07-01 08:35:24 | INFO     | [callbacks :on_epoch_end      : 131] | ℹ️      24     ▲ 0.9306      ▼ 0.1833       0.8737        0.3935        3.711e-05  286.658
2026-07-01 08:40:12 | INFO     | [callbacks :on_epoch_end      : 131] | ℹ️      25         0.93      ▼ 0.1791        0.875        0.3471        3.613e-05  287.548
2026-07-01 08:45:01 | INFO     | [callbacks :on_epoch_end      : 131] | ℹ️      26     ▲ 0.9340      ▼ 0.1729       0.8704        0.3659        3.5129e-05  288.874
2026-07-01 08:49:49 | INFO     | [callbacks :on_epoch_end      : 131] | ℹ️      27       0.9332      ▼ 0.1711     ▲ 0.8888         0.335        3.4109e-05  288.401
2026-07-01 08:54:36 | INFO     | [callbacks :on_epoch_end      : 131] | ℹ️      28     ▲ 0.9368      ▼ 0.1642       0.8737        0.3602        3.3071e-05  286.977
2026-07-01 08:59:24 | INFO     | [callbacks :on_epoch_end      : 131] | ℹ️      29     ▲ 0.9378      ▼ 0.1632       0.8783        0.3366        3.2018e-05  287.787
2026-07-01 09:04:12 | INFO     | [callbacks :on_epoch_end      : 131] | ℹ️      30     ▲ 0.9388      ▼ 0.1607       0.8822        0.3284        3.0952e-05  287.578
2026-07-01 09:08:59 | INFO     | [pipeline  :cv_model_evalua...:1500] | ℹ️ Using best model from epoch 31
2026-07-01 09:08:59 | INFO     | [pipeline  :cv_model_evalua...:1503] | ℹ️ Evaluating model on outer test set for fold 5...
2026-07-01 09:09:00 | DEBUG    | [adapter   :get_iterator      : 373] | 🐞 Creating DataLoader for validation/evaluation: dataset_len=3800, batch_size=16, shuffle=False, drop_last=False, collate_fn_type='function', loader_kwargs={'num_workers': 0, 'pin_memory': False}
2026-07-01 09:09:13 | DEBUG    | [adapter   :get_iterator      : 373] | 🐞 Creating DataLoader for validation/evaluation: dataset_len=3800, batch_size=16, shuffle=False, drop_last=False, collate_fn_type='function', loader_kwargs={'num_workers': 0, 'pin_memory': False}
2026-07-01 09:09:26 | DEBUG    | [pipeline  :_compute_metrics  : 479] | 🐞 Computed Metrics: Acc=0.8850, Macro F1=0.8861
2026-07-01 09:09:26 | INFO     | [pipeline  :cv_model_evalua...:1522] | ℹ️ Fold 5 Test Scores: Acc=0.8850, F1=0.8861
2026-07-01 09:09:27 | DEBUG    | [pipeline  :_save_results     : 527] | 🐞 Results detail level overridden for this run to: 2
2026-07-01 09:09:27 | DEBUG    | [pipeline  :_save_results     : 534] | 🐞 Saving results for cv_model_evaluation_full_190845 (detail level: 2)
2026-07-01 09:09:27 | INFO     | [pipeline  :_save_results     : 632] | ℹ️ Results JSON saved via repository to: experiments/GCD/pvit/20260630_190845_seed42/cv_model_evaluation_full_190845/cv_model_evaluation_results.json
2026-07-01 09:09:27 | INFO     | [pipeline  :cv_model_evalua...:1632] | ℹ️ Plotting cv for eval results for cv_model_evaluation_full_190845 (plot level 2).
2026-07-01 09:09:27 | INFO     | [plotter   :plot_cv_model_e...: 834] | ℹ️ Plotting cv_model_evaluation results for: cv_model_evaluation_full_190845
2026-07-01 09:09:27 | INFO     | [plotter   :_generate_aggre...: 296] | ℹ️ Aggregated metrics CSV saved via repository to: experiments/GCD/pvit/20260630_190845_seed42/cv_model_evaluation_full_190845/cv_model_evaluation_plots/aggregated_metrics_table.csv
2026-07-01 09:09:29 | INFO     | [plotter   :plot_cv_model_e...: 889] | ℹ️ Generating grouped plots per fold for 5 folds...
2026-07-01 09:09:35 | INFO     | [plotter   :_generate_metri...: 241] | ℹ️ Metrics CSV saved via repository to: experiments/GCD/pvit/20260630_190845_seed42/cv_model_evaluation_full_190845/cv_model_evaluation_plots/fold_1_metrics_table.csv
2026-07-01 09:09:35 | INFO     | [plotter   :_generate_metri...: 241] | ℹ️ Metrics CSV saved via repository to: experiments/GCD/pvit/20260630_190845_seed42/cv_model_evaluation_full_190845/cv_model_evaluation_plots/fold_2_metrics_table.csv
2026-07-01 09:09:35 | INFO     | [plotter   :_generate_metri...: 241] | ℹ️ Metrics CSV saved via repository to: experiments/GCD/pvit/20260630_190845_seed42/cv_model_evaluation_full_190845/cv_model_evaluation_plots/fold_3_metrics_table.csv
2026-07-01 09:09:35 | INFO     | [plotter   :_generate_metri...: 241] | ℹ️ Metrics CSV saved via repository to: experiments/GCD/pvit/20260630_190845_seed42/cv_model_evaluation_full_190845/cv_model_evaluation_plots/fold_4_metrics_table.csv
2026-07-01 09:09:35 | INFO     | [plotter   :_generate_metri...: 241] | ℹ️ Metrics CSV saved via repository to: experiments/GCD/pvit/20260630_190845_seed42/cv_model_evaluation_full_190845/cv_model_evaluation_plots/fold_5_metrics_table.csv
2026-07-01 09:09:35 | INFO     | [plotter   :plot_cv_model_e...:1038] | ℹ️ Finished plotting for cv_model_evaluation: cv_model_evaluation_full_190845
2026-07-01 09:09:35 | INFO     | [pipeline  :cv_model_evalua...:1648] | ℹ️ CV Evaluation Summary (on full data, 5 folds, 95% CI):
2026-07-01 09:09:35 | INFO     | [pipeline  :cv_model_evalua...:1654] | ℹ️   Accuracy            : 0.8912 +/- 0.0085
2026-07-01 09:09:35 | INFO     | [pipeline  :cv_model_evalua...:1654] | ℹ️   F1 Macro            : 0.8938 +/- 0.0105
2026-07-01 09:09:35 | INFO     | [pipeline  :cv_model_evalua...:1654] | ℹ️   Precision Macro     : 0.8949 +/- 0.0115
2026-07-01 09:09:35 | INFO     | [pipeline  :cv_model_evalua...:1654] | ℹ️   Recall Macro        : 0.8939 +/- 0.0139
2026-07-01 09:09:35 | INFO     | [pipeline  :cv_model_evalua...:1654] | ℹ️   Specificity Macro   : 0.9803 +/- 0.0016
2026-07-01 09:09:35 | INFO     | [pipeline  :cv_model_evalua...:1654] | ℹ️   Roc Auc Macro       : 0.9887 +/- 0.0010
2026-07-01 09:09:35 | INFO     | [pipeline  :cv_model_evalua...:1654] | ℹ️   Pr Auc Macro        : 0.9503 +/- 0.0054
2026-07-01 09:09:35 | INFO     | [executor  :run               : 298] | ℹ️ --- Method cv_model_evaluation (Op ID: cv_model_evaluation_0) completed successfully in 50450.15s ---
2026-07-01 09:09:35 | INFO     | [executor  :run               : 355] | ℹ️ Pipeline execution finished successfully in 50450.15s for Executor Run ID: 20260630_190845_seed42.
2026-07-01 09:09:35 | INFO     | [executor  :run               : 361] | ℹ️ Executor run for 20260630_190845_seed42 attempting final log operations.
2026-07-01 09:09:35 | DEBUG    | [executor  :_upload_and_cle...: 207] | 🐞 Flushing and closing log handler for: C:\Users\Stefan Alexandrescu\Documents\GitHub\UBB-Y3-AI-Research\model_src\experiments\GCD\pvit\20260630_190845_seed42\executor_run_20260630_190845_seed42.log before upload/cleanup.
2026-07-01 09:09:35 | INFO     | [executor  :_upload_and_cle...: 233] | ℹ️ Main executor log file available at: C:\Users\Stefan Alexandrescu\Documents\GitHub\UBB-Y3-AI-Research\model_src\experiments\GCD\pvit\20260630_190845_seed42\executor_run_20260630_190845_seed42.log
2026-07-01 09:09:35 | INFO     | [main      :<module>          : 346] | ℹ️ --- Final Execution Results Summary ---
2026-07-01 09:09:35 | INFO     | [main      :<module>          : 357] | ℹ️ Method executor_run_id: Completed. Result: 20260630_190845_seed42
2026-07-01 09:09:35 | INFO     | [main      :<module>          : 357] | ℹ️ Method seed_used: Completed. Result: 42
2026-07-01 09:09:35 | INFO     | [main      :<module>          : 354] | ℹ️ Method cv_model_evaluation_0: Completed. (Acc: 0.8912, F1: 0.8938, BestScore: nan)
