Timestamp           | Level    | Location                             | Message
--------------------+----------+--------------------------------------+---------------------------------------------------
2026-07-01 22:02:13 | INFO     | [logger_...:setup_logger      : 130] | ℹ️ Logger 'ImgClassPipe' initialized. Log file: C:\Users\Stefan Alexandrescu\Documents\GitHub\UBB-Y3-AI-Research\model_src\experiments\Swimcat-extend\pvit\20260701_220213_seed42\executor_run_20260701_220213_seed42.log
2026-07-01 22:02:13 | INFO     | [executor  :__init__          : 121] | ℹ️ Local main executor log file for this run (may be temporary): C:\Users\Stefan Alexandrescu\Documents\GitHub\UBB-Y3-AI-Research\model_src\experiments\Swimcat-extend\pvit\20260701_220213_seed42\executor_run_20260701_220213_seed42.log
2026-07-01 22:02:13 | INFO     | [executor  :__init__          : 126] | ℹ️ --- Starting Executor Run (ID: 20260701_220213_seed42) ---
2026-07-01 22:02:13 | INFO     | [executor  :__init__          : 127] | ℹ️ Executor initialized for model 'pvit' on dataset 'Swimcat-extend'
2026-07-01 22:02:13 | INFO     | [executor  :__init__          : 130] | ℹ️ Local artifact storage base: C:\Users\Stefan Alexandrescu\Documents\GitHub\UBB-Y3-AI-Research\model_src
2026-07-01 22:02:13 | INFO     | [executor  :__init__          : 134] | ℹ️ Base key/prefix for this executor run's artifacts: experiments/Swimcat-extend/pvit/20260701_220213_seed42
2026-07-01 22:02:13 | INFO     | [pipeline  :__init__          : 165] | ℹ️ Initializing Classification Pipeline:
2026-07-01 22:02:13 | INFO     | [pipeline  :__init__          : 166] | ℹ️   Dataset Path: C:\Users\Stefan Alexandrescu\Documents\GitHub\UBB-Y3-AI-Research\model_src\data\Swimcat-extend
2026-07-01 22:02:13 | INFO     | [pipeline  :__init__          : 167] | ℹ️   Model Type: pvit
2026-07-01 22:02:13 | INFO     | [pipeline  :__init__          : 170] | ℹ️   Artifact base key prefix for this run: experiments/Swimcat-extend/pvit/20260701_220213_seed42 (using LocalFileSystemRepository)
2026-07-01 22:02:13 | INFO     | [pipeline  :__init__          : 174] | ℹ️   Default Augmentation Strategy: AugmentationStrategy.SWIMCAT_MILD
2026-07-01 22:02:13 | INFO     | [pipeline  :__init__          : 175] | ℹ️   Default Show First Batch Aug: True
2026-07-01 22:02:13 | INFO     | [dataset...:__init__          : 529] | ℹ️ Using augmentation strategy: AugmentationStrategy.SWIMCAT_MILD
2026-07-01 22:02:13 | INFO     | [dataset...:__init__          : 560] | ℹ️ Detected dataset structure: flat
2026-07-01 22:02:13 | INFO     | [dataset...:_load_paths_and...: 787] | ℹ️ Scanning FLAT dataset from C:\Users\Stefan Alexandrescu\Documents\GitHub\UBB-Y3-AI-Research\model_src\data\Swimcat-extend...
2026-07-01 22:02:13 | INFO     | [dataset...:_load_paths_and...: 867] | ℹ️ Loaded 2100 offline augmented samples with original name mapping.
2026-07-01 22:02:13 | INFO     | [dataset...:_load_paths_and...: 874] | ℹ️ Final Original Dataset sizes: 1680 original train+val, 420 original test. Offline augmented samples loaded: 2100.
2026-07-01 22:02:13 | INFO     | [dataset...:__init__          : 586] | ℹ️ Found 6 classes: A-Clear Sky, B-Patterned Clouds, C-Thin White Clouds, D-Thick White Clouds, E-Thick Dark Clouds, F-Veil Clouds
2026-07-01 22:02:13 | INFO     | [dataset...:_calculate_clas...: 676] | ℹ️ Calculating class weights for the training set...
2026-07-01 22:02:13 | INFO     | [dataset...:_calculate_clas...: 690] | ℹ️ Calculated class weights (for classes 0 to 5):
2026-07-01 22:02:13 | INFO     | [dataset...:_calculate_clas...: 692] | ℹ️   - A-Clear Sky (Class 0): 1.0000
2026-07-01 22:02:13 | INFO     | [dataset...:_calculate_clas...: 692] | ℹ️   - B-Patterned Clouds (Class 1): 1.0000
2026-07-01 22:02:13 | INFO     | [dataset...:_calculate_clas...: 692] | ℹ️   - C-Thin White Clouds (Class 2): 1.0000
2026-07-01 22:02:13 | INFO     | [dataset...:_calculate_clas...: 692] | ℹ️   - D-Thick White Clouds (Class 3): 1.0000
2026-07-01 22:02:13 | INFO     | [dataset...:_calculate_clas...: 692] | ℹ️   - E-Thick Dark Clouds (Class 4): 1.0000
2026-07-01 22:02:13 | INFO     | [dataset...:_calculate_clas...: 692] | ℹ️   - F-Veil Clouds (Class 5): 1.0000
2026-07-01 22:02:13 | INFO     | [dataset...:__init__          : 592] | ℹ️ Dataset sizes: 1680 train+val, 420 test. Total: 2100
2026-07-01 22:02:13 | INFO     | [pipeline  :__init__          : 185] | ℹ️   Artifact base key prefix for this run: experiments/Swimcat-extend/pvit/20260701_220213_seed42 (using LocalFileSystemRepository)
2026-07-01 22:02:13 | INFO     | [pipeline  :__init__          : 212] | ℹ️   Using Optimizer: AdamW
2026-07-01 22:02:13 | DEBUG    | [callbacks :get_default_cal...: 172] | 🐞 Default LRScheduler callback instance created with policy: ReduceLROnPlateau, kwargs: {'patience': 2, 'mode': 'min', 'factor': 0.1, 'min_lr': 1e-06, 'verbose': False}, monitor: valid_loss
2026-07-01 22:02:13 | INFO     | [pipeline  :__init__          : 269] | ℹ️   Model Adapter: Initialized with PretrainedViT
2026-07-01 22:02:13 | DEBUG    | [executor  :_validate_methods : 189] | 🐞 Basic method validation successful.
2026-07-01 22:02:13 | INFO     | [executor  :__init__          : 168] | ℹ️ Executor configured to run methods: cv_model_evaluation
2026-07-01 22:02:13 | INFO     | [executor  :run               : 237] | ℹ️ Starting execution of methods for Executor Run ID: 20260701_220213_seed42
2026-07-01 22:02:13 | INFO     | [executor  :run               : 246] | ℹ️ --- Running Method 1/1: cv_model_evaluation (Op ID: cv_model_evaluation_0) ---
2026-07-01 22:02:13 | DEBUG    | [executor  :run               : 291] | 🐞 Running method 'cv_model_evaluation' with effective parameters: {'params': {'max_epochs': 70, 'lr': 5e-05, 'batch_size': 16, 'optimizer': 'AdamW', 'optimizer__weight_decay': 0.2, 'callbacks__default_lr_scheduler__policy': 'CosineAnnealingLR', 'callbacks__default_lr_scheduler__T_max': 70, 'callbacks__default_lr_scheduler__eta_min': 1e-06, 'callbacks__default_early_stopping__patience': 15, 'cutmix_alpha': 1.0, 'cutmix_probability': 0.5, 'module__vit_model_variant': 'vit_b_16', 'module__pretrained': True, 'module__unfreeze_strategy': 'encoder_tail', 'module__num_transformer_blocks_to_unfreeze': 6, 'module__unfreeze_cls_token': True, 'module__unfreeze_pos_embedding': True, 'module__unfreeze_patch_embedding': False, 'module__unfreeze_encoder_layernorm': True, 'module__custom_head_hidden_dims': None, 'module__head_dropout_rate': 0.5, 'iterator_train__shuffle': True}, 'val_split_ratio': 0.1, 'cv': 5, 'evaluate_on': 'full', 'results_detail_level': 2}
2026-07-01 22:02:13 | INFO     | [pipeline  :cv_model_evalua...:1354] | ℹ️ Performing 5-fold CV for evaluation with fixed parameters.
2026-07-01 22:02:13 | INFO     | [pipeline  :cv_model_evalua...:1373] | ℹ️ Using full dataset (2100 samples) for CV evaluation.
2026-07-01 22:02:13 | INFO     | [pipeline  :cv_model_evalua...:1397] | ℹ️ Using provided parameters for CV evaluation: {'max_epochs': 70, 'lr': 5e-05, 'batch_size': 16, 'optimizer': 'AdamW', 'optimizer__weight_decay': 0.2, 'callbacks__default_lr_scheduler__policy': 'CosineAnnealingLR', 'callbacks__default_lr_scheduler__T_max': 70, 'callbacks__default_lr_scheduler__eta_min': 1e-06, 'callbacks__default_early_stopping__patience': 15, 'cutmix_alpha': 1.0, 'cutmix_probability': 0.5, 'module__vit_model_variant': 'vit_b_16', 'module__pretrained': True, 'module__unfreeze_strategy': 'encoder_tail', 'module__num_transformer_blocks_to_unfreeze': 6, 'module__unfreeze_cls_token': True, 'module__unfreeze_pos_embedding': True, 'module__unfreeze_patch_embedding': False, 'module__unfreeze_encoder_layernorm': True, 'module__custom_head_hidden_dims': None, 'module__head_dropout_rate': 0.5, 'iterator_train__shuffle': True}
2026-07-01 22:02:13 | DEBUG    | [param_g...:parse_fixed_hyp...: 163] | 🐞 Created LRScheduler instance: policy=CosineAnnealingLR, direct_args={}, constructor_kwargs={'T_max': 70, 'eta_min': 1e-06}
2026-07-01 22:02:13 | INFO     | [pipeline  :cv_model_evalua...:1418] | ℹ️ Skorch internal validation split configured: 10.0% of each CV fold's training data.
2026-07-01 22:02:13 | DEBUG    | [pipeline  :cv_model_evalua...:1445] | 🐞 Will compute detailed metrics (detail_level=2, plot_level=2)
2026-07-01 22:02:13 | INFO     | [pipeline  :cv_model_evalua...:1451] | ℹ️ --- Starting CV Evaluation Fold 1/5 ---
2026-07-01 22:02:13 | DEBUG    | [pipeline  :cv_model_evalua...:1457] | 🐞 Outer split (full set): 1680 train / 420 test samples.
2026-07-01 22:02:13 | DEBUG    | [pipeline  :cv_model_evalua...:1476] | 🐞 Fold 1: Internal split: ~1512 train / ~168 valid.
2026-07-01 22:02:13 | INFO     | [pipeline  :cv_model_evalua...:1486] | ℹ️ Fitting model for fold 1...
2026-07-01 22:02:13 | DEBUG    | [pretrai...:__init__          :  75] | 🐞 Initializing PretrainedViT:
2026-07-01 22:02:13 | DEBUG    | [pretrai...:__init__          :  76] | 🐞   Model Variant: vit_b_16, Pretrained: True
2026-07-01 22:02:13 | DEBUG    | [pretrai...:__init__          :  77] | 🐞   Is Hybrid Input: False
2026-07-01 22:02:13 | DEBUG    | [pretrai...:__init__          :  80] | 🐞   Unfreeze Strategy (Encoder Blocks): encoder_tail
2026-07-01 22:02:13 | DEBUG    | [pretrai...:__init__          :  82] | 🐞   Num Transformer Blocks to Unfreeze: 6
2026-07-01 22:02:13 | DEBUG    | [pretrai...:__init__          :  83] | 🐞   Unfreeze CLS: True, PosEmb: True, PatchEmb: False, EncoderLN: True
2026-07-01 22:02:13 | DEBUG    | [pretrai...:__init__          :  85] | 🐞   Custom Head Hidden Dims: None, Head Dropout: 0.5
2026-07-01 22:02:13 | DEBUG    | [pretrai...:__init__          : 106] | 🐞 Loaded vit_b_16 from torchvision.
2026-07-01 22:02:13 | DEBUG    | [pretrai...:__init__          : 283] | 🐞 Created simple linear head (dropout: 0.5), in_feat=768.
2026-07-01 22:02:13 | INFO     | [pretrai...:__init__          : 293] | ℹ️ PretrainedViT (standard) - Trainable: CLS Token, Positional Embeddings, 6 Encoder Blocks, Encoder LayerNorm, Classification Head.
2026-07-01 22:02:13 | INFO     | [pretrai...:__init__          : 313] | ℹ️ PretrainedViT (standard): Trainable params: 42.69M / Total params: 85.80M (49.75%)
2026-07-01 22:02:14 | DEBUG    | [adapter   :get_split_datasets: 205] | 🐞 Validation split for fold created with 168 original samples.
2026-07-01 22:02:14 | DEBUG    | [adapter   :get_split_datasets: 219] | 🐞 Original training set created with 1512 samples. Now checking for relevant offline augmentations...
2026-07-01 22:02:14 | DEBUG    | [adapter   :get_split_datasets: 240] | 🐞 Added 1512 relevant offline augmented samples to current training fold.
2026-07-01 22:02:14 | DEBUG    | [adapter   :get_split_datasets: 252] | 🐞 Total training split for fold created with 3024 samples.
2026-07-01 22:02:14 | DEBUG    | [adapter   :get_iterator      : 373] | 🐞 Creating DataLoader for training: dataset_len=3024, batch_size=16, shuffle=True, drop_last=False, collate_fn_type='function', loader_kwargs={'num_workers': 0, 'pin_memory': False}
2026-07-01 22:02:14 | DEBUG    | [adapter   :get_iterator      : 373] | 🐞 Creating DataLoader for validation/evaluation: dataset_len=168, batch_size=16, shuffle=False, drop_last=False, collate_fn_type='function', loader_kwargs={'num_workers': 0, 'pin_memory': False}
2026-07-01 22:02:42 | INFO     | [callbacks :on_epoch_end      : 131] | ℹ️   epoch    train_acc    train_loss    valid_acc    valid_loss   cp           lr      dur
2026-07-01 22:02:42 | INFO     | [callbacks :on_epoch_end      : 131] | ℹ️ -------  -----------  ------------  -----------  ------------  ----  ----------  -------
2026-07-01 22:02:42 | INFO     | [callbacks :on_epoch_end      : 131] | ℹ️       1     ▲ 0.8234      ▼ 0.5421     ▲ 0.9821      ▼ 0.0915        4.9975e-05  28.4113
2026-07-01 22:03:08 | INFO     | [callbacks :on_epoch_end      : 131] | ℹ️       2     ▲ 0.8962      ▼ 0.3413       0.9643        0.1419        4.9901e-05  25.9062
2026-07-01 22:03:34 | INFO     | [callbacks :on_epoch_end      : 131] | ℹ️       3       0.8882         0.359     ▲ 0.9881      ▼ 0.0521        4.9778e-05  26.0991
2026-07-01 22:04:01 | INFO     | [callbacks :on_epoch_end      : 131] | ℹ️       4     ▲ 0.9203      ▼ 0.2846       0.9762        0.0888        4.9606e-05  26.5619
2026-07-01 22:04:26 | INFO     | [callbacks :on_epoch_end      : 131] | ℹ️       5       0.8909        0.3017       0.9821      ▼ 0.0517        4.9386e-05  25.7973
2026-07-01 22:04:53 | INFO     | [callbacks :on_epoch_end      : 131] | ℹ️       6       0.9051        0.2859     ▲ 0.9881        0.0767        4.9117e-05  26.192
2026-07-01 22:05:18 | INFO     | [callbacks :on_epoch_end      : 131] | ℹ️       7       0.8978      ▼ 0.2624       0.9702         0.111        4.8801e-05  25.8247
2026-07-01 22:05:45 | INFO     | [callbacks :on_epoch_end      : 131] | ℹ️       8        0.917        0.2672       0.9821        0.0841        4.8438e-05  26.0286
2026-07-01 22:06:11 | INFO     | [callbacks :on_epoch_end      : 131] | ℹ️       9       0.9107        0.2918       0.9821        0.0981        4.8028e-05  25.9942
2026-07-01 22:06:36 | INFO     | [callbacks :on_epoch_end      : 131] | ℹ️      10       0.9187      ▼ 0.2518     ▲ 0.9881        0.0601        4.7574e-05  25.9364
2026-07-01 22:07:02 | INFO     | [callbacks :on_epoch_end      : 131] | ℹ️      11     ▲ 0.9339         0.271       0.9821        0.0961        4.7075e-05  25.9782
2026-07-01 22:07:29 | INFO     | [callbacks :on_epoch_end      : 131] | ℹ️      12       0.9167        0.2831     ▲ 0.9881        0.0836        4.6532e-05  26.1015
2026-07-01 22:07:55 | INFO     | [callbacks :on_epoch_end      : 131] | ℹ️      13       0.9144      ▼ 0.2294       0.9821        0.1097        4.5947e-05  26.0986
2026-07-01 22:08:21 | INFO     | [callbacks :on_epoch_end      : 131] | ℹ️      14       0.8876        0.2534       0.9821        0.0964        4.5321e-05  26.5329
2026-07-01 22:08:47 | INFO     | [callbacks :on_epoch_end      : 131] | ℹ️      15        0.914        0.2485       0.9821        0.1188        4.4655e-05  26.0616
2026-07-01 22:09:13 | INFO     | [callbacks :on_epoch_end      : 131] | ℹ️      16     ▲ 0.9464      ▼ 0.2211     ▲ 0.9881        0.0871        4.395e-05  26.0501
2026-07-01 22:09:39 | INFO     | [callbacks :on_epoch_end      : 131] | ℹ️      17       0.9342        0.2858     ▲ 0.9881        0.0949        4.3208e-05  25.9615
2026-07-01 22:10:06 | INFO     | [callbacks :on_epoch_end      : 131] | ℹ️      18        0.912        0.2459       0.9821        0.0621        4.2431e-05  26.1569
2026-07-01 22:10:32 | INFO     | [callbacks :on_epoch_end      : 131] | ℹ️      19        0.916        0.2605       0.9821         0.085        4.1619e-05  26.0513
2026-07-01 22:10:58 | INFO     | [pipeline  :cv_model_evalua...:1500] | ℹ️ Using best model from epoch 20
2026-07-01 22:10:58 | INFO     | [pipeline  :cv_model_evalua...:1503] | ℹ️ Evaluating model on outer test set for fold 1...
2026-07-01 22:10:58 | DEBUG    | [adapter   :get_iterator      : 373] | 🐞 Creating DataLoader for validation/evaluation: dataset_len=420, batch_size=16, shuffle=False, drop_last=False, collate_fn_type='function', loader_kwargs={'num_workers': 0, 'pin_memory': False}
2026-07-01 22:10:59 | DEBUG    | [adapter   :get_iterator      : 373] | 🐞 Creating DataLoader for validation/evaluation: dataset_len=420, batch_size=16, shuffle=False, drop_last=False, collate_fn_type='function', loader_kwargs={'num_workers': 0, 'pin_memory': False}
2026-07-01 22:11:00 | DEBUG    | [pipeline  :_compute_metrics  : 479] | 🐞 Computed Metrics: Acc=0.9786, Macro F1=0.9786
2026-07-01 22:11:00 | INFO     | [pipeline  :cv_model_evalua...:1522] | ℹ️ Fold 1 Test Scores: Acc=0.9786, F1=0.9786
2026-07-01 22:11:00 | INFO     | [pipeline  :cv_model_evalua...:1451] | ℹ️ --- Starting CV Evaluation Fold 2/5 ---
2026-07-01 22:11:00 | DEBUG    | [pipeline  :cv_model_evalua...:1457] | 🐞 Outer split (full set): 1680 train / 420 test samples.
2026-07-01 22:11:00 | DEBUG    | [pipeline  :cv_model_evalua...:1476] | 🐞 Fold 2: Internal split: ~1512 train / ~168 valid.
2026-07-01 22:11:00 | INFO     | [pipeline  :cv_model_evalua...:1486] | ℹ️ Fitting model for fold 2...
2026-07-01 22:11:00 | DEBUG    | [pretrai...:__init__          :  75] | 🐞 Initializing PretrainedViT:
2026-07-01 22:11:00 | DEBUG    | [pretrai...:__init__          :  76] | 🐞   Model Variant: vit_b_16, Pretrained: True
2026-07-01 22:11:00 | DEBUG    | [pretrai...:__init__          :  77] | 🐞   Is Hybrid Input: False
2026-07-01 22:11:00 | DEBUG    | [pretrai...:__init__          :  80] | 🐞   Unfreeze Strategy (Encoder Blocks): encoder_tail
2026-07-01 22:11:00 | DEBUG    | [pretrai...:__init__          :  82] | 🐞   Num Transformer Blocks to Unfreeze: 6
2026-07-01 22:11:00 | DEBUG    | [pretrai...:__init__          :  83] | 🐞   Unfreeze CLS: True, PosEmb: True, PatchEmb: False, EncoderLN: True
2026-07-01 22:11:00 | DEBUG    | [pretrai...:__init__          :  85] | 🐞   Custom Head Hidden Dims: None, Head Dropout: 0.5
2026-07-01 22:11:01 | DEBUG    | [pretrai...:__init__          : 106] | 🐞 Loaded vit_b_16 from torchvision.
2026-07-01 22:11:01 | DEBUG    | [pretrai...:__init__          : 283] | 🐞 Created simple linear head (dropout: 0.5), in_feat=768.
2026-07-01 22:11:01 | INFO     | [pretrai...:__init__          : 293] | ℹ️ PretrainedViT (standard) - Trainable: CLS Token, Positional Embeddings, 6 Encoder Blocks, Encoder LayerNorm, Classification Head.
2026-07-01 22:11:01 | INFO     | [pretrai...:__init__          : 313] | ℹ️ PretrainedViT (standard): Trainable params: 42.69M / Total params: 85.80M (49.75%)
2026-07-01 22:11:01 | DEBUG    | [adapter   :get_split_datasets: 205] | 🐞 Validation split for fold created with 168 original samples.
2026-07-01 22:11:01 | DEBUG    | [adapter   :get_split_datasets: 219] | 🐞 Original training set created with 1512 samples. Now checking for relevant offline augmentations...
2026-07-01 22:11:01 | DEBUG    | [adapter   :get_split_datasets: 240] | 🐞 Added 1512 relevant offline augmented samples to current training fold.
2026-07-01 22:11:01 | DEBUG    | [adapter   :get_split_datasets: 252] | 🐞 Total training split for fold created with 3024 samples.
2026-07-01 22:11:01 | DEBUG    | [adapter   :get_iterator      : 373] | 🐞 Creating DataLoader for training: dataset_len=3024, batch_size=16, shuffle=True, drop_last=False, collate_fn_type='function', loader_kwargs={'num_workers': 0, 'pin_memory': False}
2026-07-01 22:11:01 | DEBUG    | [adapter   :get_iterator      : 373] | 🐞 Creating DataLoader for validation/evaluation: dataset_len=168, batch_size=16, shuffle=False, drop_last=False, collate_fn_type='function', loader_kwargs={'num_workers': 0, 'pin_memory': False}
2026-07-01 22:11:29 | INFO     | [callbacks :on_epoch_end      : 131] | ℹ️   epoch    train_acc    train_loss    valid_acc    valid_loss   cp           lr      dur
2026-07-01 22:11:29 | INFO     | [callbacks :on_epoch_end      : 131] | ℹ️ -------  -----------  ------------  -----------  ------------  ----  ----------  -------
2026-07-01 22:11:29 | INFO     | [callbacks :on_epoch_end      : 131] | ℹ️       1     ▲ 0.8188      ▼ 0.5746     ▲ 0.9762      ▼ 0.0827        4.9975e-05  27.8844
2026-07-01 22:11:55 | INFO     | [callbacks :on_epoch_end      : 131] | ℹ️       2     ▲ 0.8750      ▼ 0.3515     ▲ 0.9881      ▼ 0.0443        4.9901e-05  26.0546
2026-07-01 22:12:21 | INFO     | [callbacks :on_epoch_end      : 131] | ℹ️       3     ▲ 0.8938      ▼ 0.3225     ▲ 0.9940        0.0564        4.9778e-05  26.1081
2026-07-01 22:12:47 | INFO     | [callbacks :on_epoch_end      : 131] | ℹ️       4       0.8896        0.3226       0.9821      ▼ 0.0419        4.9606e-05  26.1755
2026-07-01 22:13:13 | INFO     | [callbacks :on_epoch_end      : 131] | ℹ️       5       0.8892        0.3274     ▲ 0.9940      ▼ 0.0214        4.9386e-05  26.012
2026-07-01 22:13:39 | INFO     | [callbacks :on_epoch_end      : 131] | ℹ️       6     ▲ 0.9223      ▼ 0.2724       0.9821        0.0528        4.9117e-05  26.0041
2026-07-01 22:14:05 | INFO     | [callbacks :on_epoch_end      : 131] | ℹ️       7       0.9021        0.3171     ▲ 0.9940        0.0411        4.8801e-05  26.1743
2026-07-01 22:14:32 | INFO     | [callbacks :on_epoch_end      : 131] | ℹ️       8       0.8995        0.2779     ▲ 0.9940        0.0217        4.8438e-05  26.1551
2026-07-01 22:14:58 | INFO     | [callbacks :on_epoch_end      : 131] | ℹ️       9     ▲ 0.9269      ▼ 0.2569       0.9702        0.0992        4.8028e-05  25.9735
2026-07-01 22:15:24 | INFO     | [callbacks :on_epoch_end      : 131] | ℹ️      10       0.9101      ▼ 0.2462     ▲ 0.9940      ▼ 0.0192        4.7574e-05  26.0179
2026-07-01 22:15:50 | INFO     | [callbacks :on_epoch_end      : 131] | ℹ️      11     ▲ 0.9322         0.248     ▲ 0.9940        0.0499        4.7075e-05  26.4095
2026-07-01 22:16:16 | INFO     | [callbacks :on_epoch_end      : 131] | ℹ️      12       0.9256        0.2514     ▲ 0.9940        0.0438        4.6532e-05  25.9812
2026-07-01 22:16:42 | INFO     | [callbacks :on_epoch_end      : 131] | ℹ️      13       0.9163      ▼ 0.2369     ▲ 0.9940        0.0303        4.5947e-05  26.0991
2026-07-01 22:17:08 | INFO     | [callbacks :on_epoch_end      : 131] | ℹ️      14     ▲ 0.9368        0.2494     ▲ 0.9940        0.0361        4.5321e-05  26.0162
2026-07-01 22:17:34 | INFO     | [callbacks :on_epoch_end      : 131] | ℹ️      15       0.9213        0.2489     ▲ 0.9940        0.0311        4.4655e-05  26.129
2026-07-01 22:18:00 | INFO     | [callbacks :on_epoch_end      : 131] | ℹ️      16       0.9276      ▼ 0.2236     ▲ 1.0000      ▼ 0.0040        4.395e-05  26.0441
2026-07-01 22:18:27 | INFO     | [callbacks :on_epoch_end      : 131] | ℹ️      17       0.9067        0.2826        0.994        0.0411        4.3208e-05  26.2688
2026-07-01 22:18:53 | INFO     | [callbacks :on_epoch_end      : 131] | ℹ️      18       0.9282        0.2383        0.994        0.0394        4.2431e-05  26.2093
2026-07-01 22:19:19 | INFO     | [callbacks :on_epoch_end      : 131] | ℹ️      19       0.9292      ▼ 0.2167        0.994        0.0274        4.1619e-05  26.073
2026-07-01 22:19:45 | INFO     | [callbacks :on_epoch_end      : 131] | ℹ️      20       0.8899        0.2568        0.994        0.0318        4.0776e-05  26.0133
2026-07-01 22:20:11 | INFO     | [callbacks :on_epoch_end      : 131] | ℹ️      21       0.9306        0.2528        0.994        0.0122        3.9901e-05  26.1876
2026-07-01 22:20:37 | INFO     | [callbacks :on_epoch_end      : 131] | ℹ️      22        0.921        0.2841        0.994         0.017        3.8997e-05  26.0253
2026-07-01 22:21:03 | INFO     | [callbacks :on_epoch_end      : 131] | ℹ️      23       0.9067        0.2521        0.994        0.0446        3.8066e-05  25.9822
2026-07-01 22:21:29 | INFO     | [callbacks :on_epoch_end      : 131] | ℹ️      24       0.8998        0.2611        0.994        0.0431        3.711e-05  25.9312
2026-07-01 22:21:55 | INFO     | [callbacks :on_epoch_end      : 131] | ℹ️      25       0.9253         0.219        0.994        0.0326        3.613e-05  25.9407
2026-07-01 22:22:21 | INFO     | [callbacks :on_epoch_end      : 131] | ℹ️      26       0.9296        0.2347        0.994        0.0356        3.5129e-05  25.8498
2026-07-01 22:22:47 | INFO     | [callbacks :on_epoch_end      : 131] | ℹ️      27       0.9269        0.2173        0.994        0.0413        3.4109e-05  26.1676
2026-07-01 22:23:13 | INFO     | [callbacks :on_epoch_end      : 131] | ℹ️      28       0.9266      ▼ 0.2063        0.994        0.0375        3.3071e-05  26.0571
2026-07-01 22:23:40 | INFO     | [callbacks :on_epoch_end      : 131] | ℹ️      29       0.9193        0.2213        0.994        0.0355        3.2018e-05  26.4657
2026-07-01 22:24:06 | INFO     | [callbacks :on_epoch_end      : 131] | ℹ️      30       0.9332        0.2181        0.994        0.0457        3.0952e-05  26.2728
2026-07-01 22:24:32 | INFO     | [pipeline  :cv_model_evalua...:1500] | ℹ️ Using best model from epoch 31
2026-07-01 22:24:32 | INFO     | [pipeline  :cv_model_evalua...:1503] | ℹ️ Evaluating model on outer test set for fold 2...
2026-07-01 22:24:32 | DEBUG    | [adapter   :get_iterator      : 373] | 🐞 Creating DataLoader for validation/evaluation: dataset_len=420, batch_size=16, shuffle=False, drop_last=False, collate_fn_type='function', loader_kwargs={'num_workers': 0, 'pin_memory': False}
2026-07-01 22:24:34 | DEBUG    | [adapter   :get_iterator      : 373] | 🐞 Creating DataLoader for validation/evaluation: dataset_len=420, batch_size=16, shuffle=False, drop_last=False, collate_fn_type='function', loader_kwargs={'num_workers': 0, 'pin_memory': False}
2026-07-01 22:24:35 | DEBUG    | [pipeline  :_compute_metrics  : 479] | 🐞 Computed Metrics: Acc=0.9952, Macro F1=0.9952
2026-07-01 22:24:35 | INFO     | [pipeline  :cv_model_evalua...:1522] | ℹ️ Fold 2 Test Scores: Acc=0.9952, F1=0.9952
2026-07-01 22:24:35 | INFO     | [pipeline  :cv_model_evalua...:1451] | ℹ️ --- Starting CV Evaluation Fold 3/5 ---
2026-07-01 22:24:35 | DEBUG    | [pipeline  :cv_model_evalua...:1457] | 🐞 Outer split (full set): 1680 train / 420 test samples.
2026-07-01 22:24:35 | DEBUG    | [pipeline  :cv_model_evalua...:1476] | 🐞 Fold 3: Internal split: ~1512 train / ~168 valid.
2026-07-01 22:24:35 | INFO     | [pipeline  :cv_model_evalua...:1486] | ℹ️ Fitting model for fold 3...
2026-07-01 22:24:35 | DEBUG    | [pretrai...:__init__          :  75] | 🐞 Initializing PretrainedViT:
2026-07-01 22:24:35 | DEBUG    | [pretrai...:__init__          :  76] | 🐞   Model Variant: vit_b_16, Pretrained: True
2026-07-01 22:24:35 | DEBUG    | [pretrai...:__init__          :  77] | 🐞   Is Hybrid Input: False
2026-07-01 22:24:35 | DEBUG    | [pretrai...:__init__          :  80] | 🐞   Unfreeze Strategy (Encoder Blocks): encoder_tail
2026-07-01 22:24:35 | DEBUG    | [pretrai...:__init__          :  82] | 🐞   Num Transformer Blocks to Unfreeze: 6
2026-07-01 22:24:35 | DEBUG    | [pretrai...:__init__          :  83] | 🐞   Unfreeze CLS: True, PosEmb: True, PatchEmb: False, EncoderLN: True
2026-07-01 22:24:35 | DEBUG    | [pretrai...:__init__          :  85] | 🐞   Custom Head Hidden Dims: None, Head Dropout: 0.5
2026-07-01 22:24:35 | DEBUG    | [pretrai...:__init__          : 106] | 🐞 Loaded vit_b_16 from torchvision.
2026-07-01 22:24:35 | DEBUG    | [pretrai...:__init__          : 283] | 🐞 Created simple linear head (dropout: 0.5), in_feat=768.
2026-07-01 22:24:35 | INFO     | [pretrai...:__init__          : 293] | ℹ️ PretrainedViT (standard) - Trainable: CLS Token, Positional Embeddings, 6 Encoder Blocks, Encoder LayerNorm, Classification Head.
2026-07-01 22:24:35 | INFO     | [pretrai...:__init__          : 313] | ℹ️ PretrainedViT (standard): Trainable params: 42.69M / Total params: 85.80M (49.75%)
2026-07-01 22:24:35 | DEBUG    | [adapter   :get_split_datasets: 205] | 🐞 Validation split for fold created with 168 original samples.
2026-07-01 22:24:35 | DEBUG    | [adapter   :get_split_datasets: 219] | 🐞 Original training set created with 1512 samples. Now checking for relevant offline augmentations...
2026-07-01 22:24:35 | DEBUG    | [adapter   :get_split_datasets: 240] | 🐞 Added 1512 relevant offline augmented samples to current training fold.
2026-07-01 22:24:35 | DEBUG    | [adapter   :get_split_datasets: 252] | 🐞 Total training split for fold created with 3024 samples.
2026-07-01 22:24:35 | DEBUG    | [adapter   :get_iterator      : 373] | 🐞 Creating DataLoader for training: dataset_len=3024, batch_size=16, shuffle=True, drop_last=False, collate_fn_type='function', loader_kwargs={'num_workers': 0, 'pin_memory': False}
2026-07-01 22:24:35 | DEBUG    | [adapter   :get_iterator      : 373] | 🐞 Creating DataLoader for validation/evaluation: dataset_len=168, batch_size=16, shuffle=False, drop_last=False, collate_fn_type='function', loader_kwargs={'num_workers': 0, 'pin_memory': False}
2026-07-01 22:25:03 | INFO     | [callbacks :on_epoch_end      : 131] | ℹ️   epoch    train_acc    train_loss    valid_acc    valid_loss   cp           lr      dur
2026-07-01 22:25:03 | INFO     | [callbacks :on_epoch_end      : 131] | ℹ️ -------  -----------  ------------  -----------  ------------  ----  ----------  -------
2026-07-01 22:25:03 | INFO     | [callbacks :on_epoch_end      : 131] | ℹ️       1     ▲ 0.8062      ▼ 0.5956     ▲ 0.9702      ▼ 0.0764        4.9975e-05  27.6823
2026-07-01 22:25:29 | INFO     | [callbacks :on_epoch_end      : 131] | ℹ️       2     ▲ 0.9087      ▼ 0.3343     ▲ 0.9940      ▼ 0.0223        4.9901e-05  26.0414
2026-07-01 22:25:55 | INFO     | [callbacks :on_epoch_end      : 131] | ℹ️       3       0.8892      ▼ 0.3239     ▲ 0.9940      ▼ 0.0165        4.9778e-05  26.0638
2026-07-01 22:26:21 | INFO     | [callbacks :on_epoch_end      : 131] | ℹ️       4       0.9071      ▼ 0.2850       0.9881        0.0764        4.9606e-05  26.0463
2026-07-01 22:26:47 | INFO     | [callbacks :on_epoch_end      : 131] | ℹ️       5       0.8988        0.2925       0.9821        0.1048        4.9386e-05  25.9384
2026-07-01 22:27:13 | INFO     | [callbacks :on_epoch_end      : 131] | ℹ️       6       0.8945        0.2964       0.9881        0.0258        4.9117e-05  26.0321
2026-07-01 22:27:40 | INFO     | [callbacks :on_epoch_end      : 131] | ℹ️       7       0.8856      ▼ 0.2835       0.9881        0.0176        4.8801e-05  26.2052
2026-07-01 22:28:06 | INFO     | [callbacks :on_epoch_end      : 131] | ℹ️       8     ▲ 0.9203      ▼ 0.2785       0.9881        0.0434        4.8438e-05  26.0543
2026-07-01 22:28:32 | INFO     | [callbacks :on_epoch_end      : 131] | ℹ️       9       0.9153      ▼ 0.2363       0.9881        0.0189        4.8028e-05  26.0058
2026-07-01 22:28:58 | INFO     | [callbacks :on_epoch_end      : 131] | ℹ️      10        0.919        0.2592       0.9881        0.0308        4.7574e-05  26.2347
2026-07-01 22:29:24 | INFO     | [callbacks :on_epoch_end      : 131] | ℹ️      11       0.9097        0.2447       0.9881        0.0772        4.7075e-05  26.2188
2026-07-01 22:29:50 | INFO     | [callbacks :on_epoch_end      : 131] | ℹ️      12       0.9081        0.2519       0.9881        0.0264        4.6532e-05  26.1569
2026-07-01 22:30:16 | INFO     | [callbacks :on_epoch_end      : 131] | ℹ️      13       0.9058        0.2425       0.9881        0.0397        4.5947e-05  26.0836
2026-07-01 22:30:43 | INFO     | [callbacks :on_epoch_end      : 131] | ℹ️      14       0.9196        0.2486       0.9881      ▼ 0.0131        4.5321e-05  26.1362
2026-07-01 22:31:09 | INFO     | [callbacks :on_epoch_end      : 131] | ℹ️      15     ▲ 0.9286      ▼ 0.2130       0.9881        0.0802        4.4655e-05  26.0926
2026-07-01 22:31:35 | INFO     | [callbacks :on_epoch_end      : 131] | ℹ️      16     ▲ 0.9408        0.2281       0.9881        0.0625        4.395e-05  26.7582
2026-07-01 22:32:01 | INFO     | [callbacks :on_epoch_end      : 131] | ℹ️      17       0.9114        0.2455       0.9881        0.0845        4.3208e-05  25.9423
2026-07-01 22:32:27 | INFO     | [callbacks :on_epoch_end      : 131] | ℹ️      18     ▲ 0.9415        0.2314       0.9881        0.0939        4.2431e-05  26.1044
2026-07-01 22:32:54 | INFO     | [callbacks :on_epoch_end      : 131] | ℹ️      19        0.871        0.2695       0.9881        0.0824        4.1619e-05  26.0369
2026-07-01 22:33:20 | INFO     | [callbacks :on_epoch_end      : 131] | ℹ️      20       0.9342        0.2376       0.9881        0.0479        4.0776e-05  26.0123
2026-07-01 22:33:46 | INFO     | [callbacks :on_epoch_end      : 131] | ℹ️      21       0.9193        0.2469       0.9881        0.1068        3.9901e-05  26.0536
2026-07-01 22:34:12 | INFO     | [callbacks :on_epoch_end      : 131] | ℹ️      22       0.9272        0.2365       0.9881        0.0915        3.8997e-05  26.0749
2026-07-01 22:34:38 | INFO     | [callbacks :on_epoch_end      : 131] | ℹ️      23       0.9117        0.2456       0.9881        0.0957        3.8066e-05  26.1115
2026-07-01 22:35:04 | INFO     | [callbacks :on_epoch_end      : 131] | ℹ️      24        0.879        0.2643       0.9881        0.0996        3.711e-05  26.1389
2026-07-01 22:35:30 | INFO     | [callbacks :on_epoch_end      : 131] | ℹ️      25       0.9253        0.2661       0.9881        0.1071        3.613e-05  26.1607
2026-07-01 22:35:56 | INFO     | [callbacks :on_epoch_end      : 131] | ℹ️      26     ▲ 0.9550      ▼ 0.1965       0.9881        0.0207        3.5129e-05  25.8931
2026-07-01 22:36:22 | INFO     | [callbacks :on_epoch_end      : 131] | ℹ️      27        0.911        0.2358       0.9881        0.0686        3.4109e-05  25.978
2026-07-01 22:36:48 | INFO     | [callbacks :on_epoch_end      : 131] | ℹ️      28       0.9372        0.2285       0.9881        0.0994        3.3071e-05  26.1519
2026-07-01 22:37:14 | INFO     | [pipeline  :cv_model_evalua...:1500] | ℹ️ Using best model from epoch 29
2026-07-01 22:37:14 | INFO     | [pipeline  :cv_model_evalua...:1503] | ℹ️ Evaluating model on outer test set for fold 3...
2026-07-01 22:37:14 | DEBUG    | [adapter   :get_iterator      : 373] | 🐞 Creating DataLoader for validation/evaluation: dataset_len=420, batch_size=16, shuffle=False, drop_last=False, collate_fn_type='function', loader_kwargs={'num_workers': 0, 'pin_memory': False}
2026-07-01 22:37:16 | DEBUG    | [adapter   :get_iterator      : 373] | 🐞 Creating DataLoader for validation/evaluation: dataset_len=420, batch_size=16, shuffle=False, drop_last=False, collate_fn_type='function', loader_kwargs={'num_workers': 0, 'pin_memory': False}
2026-07-01 22:37:17 | DEBUG    | [pipeline  :_compute_metrics  : 479] | 🐞 Computed Metrics: Acc=0.9976, Macro F1=0.9976
2026-07-01 22:37:17 | INFO     | [pipeline  :cv_model_evalua...:1522] | ℹ️ Fold 3 Test Scores: Acc=0.9976, F1=0.9976
2026-07-01 22:37:17 | INFO     | [pipeline  :cv_model_evalua...:1451] | ℹ️ --- Starting CV Evaluation Fold 4/5 ---
2026-07-01 22:37:17 | DEBUG    | [pipeline  :cv_model_evalua...:1457] | 🐞 Outer split (full set): 1680 train / 420 test samples.
2026-07-01 22:37:17 | DEBUG    | [pipeline  :cv_model_evalua...:1476] | 🐞 Fold 4: Internal split: ~1512 train / ~168 valid.
2026-07-01 22:37:17 | INFO     | [pipeline  :cv_model_evalua...:1486] | ℹ️ Fitting model for fold 4...
2026-07-01 22:37:17 | DEBUG    | [pretrai...:__init__          :  75] | 🐞 Initializing PretrainedViT:
2026-07-01 22:37:17 | DEBUG    | [pretrai...:__init__          :  76] | 🐞   Model Variant: vit_b_16, Pretrained: True
2026-07-01 22:37:17 | DEBUG    | [pretrai...:__init__          :  77] | 🐞   Is Hybrid Input: False
2026-07-01 22:37:17 | DEBUG    | [pretrai...:__init__          :  80] | 🐞   Unfreeze Strategy (Encoder Blocks): encoder_tail
2026-07-01 22:37:17 | DEBUG    | [pretrai...:__init__          :  82] | 🐞   Num Transformer Blocks to Unfreeze: 6
2026-07-01 22:37:17 | DEBUG    | [pretrai...:__init__          :  83] | 🐞   Unfreeze CLS: True, PosEmb: True, PatchEmb: False, EncoderLN: True
2026-07-01 22:37:17 | DEBUG    | [pretrai...:__init__          :  85] | 🐞   Custom Head Hidden Dims: None, Head Dropout: 0.5
2026-07-01 22:37:17 | DEBUG    | [pretrai...:__init__          : 106] | 🐞 Loaded vit_b_16 from torchvision.
2026-07-01 22:37:17 | DEBUG    | [pretrai...:__init__          : 283] | 🐞 Created simple linear head (dropout: 0.5), in_feat=768.
2026-07-01 22:37:17 | INFO     | [pretrai...:__init__          : 293] | ℹ️ PretrainedViT (standard) - Trainable: CLS Token, Positional Embeddings, 6 Encoder Blocks, Encoder LayerNorm, Classification Head.
2026-07-01 22:37:17 | INFO     | [pretrai...:__init__          : 313] | ℹ️ PretrainedViT (standard): Trainable params: 42.69M / Total params: 85.80M (49.75%)
2026-07-01 22:37:17 | DEBUG    | [adapter   :get_split_datasets: 205] | 🐞 Validation split for fold created with 168 original samples.
2026-07-01 22:37:17 | DEBUG    | [adapter   :get_split_datasets: 219] | 🐞 Original training set created with 1512 samples. Now checking for relevant offline augmentations...
2026-07-01 22:37:17 | DEBUG    | [adapter   :get_split_datasets: 240] | 🐞 Added 1512 relevant offline augmented samples to current training fold.
2026-07-01 22:37:17 | DEBUG    | [adapter   :get_split_datasets: 252] | 🐞 Total training split for fold created with 3024 samples.
2026-07-01 22:37:17 | DEBUG    | [adapter   :get_iterator      : 373] | 🐞 Creating DataLoader for training: dataset_len=3024, batch_size=16, shuffle=True, drop_last=False, collate_fn_type='function', loader_kwargs={'num_workers': 0, 'pin_memory': False}
2026-07-01 22:37:17 | DEBUG    | [adapter   :get_iterator      : 373] | 🐞 Creating DataLoader for validation/evaluation: dataset_len=168, batch_size=16, shuffle=False, drop_last=False, collate_fn_type='function', loader_kwargs={'num_workers': 0, 'pin_memory': False}
2026-07-01 22:37:45 | INFO     | [callbacks :on_epoch_end      : 131] | ℹ️   epoch    train_acc    train_loss    valid_acc    valid_loss   cp           lr      dur
2026-07-01 22:37:45 | INFO     | [callbacks :on_epoch_end      : 131] | ℹ️ -------  -----------  ------------  -----------  ------------  ----  ----------  -------
2026-07-01 22:37:45 | INFO     | [callbacks :on_epoch_end      : 131] | ℹ️       1     ▲ 0.8082      ▼ 0.5506     ▲ 0.9881      ▼ 0.0477        4.9975e-05  27.5936
2026-07-01 22:38:11 | INFO     | [callbacks :on_epoch_end      : 131] | ℹ️       2     ▲ 0.8866      ▼ 0.3984     ▲ 0.9940      ▼ 0.0271        4.9901e-05  25.9265
2026-07-01 22:38:37 | INFO     | [callbacks :on_epoch_end      : 131] | ℹ️       3     ▲ 0.8925      ▼ 0.3092     ▲ 1.0000      ▼ 0.0184        4.9778e-05  25.9515
2026-07-01 22:39:04 | INFO     | [callbacks :on_epoch_end      : 131] | ℹ️       4     ▲ 0.8968      ▼ 0.2910       0.9881         0.035        4.9606e-05  26.6531
2026-07-01 22:39:30 | INFO     | [callbacks :on_epoch_end      : 131] | ℹ️       5       0.8929      ▼ 0.2854       0.9881        0.0221        4.9386e-05  26.1224
2026-07-01 22:39:56 | INFO     | [callbacks :on_epoch_end      : 131] | ℹ️       6     ▲ 0.9282      ▼ 0.2673        0.994         0.026        4.9117e-05  26.1942
2026-07-01 22:40:22 | INFO     | [callbacks :on_epoch_end      : 131] | ℹ️       7       0.9064        0.2761        0.994      ▼ 0.0084        4.8801e-05  26.0248
2026-07-01 22:40:48 | INFO     | [callbacks :on_epoch_end      : 131] | ℹ️       8     ▲ 0.9335      ▼ 0.2117       0.9821        0.0372        4.8438e-05  26.2383
2026-07-01 22:41:15 | INFO     | [callbacks :on_epoch_end      : 131] | ℹ️       9       0.9315        0.2647       0.9881        0.0467        4.8028e-05  26.248
2026-07-01 22:41:41 | INFO     | [callbacks :on_epoch_end      : 131] | ℹ️      10       0.9319        0.2622       0.9524        0.1803        4.7574e-05  26.1296
2026-07-01 22:42:07 | INFO     | [callbacks :on_epoch_end      : 131] | ℹ️      11       0.8849        0.3056        0.994        0.0286        4.7075e-05  26.2461
2026-07-01 22:42:33 | INFO     | [callbacks :on_epoch_end      : 131] | ℹ️      12       0.9011        0.2532        0.994        0.0109        4.6532e-05  26.3216
2026-07-01 22:42:59 | INFO     | [callbacks :on_epoch_end      : 131] | ℹ️      13       0.9256         0.263     ▲ 1.0000      ▼ 0.0054        4.5947e-05  25.9845
2026-07-01 22:43:26 | INFO     | [callbacks :on_epoch_end      : 131] | ℹ️      14     ▲ 0.9444        0.2209     ▲ 1.0000      ▼ 0.0013        4.5321e-05  26.3003
2026-07-01 22:43:52 | INFO     | [callbacks :on_epoch_end      : 131] | ℹ️      15       0.9196        0.2496       0.9881        0.0602        4.4655e-05  26.2646
2026-07-01 22:44:18 | INFO     | [callbacks :on_epoch_end      : 131] | ℹ️      16       0.9282        0.2243       0.9881        0.0409        4.395e-05  26.0842
2026-07-01 22:44:44 | INFO     | [callbacks :on_epoch_end      : 131] | ℹ️      17       0.9177        0.2368        0.994        0.0288        4.3208e-05  26.2112
2026-07-01 22:45:10 | INFO     | [callbacks :on_epoch_end      : 131] | ℹ️      18       0.9342        0.2437       0.9881        0.0332        4.2431e-05  26.1893
2026-07-01 22:45:37 | INFO     | [callbacks :on_epoch_end      : 131] | ℹ️      19       0.9392         0.234     ▲ 1.0000         0.002        4.1619e-05  26.1325
2026-07-01 22:46:03 | INFO     | [callbacks :on_epoch_end      : 131] | ℹ️      20       0.9117        0.2965       0.9881        0.0293        4.0776e-05  26.0732
2026-07-01 22:46:29 | INFO     | [callbacks :on_epoch_end      : 131] | ℹ️      21       0.9319        0.2395       0.9821        0.1325        3.9901e-05  25.9911
2026-07-01 22:46:55 | INFO     | [callbacks :on_epoch_end      : 131] | ℹ️      22     ▲ 0.9458        0.2239       0.9881         0.027        3.8997e-05  26.564
2026-07-01 22:47:21 | INFO     | [callbacks :on_epoch_end      : 131] | ℹ️      23       0.8872        0.2862       0.9821        0.0473        3.8066e-05  26.1579
2026-07-01 22:47:47 | INFO     | [callbacks :on_epoch_end      : 131] | ℹ️      24        0.913        0.2488       0.9881        0.0523        3.711e-05  26.0398
2026-07-01 22:48:14 | INFO     | [callbacks :on_epoch_end      : 131] | ℹ️      25       0.9034        0.2593        0.994        0.0092        3.613e-05  26.0632
2026-07-01 22:48:40 | INFO     | [callbacks :on_epoch_end      : 131] | ℹ️      26       0.9329        0.2191        0.994        0.0162        3.5129e-05  26.2042
2026-07-01 22:49:06 | INFO     | [callbacks :on_epoch_end      : 131] | ℹ️      27       0.9276        0.2308       0.9881        0.0368        3.4109e-05  26.1509
2026-07-01 22:49:32 | INFO     | [callbacks :on_epoch_end      : 131] | ℹ️      28     ▲ 0.9464        0.2399        0.994        0.0174        3.3071e-05  26.0714
2026-07-01 22:49:58 | INFO     | [pipeline  :cv_model_evalua...:1500] | ℹ️ Using best model from epoch 29
2026-07-01 22:49:58 | INFO     | [pipeline  :cv_model_evalua...:1503] | ℹ️ Evaluating model on outer test set for fold 4...
2026-07-01 22:49:58 | DEBUG    | [adapter   :get_iterator      : 373] | 🐞 Creating DataLoader for validation/evaluation: dataset_len=420, batch_size=16, shuffle=False, drop_last=False, collate_fn_type='function', loader_kwargs={'num_workers': 0, 'pin_memory': False}
2026-07-01 22:49:59 | DEBUG    | [adapter   :get_iterator      : 373] | 🐞 Creating DataLoader for validation/evaluation: dataset_len=420, batch_size=16, shuffle=False, drop_last=False, collate_fn_type='function', loader_kwargs={'num_workers': 0, 'pin_memory': False}
2026-07-01 22:50:01 | DEBUG    | [pipeline  :_compute_metrics  : 479] | 🐞 Computed Metrics: Acc=0.9976, Macro F1=0.9976
2026-07-01 22:50:01 | INFO     | [pipeline  :cv_model_evalua...:1522] | ℹ️ Fold 4 Test Scores: Acc=0.9976, F1=0.9976
2026-07-01 22:50:01 | INFO     | [pipeline  :cv_model_evalua...:1451] | ℹ️ --- Starting CV Evaluation Fold 5/5 ---
2026-07-01 22:50:01 | DEBUG    | [pipeline  :cv_model_evalua...:1457] | 🐞 Outer split (full set): 1680 train / 420 test samples.
2026-07-01 22:50:01 | DEBUG    | [pipeline  :cv_model_evalua...:1476] | 🐞 Fold 5: Internal split: ~1512 train / ~168 valid.
2026-07-01 22:50:01 | INFO     | [pipeline  :cv_model_evalua...:1486] | ℹ️ Fitting model for fold 5...
2026-07-01 22:50:01 | DEBUG    | [pretrai...:__init__          :  75] | 🐞 Initializing PretrainedViT:
2026-07-01 22:50:01 | DEBUG    | [pretrai...:__init__          :  76] | 🐞   Model Variant: vit_b_16, Pretrained: True
2026-07-01 22:50:01 | DEBUG    | [pretrai...:__init__          :  77] | 🐞   Is Hybrid Input: False
2026-07-01 22:50:01 | DEBUG    | [pretrai...:__init__          :  80] | 🐞   Unfreeze Strategy (Encoder Blocks): encoder_tail
2026-07-01 22:50:01 | DEBUG    | [pretrai...:__init__          :  82] | 🐞   Num Transformer Blocks to Unfreeze: 6
2026-07-01 22:50:01 | DEBUG    | [pretrai...:__init__          :  83] | 🐞   Unfreeze CLS: True, PosEmb: True, PatchEmb: False, EncoderLN: True
2026-07-01 22:50:01 | DEBUG    | [pretrai...:__init__          :  85] | 🐞   Custom Head Hidden Dims: None, Head Dropout: 0.5
2026-07-01 22:50:01 | DEBUG    | [pretrai...:__init__          : 106] | 🐞 Loaded vit_b_16 from torchvision.
2026-07-01 22:50:01 | DEBUG    | [pretrai...:__init__          : 283] | 🐞 Created simple linear head (dropout: 0.5), in_feat=768.
2026-07-01 22:50:01 | INFO     | [pretrai...:__init__          : 293] | ℹ️ PretrainedViT (standard) - Trainable: CLS Token, Positional Embeddings, 6 Encoder Blocks, Encoder LayerNorm, Classification Head.
2026-07-01 22:50:01 | INFO     | [pretrai...:__init__          : 313] | ℹ️ PretrainedViT (standard): Trainable params: 42.69M / Total params: 85.80M (49.75%)
2026-07-01 22:50:01 | DEBUG    | [adapter   :get_split_datasets: 205] | 🐞 Validation split for fold created with 168 original samples.
2026-07-01 22:50:01 | DEBUG    | [adapter   :get_split_datasets: 219] | 🐞 Original training set created with 1512 samples. Now checking for relevant offline augmentations...
2026-07-01 22:50:01 | DEBUG    | [adapter   :get_split_datasets: 240] | 🐞 Added 1512 relevant offline augmented samples to current training fold.
2026-07-01 22:50:01 | DEBUG    | [adapter   :get_split_datasets: 252] | 🐞 Total training split for fold created with 3024 samples.
2026-07-01 22:50:01 | DEBUG    | [adapter   :get_iterator      : 373] | 🐞 Creating DataLoader for training: dataset_len=3024, batch_size=16, shuffle=True, drop_last=False, collate_fn_type='function', loader_kwargs={'num_workers': 0, 'pin_memory': False}
2026-07-01 22:50:01 | DEBUG    | [adapter   :get_iterator      : 373] | 🐞 Creating DataLoader for validation/evaluation: dataset_len=168, batch_size=16, shuffle=False, drop_last=False, collate_fn_type='function', loader_kwargs={'num_workers': 0, 'pin_memory': False}
2026-07-01 22:50:29 | INFO     | [callbacks :on_epoch_end      : 131] | ℹ️   epoch    train_acc    train_loss    valid_acc    valid_loss   cp           lr      dur
2026-07-01 22:50:29 | INFO     | [callbacks :on_epoch_end      : 131] | ℹ️ -------  -----------  ------------  -----------  ------------  ----  ----------  -------
2026-07-01 22:50:29 | INFO     | [callbacks :on_epoch_end      : 131] | ℹ️       1     ▲ 0.8267      ▼ 0.5683     ▲ 0.9821      ▼ 0.0510        4.9975e-05  27.6648
2026-07-01 22:50:55 | INFO     | [callbacks :on_epoch_end      : 131] | ℹ️       2     ▲ 0.8806      ▼ 0.3844     ▲ 0.9881      ▼ 0.0382        4.9901e-05  26.233
2026-07-01 22:51:21 | INFO     | [callbacks :on_epoch_end      : 131] | ℹ️       3     ▲ 0.8826      ▼ 0.3256       0.9821        0.0531        4.9778e-05  26.2727
2026-07-01 22:51:48 | INFO     | [callbacks :on_epoch_end      : 131] | ℹ️       4     ▲ 0.9187      ▼ 0.3155       0.9821      ▼ 0.0332        4.9606e-05  26.1076
2026-07-01 22:52:14 | INFO     | [callbacks :on_epoch_end      : 131] | ℹ️       5       0.8856      ▼ 0.3120     ▲ 0.9881        0.0388        4.9386e-05  26.2399
2026-07-01 22:52:40 | INFO     | [callbacks :on_epoch_end      : 131] | ℹ️       6       0.9071      ▼ 0.2497     ▲ 1.0000      ▼ 0.0111        4.9117e-05  26.0532
2026-07-01 22:53:06 | INFO     | [callbacks :on_epoch_end      : 131] | ℹ️       7       0.8899        0.3417        0.994        0.0205        4.8801e-05  26.0434
2026-07-01 22:53:32 | INFO     | [callbacks :on_epoch_end      : 131] | ℹ️       8       0.8819        0.2808       0.9881        0.0201        4.8438e-05  26.0132
2026-07-01 22:53:58 | INFO     | [callbacks :on_epoch_end      : 131] | ℹ️       9     ▲ 0.9378      ▼ 0.2155        0.994         0.017        4.8028e-05  26.2317
2026-07-01 22:54:24 | INFO     | [callbacks :on_epoch_end      : 131] | ℹ️      10       0.9216        0.2588       0.9881        0.0247        4.7574e-05  26.2936
2026-07-01 22:54:51 | INFO     | [callbacks :on_epoch_end      : 131] | ℹ️      11        0.914        0.2913       0.9702        0.0941        4.7075e-05  26.78
2026-07-01 22:55:17 | INFO     | [callbacks :on_epoch_end      : 131] | ℹ️      12       0.9048        0.2739       0.9881         0.042        4.6532e-05  26.1882
2026-07-01 22:55:44 | INFO     | [callbacks :on_epoch_end      : 131] | ℹ️      13        0.915        0.2862     ▲ 1.0000      ▼ 0.0023        4.5947e-05  26.3547
2026-07-01 22:56:10 | INFO     | [callbacks :on_epoch_end      : 131] | ℹ️      14       0.9286        0.2483        0.994         0.015        4.5321e-05  25.966
2026-07-01 22:56:36 | INFO     | [callbacks :on_epoch_end      : 131] | ℹ️      15       0.9134        0.2647        0.994        0.0178        4.4655e-05  26.0783
2026-07-01 22:57:02 | INFO     | [callbacks :on_epoch_end      : 131] | ℹ️      16       0.8965        0.2306       0.9881        0.0195        4.395e-05  26.0051
2026-07-01 22:57:28 | INFO     | [callbacks :on_epoch_end      : 131] | ℹ️      17       0.9272        0.2725        0.994        0.0118        4.3208e-05  26.1893
2026-07-01 22:57:54 | INFO     | [callbacks :on_epoch_end      : 131] | ℹ️      18       0.9034        0.2554        0.994        0.0097        4.2431e-05  26.0095
2026-07-01 22:58:20 | INFO     | [callbacks :on_epoch_end      : 131] | ℹ️      19       0.9306        0.2372       0.9821        0.0519        4.1619e-05  26.0492
2026-07-01 22:58:46 | INFO     | [callbacks :on_epoch_end      : 131] | ℹ️      20       0.8938        0.2692       0.9881        0.0487        4.0776e-05  26.035
2026-07-01 22:59:12 | INFO     | [callbacks :on_epoch_end      : 131] | ℹ️      21       0.9342        0.2291       0.9881        0.0375        3.9901e-05  25.8611
2026-07-01 22:59:38 | INFO     | [callbacks :on_epoch_end      : 131] | ℹ️      22       0.8929        0.2393        0.994        0.0108        3.8997e-05  26.1875
2026-07-01 23:00:04 | INFO     | [callbacks :on_epoch_end      : 131] | ℹ️      23       0.9243        0.2458     ▲ 1.0000         0.004        3.8066e-05  26.0775
2026-07-01 23:00:31 | INFO     | [callbacks :on_epoch_end      : 131] | ℹ️      24       0.9229        0.2302       0.9881        0.0395        3.711e-05  26.1872
2026-07-01 23:00:57 | INFO     | [callbacks :on_epoch_end      : 131] | ℹ️      25     ▲ 0.9415      ▼ 0.2047        0.994        0.0149        3.613e-05  26.1956
2026-07-01 23:01:23 | INFO     | [callbacks :on_epoch_end      : 131] | ℹ️      26       0.8915        0.2626        0.994        0.0434        3.5129e-05  26.2038
2026-07-01 23:01:49 | INFO     | [callbacks :on_epoch_end      : 131] | ℹ️      27     ▲ 0.9431        0.2482        0.994        0.0161        3.4109e-05  26.1635
2026-07-01 23:02:15 | INFO     | [pipeline  :cv_model_evalua...:1500] | ℹ️ Using best model from epoch 28
2026-07-01 23:02:15 | INFO     | [pipeline  :cv_model_evalua...:1503] | ℹ️ Evaluating model on outer test set for fold 5...
2026-07-01 23:02:15 | DEBUG    | [adapter   :get_iterator      : 373] | 🐞 Creating DataLoader for validation/evaluation: dataset_len=420, batch_size=16, shuffle=False, drop_last=False, collate_fn_type='function', loader_kwargs={'num_workers': 0, 'pin_memory': False}
2026-07-01 23:02:17 | DEBUG    | [adapter   :get_iterator      : 373] | 🐞 Creating DataLoader for validation/evaluation: dataset_len=420, batch_size=16, shuffle=False, drop_last=False, collate_fn_type='function', loader_kwargs={'num_workers': 0, 'pin_memory': False}
2026-07-01 23:02:18 | DEBUG    | [pipeline  :_compute_metrics  : 479] | 🐞 Computed Metrics: Acc=0.9929, Macro F1=0.9929
2026-07-01 23:02:18 | INFO     | [pipeline  :cv_model_evalua...:1522] | ℹ️ Fold 5 Test Scores: Acc=0.9929, F1=0.9929
2026-07-01 23:02:18 | DEBUG    | [pipeline  :_save_results     : 527] | 🐞 Results detail level overridden for this run to: 2
2026-07-01 23:02:18 | DEBUG    | [pipeline  :_save_results     : 534] | 🐞 Saving results for cv_model_evaluation_full_220213 (detail level: 2)
2026-07-01 23:02:18 | INFO     | [pipeline  :_save_results     : 632] | ℹ️ Results JSON saved via repository to: experiments/Swimcat-extend/pvit/20260701_220213_seed42/cv_model_evaluation_full_220213/cv_model_evaluation_results.json
2026-07-01 23:02:18 | INFO     | [pipeline  :cv_model_evalua...:1632] | ℹ️ Plotting cv for eval results for cv_model_evaluation_full_220213 (plot level 2).
2026-07-01 23:02:18 | INFO     | [plotter   :plot_cv_model_e...: 834] | ℹ️ Plotting cv_model_evaluation results for: cv_model_evaluation_full_220213
2026-07-01 23:02:18 | INFO     | [plotter   :_generate_aggre...: 296] | ℹ️ Aggregated metrics CSV saved via repository to: experiments/Swimcat-extend/pvit/20260701_220213_seed42/cv_model_evaluation_full_220213/cv_model_evaluation_plots/aggregated_metrics_table.csv
2026-07-01 23:02:20 | INFO     | [plotter   :plot_cv_model_e...: 889] | ℹ️ Generating grouped plots per fold for 5 folds...
2026-07-01 23:02:26 | INFO     | [plotter   :_generate_metri...: 241] | ℹ️ Metrics CSV saved via repository to: experiments/Swimcat-extend/pvit/20260701_220213_seed42/cv_model_evaluation_full_220213/cv_model_evaluation_plots/fold_1_metrics_table.csv
2026-07-01 23:02:26 | INFO     | [plotter   :_generate_metri...: 241] | ℹ️ Metrics CSV saved via repository to: experiments/Swimcat-extend/pvit/20260701_220213_seed42/cv_model_evaluation_full_220213/cv_model_evaluation_plots/fold_2_metrics_table.csv
2026-07-01 23:02:26 | INFO     | [plotter   :_generate_metri...: 241] | ℹ️ Metrics CSV saved via repository to: experiments/Swimcat-extend/pvit/20260701_220213_seed42/cv_model_evaluation_full_220213/cv_model_evaluation_plots/fold_3_metrics_table.csv
2026-07-01 23:02:26 | INFO     | [plotter   :_generate_metri...: 241] | ℹ️ Metrics CSV saved via repository to: experiments/Swimcat-extend/pvit/20260701_220213_seed42/cv_model_evaluation_full_220213/cv_model_evaluation_plots/fold_4_metrics_table.csv
2026-07-01 23:02:26 | INFO     | [plotter   :_generate_metri...: 241] | ℹ️ Metrics CSV saved via repository to: experiments/Swimcat-extend/pvit/20260701_220213_seed42/cv_model_evaluation_full_220213/cv_model_evaluation_plots/fold_5_metrics_table.csv
2026-07-01 23:02:26 | INFO     | [plotter   :plot_cv_model_e...:1038] | ℹ️ Finished plotting for cv_model_evaluation: cv_model_evaluation_full_220213
2026-07-01 23:02:26 | INFO     | [pipeline  :cv_model_evalua...:1648] | ℹ️ CV Evaluation Summary (on full data, 5 folds, 95% CI):
2026-07-01 23:02:26 | INFO     | [pipeline  :cv_model_evalua...:1654] | ℹ️   Accuracy            : 0.9924 +/- 0.0099
2026-07-01 23:02:26 | INFO     | [pipeline  :cv_model_evalua...:1654] | ℹ️   F1 Macro            : 0.9924 +/- 0.0099
2026-07-01 23:02:26 | INFO     | [pipeline  :cv_model_evalua...:1654] | ℹ️   Precision Macro     : 0.9925 +/- 0.0096
2026-07-01 23:02:26 | INFO     | [pipeline  :cv_model_evalua...:1654] | ℹ️   Recall Macro        : 0.9924 +/- 0.0099
2026-07-01 23:02:26 | INFO     | [pipeline  :cv_model_evalua...:1654] | ℹ️   Specificity Macro   : 0.9985 +/- 0.0020
2026-07-01 23:02:26 | INFO     | [pipeline  :cv_model_evalua...:1654] | ℹ️   Roc Auc Macro       : 0.9999 +/- 0.0002
2026-07-01 23:02:26 | INFO     | [pipeline  :cv_model_evalua...:1654] | ℹ️   Pr Auc Macro        : 0.9936 +/- 0.0006
2026-07-01 23:02:26 | INFO     | [executor  :run               : 298] | ℹ️ --- Method cv_model_evaluation (Op ID: cv_model_evaluation_0) completed successfully in 3612.77s ---
2026-07-01 23:02:26 | INFO     | [executor  :run               : 355] | ℹ️ Pipeline execution finished successfully in 3612.77s for Executor Run ID: 20260701_220213_seed42.
2026-07-01 23:02:26 | INFO     | [executor  :run               : 361] | ℹ️ Executor run for 20260701_220213_seed42 attempting final log operations.
2026-07-01 23:02:26 | DEBUG    | [executor  :_upload_and_cle...: 207] | 🐞 Flushing and closing log handler for: C:\Users\Stefan Alexandrescu\Documents\GitHub\UBB-Y3-AI-Research\model_src\experiments\Swimcat-extend\pvit\20260701_220213_seed42\executor_run_20260701_220213_seed42.log before upload/cleanup.
2026-07-01 23:02:26 | INFO     | [executor  :_upload_and_cle...: 233] | ℹ️ Main executor log file available at: C:\Users\Stefan Alexandrescu\Documents\GitHub\UBB-Y3-AI-Research\model_src\experiments\Swimcat-extend\pvit\20260701_220213_seed42\executor_run_20260701_220213_seed42.log
2026-07-01 23:02:26 | INFO     | [main      :<module>          : 346] | ℹ️ --- Final Execution Results Summary ---
2026-07-01 23:02:26 | INFO     | [main      :<module>          : 357] | ℹ️ Method executor_run_id: Completed. Result: 20260701_220213_seed42
2026-07-01 23:02:26 | INFO     | [main      :<module>          : 357] | ℹ️ Method seed_used: Completed. Result: 42
2026-07-01 23:02:26 | INFO     | [main      :<module>          : 354] | ℹ️ Method cv_model_evaluation_0: Completed. (Acc: 0.9924, F1: 0.9924, BestScore: nan)
